#
# A fatal error has been detected by the Java Runtime Environment:
#
#  EXCEPTION_ACCESS_VIOLATION (0xc0000005) at pc=0x00007ffe6fd4e02d, pid=56264, tid=57696
#
# JRE version: Java(TM) SE Runtime Environment (25.0+37) (build 25+37-LTS-3491)
# Java VM: Java HotSpot(TM) 64-Bit Server VM (25+37-LTS-3491, mixed mode, sharing, tiered, compressed oops, compressed class ptrs, g1 gc, windows-amd64)
# Problematic frame:
# C  [ntdll.dll+0xe02d]
#
# No core dump will be written. Minidumps are not enabled by default on client versions of Windows
#
# If you would like to submit a bug report, please visit:
#   https://bugreport.java.com/bugreport/crash.jsp
# The crash happened outside the Java Virtual Machine in native code.
# See problematic frame for where to report the bug.
#

---------------  S U M M A R Y ------------

Command Line: netbeans_sample\dist\FDxSDKPro.jar

Host: 12th Gen Intel(R) Core(TM) i5-1235U, 12 cores, 7G,  Windows 11 , 64 bit Build 26100 (10.0.26100.7623)
Time: Tue Jan 27 14:39:04 2026 Hora estándar de Cuba elapsed time: 12.437731 seconds (0d 0h 0m 12s)

---------------  T H R E A D  ---------------

Current thread (0x000001d14f1206e0):  JavaThread "SwingWorker-pool-2-thread-2" daemon [_thread_in_native, id=57696, stack(0x00000063ee400000,0x00000063ee500000) (1024K)]

Stack: [0x00000063ee400000,0x00000063ee500000],  sp=0x00000063ee4fdce0,  free space=1015k
Native frames: (J=compiled Java code, j=interpreted, Vv=VM code, C=native code)
C  [ntdll.dll+0xe02d]  (no source info available)
C  [ntdll.dll+0x1222f]  (no source info available)
C  [ntdll.dll+0x165c3e]  (no source info available)
C  0x000001d152099a4a  (no source info available)

Java frames: (J=compiled Java code, j=interpreted, Vv=VM code)
j  SecuGen.FDxSDKPro.jni.JSGFPLib.GetImageEx([BJJJ)J+0
j  SecuGen.FDxSDKPro.samples.JSGD.performCaptureAndVerification()V+76
j  SecuGen.FDxSDKPro.samples.JSGD.access$2500(LSecuGen/FDxSDKPro/samples/JSGD;)V+1
j  SecuGen.FDxSDKPro.samples.JSGD$14.doInBackground()Ljava/lang/Void;+14
j  SecuGen.FDxSDKPro.samples.JSGD$14.doInBackground()Ljava/lang/Object;+1
j  javax.swing.SwingWorker$1.call()Ljava/lang/Object;+14 java.desktop@25
j  java.util.concurrent.FutureTask.run()V+39 java.base@25
j  javax.swing.SwingWorker.run()V+4 java.desktop@25
j  java.util.concurrent.ThreadPoolExecutor.runWorker(Ljava/util/concurrent/ThreadPoolExecutor$Worker;)V+92 java.base@25
j  java.util.concurrent.ThreadPoolExecutor$Worker.run()V+5 java.base@25
j  java.lang.Thread.runWith(Ljava/lang/Object;Ljava/lang/Runnable;)V+5 java.base@25
j  java.lang.Thread.run()V+19 java.base@25
v  ~StubRoutines::call_stub 0x000001d13dc512ed

siginfo: EXCEPTION_ACCESS_VIOLATION (0xc0000005), reading address 0x000001d15213e794


Registers:
RAX=0x00000000000011e5, RBX=0x0000000000009a4a, RCX=0x00000000000047a0, RDX=0x0000000000002fc0
RSP=0x00000063ee4fdce0, RBP=0x00000063ee4fe290, RSI=0x00000063ee4fe2b8, RDI=0x00000063ee4fe350
R8 =0x000001d15213a000, R9 =0x0000000000000003, R10=0x00000000000005f8, R11=0x00000063ee4fdcb0
R12=0x000001d152099a4a, R13=0x000001d14bb17e40, R14=0x00000063ee4fdd90, R15=0x00000063ee4fe480
RIP=0x00007ffe6fd4e02d, EFLAGS=0x0000000000010202

XMM[0]=0x000001d152090000 0x000001d15213a000
XMM[1]=0x0000000000000000 0x000047a0000b3000
XMM[2]=0x3b656d614e726562 0x6d654d2f656b6f76
XMM[3]=0x656c626973695665 0x6d69746e75521900
XMM[4]=0x612f6d762f6c616e 0x7265746e692f6b64
XMM[5]=0x78302b484d246d72 0x6f466164626d614c
XMM[6]=0x0000000000000000 0x0000000000000000
XMM[7]=0x0000000000000000 0x0000000000000000
XMM[8]=0x0000000000000000 0x0000000000000000
XMM[9]=0x0000000000000000 0x0000000000000000
XMM[10]=0x0000000000000000 0x0000000000000000
XMM[11]=0x0000000000000000 0x0000000000000000
XMM[12]=0x0000000000000000 0x0000000000000000
XMM[13]=0x0000000000000000 0x0000000000000000
XMM[14]=0x0000000000000000 0x0000000000000000
XMM[15]=0x0000000000000000 0x0000000000000000
  MXCSR=0x00001fa0


Register to memory mapping:

RAX=0x00000000000011e5 is an unknown value
RBX=0x0000000000009a4a is an unknown value
RCX=0x00000000000047a0 is an unknown value
RDX=0x0000000000002fc0 is an unknown value
RSP=0x00000063ee4fdce0 is pointing into the stack for thread: 0x000001d14f1206e0
RBP=0x00000063ee4fe290 is pointing into the stack for thread: 0x000001d14f1206e0
RSI=0x00000063ee4fe2b8 is pointing into the stack for thread: 0x000001d14f1206e0
RDI=0x00000063ee4fe350 is pointing into the stack for thread: 0x000001d14f1206e0
R8 =0x000001d15213a000 is an unknown value
R9 =0x0000000000000003 is an unknown value
R10=0x00000000000005f8 is an unknown value
R11=0x00000063ee4fdcb0 is pointing into the stack for thread: 0x000001d14f1206e0
R12=0x000001d152099a4a is an unknown value
R13={method} {0x000001d14bb17e48} 'GetImageEx' '([BJJJ)J' in 'SecuGen/FDxSDKPro/jni/JSGFPLib'
R14=0x00000063ee4fdd90 is pointing into the stack for thread: 0x000001d14f1206e0
R15=0x00000063ee4fe480 is pointing into the stack for thread: 0x000001d14f1206e0

Top of Stack: (sp=0x00000063ee4fdce0)
0x00000063ee4fdce0:   000001d152099a4a 00000000395061a0   J..R.....aP9....
0x00000063ee4fdcf0:   000001d12bb24240 00000063ee4fe290   @B.+......O.c...
0x00000063ee4fdd00:   000001d15213a000 000001d152090000   ...R.......R....
0x00000063ee4fdd10:   000047a0000b3000 0000000000000000   .0...G..........
0x00000063ee4fdd20:   0000000000000000 00007ffe6fd5222f   ......../".o....
0x00000063ee4fdd30:   000001d12bb24240 00000063ee4fe970   @B.+....p.O.c...
0x00000063ee4fdd40:   00000063ee4fe970 0000000000000000   p.O.c...........
0x00000063ee4fdd50:   0000000000000000 00007ffdb04ba0e3   ..........K.....
0x00000063ee4fdd60:   000001d14ffdc430 000001d14ffdc430   0..O....0..O....
0x00000063ee4fdd70:   000001d14f1206e0 00000063ee4fdff8   ...O......O.c...
0x00000063ee4fdd80:   0000000000000000 000001d14f1206e0   ...........O....
0x00000063ee4fdd90:   000000084ffdc450 000001d14bd01228   P..O....(..K....
0x00000063ee4fdda0:   000001d14f1206e0 000001d14bd01228   ...O....(..K....
0x00000063ee4fddb0:   000001d14f1206e0 00000063ee4fdde0   ...O......O.c...
0x00000063ee4fddc0:   00001fa00010000f 0000000000000033   ........3.......
0x00000063ee4fddd0:   00010206002b0000 00000063ee4f0000   ..+.......O.c...
0x00000063ee4fdde0:   000001d14f1206e0 000001d14bd01228   ...O....(..K....
0x00000063ee4fddf0:   0000000000000000 000001d14f1206e0   ...........O....
0x00000063ee4fde00:   00000000ccb40837 000001d14bd01228   7.......(..K....
0x00000063ee4fde10:   0000000000000000 000001d14f1206e0   ...........O....
0x00000063ee4fde20:   000001d1522b0f40 00000063ee4feba0   @.+R......O.c...
0x00000063ee4fde30:   000001d1523c0080 00000000000003e8   ..<R............
0x00000063ee4fde40:   000001d1522b0f40 00007ffdb01e449e   @.+R.....D......
0x00000063ee4fde50:   0000000000000000 000001d14ffdc450   ........P..O....
0x00000063ee4fde60:   000001d14fb01f00 000001d1523c0080   ...O......<R....
0x00000063ee4fde70:   000001d14bb17e40 00000063ee4fee68   @~.K....h.O.c...
0x00000063ee4fde80:   000001d14f1206e0 000001d152099a4a   ...O....J..R....
0x00000063ee4fde90:   000000000000027f 0000000000000000   ................
0x00000063ee4fdea0:   0000000000000000 0000ffff00001fa0   ................
0x00000063ee4fdeb0:   0000000000000000 0000000000000000   ................
0x00000063ee4fdec0:   0000000000000000 0000000000000000   ................
0x00000063ee4fded0:   0000000000000000 0000000000000000   ................

Instructions: (pc=0x00007ffe6fd4e02d)
  0x00007ffe6fd4df2d:   30 49 8b d8 0f 11 44 24 20 48 3b ca 73 29 48 8d
  0x00007ffe6fd4df3d:   54 24 20 e8 2b 16 00 00 48 85 c0 74 0e 48 8b 4c
  0x00007ffe6fd4df4d:   24 28 48 89 0f 8b 4c 24 34 89 0b 48 8b 5c 24 50
  0x00007ffe6fd4df5d:   48 83 c4 40 5f c3 cc 8b 05 d6 84 1d 00 48 03 c2
  0x00007ffe6fd4df6d:   48 3b c8 73 c9 0f 28 0d b7 84 1d 00 f2 0f 10 05
  0x00007ffe6fd4df7d:   bf 84 1d 00 66 48 0f 7e c8 0f 11 4c 24 20 f2 0f
  0x00007ffe6fd4df8d:   11 44 24 30 eb b2 cc cc cc cc cc cc cc cc cc cc
  0x00007ffe6fd4df9d:   cc cc cc 48 89 5c 24 18 48 89 74 24 20 57 48 83
  0x00007ffe6fd4dfad:   ec 40 49 8b f8 48 8b f2 48 8b d9 4d 85 c0 0f 85
  0x00007ffe6fd4dfbd:   1e 01 00 00 48 8b 0d 70 84 1d 00 33 c0 48 89 44
  0x00007ffe6fd4dfcd:   24 30 0f 57 c0 0f 11 44 24 20 48 3b d9 0f 83 7f
  0x00007ffe6fd4dfdd:   01 00 00 48 8d 54 24 20 48 8b cb e8 83 15 00 00
  0x00007ffe6fd4dfed:   4c 8b c0 4d 85 c0 0f 84 fa 02 00 00 48 8b 4c 24
  0x00007ffe6fd4dffd:   28 48 b8 ab aa aa aa aa aa aa aa 48 89 0e 8b 4c
  0x00007ffe6fd4e00d:   24 34 48 f7 e1 4c 8b d2 49 c1 ea 03 45 85 d2 0f
  0x00007ffe6fd4e01d:   84 ca 02 00 00 48 2b 1e 41 8d 42 ff 48 8d 04 40
=>0x00007ffe6fd4e02d:   41 8b 14 80 4d 8d 0c 80 33 c0 48 3b da 73 55 45
  0x00007ffe6fd4e03d:   8d 5a fe 4c 89 74 24 58 44 8b f0 45 85 db 78 3f
  0x00007ffe6fd4e04d:   48 89 6c 24 50 47 8d 14 1e 41 d1 fa 49 63 ca 48
  0x00007ffe6fd4e05d:   8d 14 49 41 8b 2c 90 4d 8d 0c 90 48 3b dd 0f 82
  0x00007ffe6fd4e06d:   e5 00 00 00 41 8b 49 0c 8b d5 48 3b d9 72 0b 45
  0x00007ffe6fd4e07d:   8d 72 01 8b d5 45 3b de 7d cb 48 8b 6c 24 50 4c
  0x00007ffe6fd4e08d:   8b 74 24 58 8b ca 48 3b d9 72 0c 41 8b 49 04 48
  0x00007ffe6fd4e09d:   3b d9 73 03 49 8b c1 48 85 c0 74 09 48 85 ff 0f
  0x00007ffe6fd4e0ad:   85 1e 01 00 00 48 8b c8 48 85 c0 74 11 8b 50 08
  0x00007ffe6fd4e0bd:   f6 c2 01 74 09 48 8b 0e 48 ff c9 48 03 ca 48 8b
  0x00007ffe6fd4e0cd:   c1 48 8b 5c 24 60 48 8b 74 24 68 48 83 c4 40 5f
  0x00007ffe6fd4e0dd:   c3 cc 41 80 78 07 00 4c 8d 15 55 82 1d 00 0f 85
  0x00007ffe6fd4e0ed:   a8 01 00 00 41 80 78 06 00 0f 84 c5 fe ff ff 48
  0x00007ffe6fd4e0fd:   3b 1d 45 82 1d 00 0f 83 26 01 00 00 48 3b 5f 08
  0x00007ffe6fd4e10d:   0f 82 ae fe ff ff 48 3b 5f 10 0f 83 a4 fe ff ff
  0x00007ffe6fd4e11d:   44 0f b6 57 04 44 8b 0f 41 8b d2 41 3b d1 0f 83


Stack slot to memory mapping:

stack at sp + 0 slots: 0x000001d152099a4a is an unknown value
stack at sp + 1 slots: 0x00000000395061a0 is pointing into metadata
stack at sp + 2 slots: 0x000001d12bb24240 points into unknown readable memory: 0x0000000000000000 | 00 00 00 00 00 00 00 00
stack at sp + 3 slots: 0x00000063ee4fe290 is pointing into the stack for thread: 0x000001d14f1206e0
stack at sp + 4 slots: 0x000001d15213a000 is an unknown value
stack at sp + 5 slots: 0x000001d152090000 is an unknown value
stack at sp + 6 slots: 0x000047a0000b3000 is an unknown value
stack at sp + 7 slots: 0x0 is null

Lock stack of current Java thread (top to bottom):


---------------  P R O C E S S  ---------------

Threads class SMR info:
_java_thread_list=0x000001d14fd44730, length=18, elements={
0x000001d14af46c80, 0x000001d14af47440, 0x000001d14af4ace0, 0x000001d14af4e6f0,
0x000001d14af6eff0, 0x000001d14af7a6e0, 0x000001d14af8a380, 0x000001d14af8efb0,
0x000001d14af7c620, 0x000001d14af7e560, 0x000001d14af7aeb0, 0x000001d14af7f500,
0x000001d14af804a0, 0x000001d14f11d030, 0x000001d14f11b0f0, 0x000001d14f11f740,
0x000001d14f11c860, 0x000001d14f1206e0
}

Java Threads: ( => current thread )
  0x000001d14af46c80 JavaThread "Reference Handler"          daemon [_thread_blocked, id=57928, stack(0x00000063ed600000,0x00000063ed700000) (1024K)]
  0x000001d14af47440 JavaThread "Finalizer"                  daemon [_thread_blocked, id=58400, stack(0x00000063ed700000,0x00000063ed800000) (1024K)]
  0x000001d14af4ace0 JavaThread "Signal Dispatcher"          daemon [_thread_blocked, id=46164, stack(0x00000063ed800000,0x00000063ed900000) (1024K)]
  0x000001d14af4e6f0 JavaThread "Attach Listener"            daemon [_thread_blocked, id=53312, stack(0x00000063ed900000,0x00000063eda00000) (1024K)]
  0x000001d14af6eff0 JavaThread "Service Thread"             daemon [_thread_blocked, id=59028, stack(0x00000063eda00000,0x00000063edb00000) (1024K)]
  0x000001d14af7a6e0 JavaThread "Monitor Deflation Thread"   daemon [_thread_blocked, id=41008, stack(0x00000063edb00000,0x00000063edc00000) (1024K)]
  0x000001d14af8a380 JavaThread "C2 CompilerThread0"         daemon [_thread_blocked, id=58076, stack(0x00000063edc00000,0x00000063edd00000) (1024K)]
  0x000001d14af8efb0 JavaThread "C1 CompilerThread0"         daemon [_thread_blocked, id=54864, stack(0x00000063edd00000,0x00000063ede00000) (1024K)]
  0x000001d14af7c620 JavaThread "Notification Thread"        daemon [_thread_blocked, id=53800, stack(0x00000063ede00000,0x00000063edf00000) (1024K)]
  0x000001d14af7e560 JavaThread "Common-Cleaner"             daemon [_thread_blocked, id=46244, stack(0x00000063edf00000,0x00000063ee000000) (1024K)]
  0x000001d14af7aeb0 JavaThread "Java2D Disposer"            daemon [_thread_blocked, id=6124, stack(0x00000063ee000000,0x00000063ee100000) (1024K)]
  0x000001d14af7f500 JavaThread "AWT-Shutdown"                      [_thread_blocked, id=55800, stack(0x00000063ee100000,0x00000063ee200000) (1024K)]
  0x000001d14af804a0 JavaThread "AWT-Windows"                daemon [_thread_in_native, id=52488, stack(0x00000063ee200000,0x00000063ee300000) (1024K)]
  0x000001d14f11d030 JavaThread "AWT-EventQueue-0"                  [_thread_blocked, id=11864, stack(0x00000063ee300000,0x00000063ee400000) (1024K)]
  0x000001d14f11b0f0 JavaThread "DestroyJavaVM"                     [_thread_blocked, id=56244, stack(0x00000063ece00000,0x00000063ecf00000) (1024K)]
  0x000001d14f11f740 JavaThread "TimerQueue"                 daemon [_thread_blocked, id=54928, stack(0x00000063ee800000,0x00000063ee900000) (1024K)]
  0x000001d14f11c860 JavaThread "SwingWorker-pool-2-thread-1" daemon [_thread_blocked, id=53176, stack(0x00000063ee900000,0x00000063eea00000) (1024K)]
=>0x000001d14f1206e0 JavaThread "SwingWorker-pool-2-thread-2" daemon [_thread_in_native, id=57696, stack(0x00000063ee400000,0x00000063ee500000) (1024K)]
Total: 18

Other Threads:
  0x000001d14af31a90 VMThread "VM Thread"                           [id=2180, stack(0x00000063ed500000,0x00000063ed600000) (1024K)]
  0x000001d14af20560 WatcherThread "VM Periodic Task Thread"        [id=54568, stack(0x00000063ed400000,0x00000063ed500000) (1024K)]
  0x000001d12def3270 WorkerThread "GC Thread#0"                     [id=33696, stack(0x00000063ecf00000,0x00000063ed000000) (1024K)]
  0x000001d12df0b680 ConcurrentGCThread "G1 Main Marker"            [id=55916, stack(0x00000063ed000000,0x00000063ed100000) (1024K)]
  0x000001d12df0ef20 WorkerThread "G1 Conc#0"                       [id=61336, stack(0x00000063ed100000,0x00000063ed200000) (1024K)]
  0x000001d14adeb500 ConcurrentGCThread "G1 Refine#0"               [id=28884, stack(0x00000063ed200000,0x00000063ed300000) (1024K)]
  0x000001d14adebdc0 ConcurrentGCThread "G1 Service"                [id=56788, stack(0x00000063ed300000,0x00000063ed400000) (1024K)]
Total: 7

Threads with active compile tasks:
Total: 0

VM state: not at safepoint (normal execution)

VM Mutex/Monitor currently owned by a thread: None

Heap address: 0x0000000084400000, size: 1980 MB, Compressed Oops mode: 32-bit

CDS archive(s) mapped at: [0x0000000039000000-0x0000000039dd0000-0x0000000039dd0000), size 14483456, SharedBaseAddress: 0x0000000039000000, ArchiveRelocationMode: 1.
Compressed class space mapped at: 0x000000003a000000-0x000000007a000000, reserved size: 1073741824
UseCompressedClassPointers 1, UseCompactObjectHeaders 0
Narrow klass pointer bits 32, Max shift 3
Narrow klass base: 0x0000000039000000, Narrow klass shift: 0
Encoding Range: [0x0000000039000000 - 0x0000000139000000), (4294967296 bytes)
Klass Range:    [0x0000000039010000 - 0x000000007a000000), (1090453504 bytes)
Klass ID Range:  [65536 - 1090519033) (1090453497)
Protection zone: [0x0000000039000000 - 0x0000000039010000), (65536 bytes)

GC Precious Log:
 CardTable entry size: 512
 Card Set container configuration: InlinePtr #cards 5 size 8 Array Of Cards #cards 10 size 36 Howl #buckets 4 coarsen threshold 1843 Howl Bitmap #cards 512 size 80 coarsen threshold 460 Card regions per heap region 1 cards per card region 2048
 CPUs: 12 total, 12 available
 Memory: 7916M
 Large Page Support: Disabled
 NUMA Support: Disabled
 Compressed Oops: Enabled (32-bit)
 Heap Region Size: 1M
 Heap Min Capacity: 8M
 Heap Initial Capacity: 124M
 Heap Max Capacity: 1980M
 Pre-touch: Disabled
 Parallel Workers: 10
 Concurrent Workers: 3
 Concurrent Refinement Workers: 10
 Periodic GC: Disabled

Heap:
 garbage-first heap   total reserved 2027520K, committed 129024K, used 25749K [0x0000000084400000, 0x0000000100000000)
  region size 1024K, 23 young (23552K), 0 survivors (0K)

Heap Regions: E=young(eden), S=young(survivor), O=old, HS=humongous(starts), HC=humongous(continues), CS=collection set, F=free, TAMS=top-at-mark-start, PB=parsable bottom
|   0|0x0000000084400000, 0x0000000084500000, 0x0000000084500000|100%|HS|  |TAMS 0x0000000084400000| PB 0x0000000084400000| Complete |  0
|   1|0x0000000084500000, 0x0000000084600000, 0x0000000084600000|100%|HC|  |TAMS 0x0000000084500000| PB 0x0000000084500000| Complete |  0
|   2|0x0000000084600000, 0x0000000084600000, 0x0000000084700000|  0%| F|  |TAMS 0x0000000084600000| PB 0x0000000084600000| Untracked |  0
|   3|0x0000000084700000, 0x0000000084700000, 0x0000000084800000|  0%| F|  |TAMS 0x0000000084700000| PB 0x0000000084700000| Untracked |  0
|   4|0x0000000084800000, 0x0000000084800000, 0x0000000084900000|  0%| F|  |TAMS 0x0000000084800000| PB 0x0000000084800000| Untracked |  0
|   5|0x0000000084900000, 0x0000000084900000, 0x0000000084a00000|  0%| F|  |TAMS 0x0000000084900000| PB 0x0000000084900000| Untracked |  0
|   6|0x0000000084a00000, 0x0000000084a00000, 0x0000000084b00000|  0%| F|  |TAMS 0x0000000084a00000| PB 0x0000000084a00000| Untracked |  0
|   7|0x0000000084b00000, 0x0000000084b00000, 0x0000000084c00000|  0%| F|  |TAMS 0x0000000084b00000| PB 0x0000000084b00000| Untracked |  0
|   8|0x0000000084c00000, 0x0000000084c00000, 0x0000000084d00000|  0%| F|  |TAMS 0x0000000084c00000| PB 0x0000000084c00000| Untracked |  0
|   9|0x0000000084d00000, 0x0000000084d00000, 0x0000000084e00000|  0%| F|  |TAMS 0x0000000084d00000| PB 0x0000000084d00000| Untracked |  0
|  10|0x0000000084e00000, 0x0000000084e00000, 0x0000000084f00000|  0%| F|  |TAMS 0x0000000084e00000| PB 0x0000000084e00000| Untracked |  0
|  11|0x0000000084f00000, 0x0000000084f00000, 0x0000000085000000|  0%| F|  |TAMS 0x0000000084f00000| PB 0x0000000084f00000| Untracked |  0
|  12|0x0000000085000000, 0x0000000085000000, 0x0000000085100000|  0%| F|  |TAMS 0x0000000085000000| PB 0x0000000085000000| Untracked |  0
|  13|0x0000000085100000, 0x0000000085100000, 0x0000000085200000|  0%| F|  |TAMS 0x0000000085100000| PB 0x0000000085100000| Untracked |  0
|  14|0x0000000085200000, 0x0000000085200000, 0x0000000085300000|  0%| F|  |TAMS 0x0000000085200000| PB 0x0000000085200000| Untracked |  0
|  15|0x0000000085300000, 0x0000000085300000, 0x0000000085400000|  0%| F|  |TAMS 0x0000000085300000| PB 0x0000000085300000| Untracked |  0
|  16|0x0000000085400000, 0x0000000085400000, 0x0000000085500000|  0%| F|  |TAMS 0x0000000085400000| PB 0x0000000085400000| Untracked |  0
|  17|0x0000000085500000, 0x0000000085500000, 0x0000000085600000|  0%| F|  |TAMS 0x0000000085500000| PB 0x0000000085500000| Untracked |  0
|  18|0x0000000085600000, 0x0000000085600000, 0x0000000085700000|  0%| F|  |TAMS 0x0000000085600000| PB 0x0000000085600000| Untracked |  0
|  19|0x0000000085700000, 0x0000000085700000, 0x0000000085800000|  0%| F|  |TAMS 0x0000000085700000| PB 0x0000000085700000| Untracked |  0
|  20|0x0000000085800000, 0x0000000085800000, 0x0000000085900000|  0%| F|  |TAMS 0x0000000085800000| PB 0x0000000085800000| Untracked |  0
|  21|0x0000000085900000, 0x0000000085900000, 0x0000000085a00000|  0%| F|  |TAMS 0x0000000085900000| PB 0x0000000085900000| Untracked |  0
|  22|0x0000000085a00000, 0x0000000085a00000, 0x0000000085b00000|  0%| F|  |TAMS 0x0000000085a00000| PB 0x0000000085a00000| Untracked |  0
|  23|0x0000000085b00000, 0x0000000085b00000, 0x0000000085c00000|  0%| F|  |TAMS 0x0000000085b00000| PB 0x0000000085b00000| Untracked |  0
|  24|0x0000000085c00000, 0x0000000085c00000, 0x0000000085d00000|  0%| F|  |TAMS 0x0000000085c00000| PB 0x0000000085c00000| Untracked |  0
|  25|0x0000000085d00000, 0x0000000085d00000, 0x0000000085e00000|  0%| F|  |TAMS 0x0000000085d00000| PB 0x0000000085d00000| Untracked |  0
|  26|0x0000000085e00000, 0x0000000085e00000, 0x0000000085f00000|  0%| F|  |TAMS 0x0000000085e00000| PB 0x0000000085e00000| Untracked |  0
|  27|0x0000000085f00000, 0x0000000085f00000, 0x0000000086000000|  0%| F|  |TAMS 0x0000000085f00000| PB 0x0000000085f00000| Untracked |  0
|  28|0x0000000086000000, 0x0000000086000000, 0x0000000086100000|  0%| F|  |TAMS 0x0000000086000000| PB 0x0000000086000000| Untracked |  0
|  29|0x0000000086100000, 0x0000000086100000, 0x0000000086200000|  0%| F|  |TAMS 0x0000000086100000| PB 0x0000000086100000| Untracked |  0
|  30|0x0000000086200000, 0x0000000086200000, 0x0000000086300000|  0%| F|  |TAMS 0x0000000086200000| PB 0x0000000086200000| Untracked |  0
|  31|0x0000000086300000, 0x0000000086300000, 0x0000000086400000|  0%| F|  |TAMS 0x0000000086300000| PB 0x0000000086300000| Untracked |  0
|  32|0x0000000086400000, 0x0000000086400000, 0x0000000086500000|  0%| F|  |TAMS 0x0000000086400000| PB 0x0000000086400000| Untracked |  0
|  33|0x0000000086500000, 0x0000000086500000, 0x0000000086600000|  0%| F|  |TAMS 0x0000000086500000| PB 0x0000000086500000| Untracked |  0
|  34|0x0000000086600000, 0x0000000086600000, 0x0000000086700000|  0%| F|  |TAMS 0x0000000086600000| PB 0x0000000086600000| Untracked |  0
|  35|0x0000000086700000, 0x0000000086700000, 0x0000000086800000|  0%| F|  |TAMS 0x0000000086700000| PB 0x0000000086700000| Untracked |  0
|  36|0x0000000086800000, 0x0000000086800000, 0x0000000086900000|  0%| F|  |TAMS 0x0000000086800000| PB 0x0000000086800000| Untracked |  0
|  37|0x0000000086900000, 0x0000000086900000, 0x0000000086a00000|  0%| F|  |TAMS 0x0000000086900000| PB 0x0000000086900000| Untracked |  0
|  38|0x0000000086a00000, 0x0000000086a00000, 0x0000000086b00000|  0%| F|  |TAMS 0x0000000086a00000| PB 0x0000000086a00000| Untracked |  0
|  39|0x0000000086b00000, 0x0000000086b00000, 0x0000000086c00000|  0%| F|  |TAMS 0x0000000086b00000| PB 0x0000000086b00000| Untracked |  0
|  40|0x0000000086c00000, 0x0000000086c00000, 0x0000000086d00000|  0%| F|  |TAMS 0x0000000086c00000| PB 0x0000000086c00000| Untracked |  0
|  41|0x0000000086d00000, 0x0000000086d00000, 0x0000000086e00000|  0%| F|  |TAMS 0x0000000086d00000| PB 0x0000000086d00000| Untracked |  0
|  42|0x0000000086e00000, 0x0000000086e00000, 0x0000000086f00000|  0%| F|  |TAMS 0x0000000086e00000| PB 0x0000000086e00000| Untracked |  0
|  43|0x0000000086f00000, 0x0000000086f00000, 0x0000000087000000|  0%| F|  |TAMS 0x0000000086f00000| PB 0x0000000086f00000| Untracked |  0
|  44|0x0000000087000000, 0x0000000087000000, 0x0000000087100000|  0%| F|  |TAMS 0x0000000087000000| PB 0x0000000087000000| Untracked |  0
|  45|0x0000000087100000, 0x0000000087100000, 0x0000000087200000|  0%| F|  |TAMS 0x0000000087100000| PB 0x0000000087100000| Untracked |  0
|  46|0x0000000087200000, 0x0000000087200000, 0x0000000087300000|  0%| F|  |TAMS 0x0000000087200000| PB 0x0000000087200000| Untracked |  0
|  47|0x0000000087300000, 0x0000000087300000, 0x0000000087400000|  0%| F|  |TAMS 0x0000000087300000| PB 0x0000000087300000| Untracked |  0
|  48|0x0000000087400000, 0x0000000087400000, 0x0000000087500000|  0%| F|  |TAMS 0x0000000087400000| PB 0x0000000087400000| Untracked |  0
|  49|0x0000000087500000, 0x0000000087500000, 0x0000000087600000|  0%| F|  |TAMS 0x0000000087500000| PB 0x0000000087500000| Untracked |  0
|  50|0x0000000087600000, 0x0000000087600000, 0x0000000087700000|  0%| F|  |TAMS 0x0000000087600000| PB 0x0000000087600000| Untracked |  0
|  51|0x0000000087700000, 0x0000000087700000, 0x0000000087800000|  0%| F|  |TAMS 0x0000000087700000| PB 0x0000000087700000| Untracked |  0
|  52|0x0000000087800000, 0x0000000087800000, 0x0000000087900000|  0%| F|  |TAMS 0x0000000087800000| PB 0x0000000087800000| Untracked |  0
|  53|0x0000000087900000, 0x0000000087900000, 0x0000000087a00000|  0%| F|  |TAMS 0x0000000087900000| PB 0x0000000087900000| Untracked |  0
|  54|0x0000000087a00000, 0x0000000087a00000, 0x0000000087b00000|  0%| F|  |TAMS 0x0000000087a00000| PB 0x0000000087a00000| Untracked |  0
|  55|0x0000000087b00000, 0x0000000087b00000, 0x0000000087c00000|  0%| F|  |TAMS 0x0000000087b00000| PB 0x0000000087b00000| Untracked |  0
|  56|0x0000000087c00000, 0x0000000087c00000, 0x0000000087d00000|  0%| F|  |TAMS 0x0000000087c00000| PB 0x0000000087c00000| Untracked |  0
|  57|0x0000000087d00000, 0x0000000087d00000, 0x0000000087e00000|  0%| F|  |TAMS 0x0000000087d00000| PB 0x0000000087d00000| Untracked |  0
|  58|0x0000000087e00000, 0x0000000087e00000, 0x0000000087f00000|  0%| F|  |TAMS 0x0000000087e00000| PB 0x0000000087e00000| Untracked |  0
|  59|0x0000000087f00000, 0x0000000087f00000, 0x0000000088000000|  0%| F|  |TAMS 0x0000000087f00000| PB 0x0000000087f00000| Untracked |  0
|  60|0x0000000088000000, 0x0000000088000000, 0x0000000088100000|  0%| F|  |TAMS 0x0000000088000000| PB 0x0000000088000000| Untracked |  0
|  61|0x0000000088100000, 0x0000000088100000, 0x0000000088200000|  0%| F|  |TAMS 0x0000000088100000| PB 0x0000000088100000| Untracked |  0
|  62|0x0000000088200000, 0x0000000088200000, 0x0000000088300000|  0%| F|  |TAMS 0x0000000088200000| PB 0x0000000088200000| Untracked |  0
|  63|0x0000000088300000, 0x0000000088300000, 0x0000000088400000|  0%| F|  |TAMS 0x0000000088300000| PB 0x0000000088300000| Untracked |  0
|  64|0x0000000088400000, 0x0000000088400000, 0x0000000088500000|  0%| F|  |TAMS 0x0000000088400000| PB 0x0000000088400000| Untracked |  0
|  65|0x0000000088500000, 0x0000000088500000, 0x0000000088600000|  0%| F|  |TAMS 0x0000000088500000| PB 0x0000000088500000| Untracked |  0
|  66|0x0000000088600000, 0x0000000088600000, 0x0000000088700000|  0%| F|  |TAMS 0x0000000088600000| PB 0x0000000088600000| Untracked |  0
|  67|0x0000000088700000, 0x0000000088700000, 0x0000000088800000|  0%| F|  |TAMS 0x0000000088700000| PB 0x0000000088700000| Untracked |  0
|  68|0x0000000088800000, 0x0000000088800000, 0x0000000088900000|  0%| F|  |TAMS 0x0000000088800000| PB 0x0000000088800000| Untracked |  0
|  69|0x0000000088900000, 0x0000000088900000, 0x0000000088a00000|  0%| F|  |TAMS 0x0000000088900000| PB 0x0000000088900000| Untracked |  0
|  70|0x0000000088a00000, 0x0000000088a00000, 0x0000000088b00000|  0%| F|  |TAMS 0x0000000088a00000| PB 0x0000000088a00000| Untracked |  0
|  71|0x0000000088b00000, 0x0000000088b00000, 0x0000000088c00000|  0%| F|  |TAMS 0x0000000088b00000| PB 0x0000000088b00000| Untracked |  0
|  72|0x0000000088c00000, 0x0000000088c00000, 0x0000000088d00000|  0%| F|  |TAMS 0x0000000088c00000| PB 0x0000000088c00000| Untracked |  0
|  73|0x0000000088d00000, 0x0000000088d00000, 0x0000000088e00000|  0%| F|  |TAMS 0x0000000088d00000| PB 0x0000000088d00000| Untracked |  0
|  74|0x0000000088e00000, 0x0000000088e00000, 0x0000000088f00000|  0%| F|  |TAMS 0x0000000088e00000| PB 0x0000000088e00000| Untracked |  0
|  75|0x0000000088f00000, 0x0000000088f00000, 0x0000000089000000|  0%| F|  |TAMS 0x0000000088f00000| PB 0x0000000088f00000| Untracked |  0
|  76|0x0000000089000000, 0x0000000089000000, 0x0000000089100000|  0%| F|  |TAMS 0x0000000089000000| PB 0x0000000089000000| Untracked |  0
|  77|0x0000000089100000, 0x0000000089100000, 0x0000000089200000|  0%| F|  |TAMS 0x0000000089100000| PB 0x0000000089100000| Untracked |  0
|  78|0x0000000089200000, 0x0000000089200000, 0x0000000089300000|  0%| F|  |TAMS 0x0000000089200000| PB 0x0000000089200000| Untracked |  0
|  79|0x0000000089300000, 0x0000000089300000, 0x0000000089400000|  0%| F|  |TAMS 0x0000000089300000| PB 0x0000000089300000| Untracked |  0
|  80|0x0000000089400000, 0x0000000089400000, 0x0000000089500000|  0%| F|  |TAMS 0x0000000089400000| PB 0x0000000089400000| Untracked |  0
|  81|0x0000000089500000, 0x0000000089500000, 0x0000000089600000|  0%| F|  |TAMS 0x0000000089500000| PB 0x0000000089500000| Untracked |  0
|  82|0x0000000089600000, 0x0000000089600000, 0x0000000089700000|  0%| F|  |TAMS 0x0000000089600000| PB 0x0000000089600000| Untracked |  0
|  83|0x0000000089700000, 0x0000000089700000, 0x0000000089800000|  0%| F|  |TAMS 0x0000000089700000| PB 0x0000000089700000| Untracked |  0
|  84|0x0000000089800000, 0x0000000089800000, 0x0000000089900000|  0%| F|  |TAMS 0x0000000089800000| PB 0x0000000089800000| Untracked |  0
|  85|0x0000000089900000, 0x0000000089900000, 0x0000000089a00000|  0%| F|  |TAMS 0x0000000089900000| PB 0x0000000089900000| Untracked |  0
|  86|0x0000000089a00000, 0x0000000089a00000, 0x0000000089b00000|  0%| F|  |TAMS 0x0000000089a00000| PB 0x0000000089a00000| Untracked |  0
|  87|0x0000000089b00000, 0x0000000089b00000, 0x0000000089c00000|  0%| F|  |TAMS 0x0000000089b00000| PB 0x0000000089b00000| Untracked |  0
|  88|0x0000000089c00000, 0x0000000089c00000, 0x0000000089d00000|  0%| F|  |TAMS 0x0000000089c00000| PB 0x0000000089c00000| Untracked |  0
|  89|0x0000000089d00000, 0x0000000089d00000, 0x0000000089e00000|  0%| F|  |TAMS 0x0000000089d00000| PB 0x0000000089d00000| Untracked |  0
|  90|0x0000000089e00000, 0x0000000089e00000, 0x0000000089f00000|  0%| F|  |TAMS 0x0000000089e00000| PB 0x0000000089e00000| Untracked |  0
|  91|0x0000000089f00000, 0x0000000089f00000, 0x000000008a000000|  0%| F|  |TAMS 0x0000000089f00000| PB 0x0000000089f00000| Untracked |  0
|  92|0x000000008a000000, 0x000000008a000000, 0x000000008a100000|  0%| F|  |TAMS 0x000000008a000000| PB 0x000000008a000000| Untracked |  0
|  93|0x000000008a100000, 0x000000008a100000, 0x000000008a200000|  0%| F|  |TAMS 0x000000008a100000| PB 0x000000008a100000| Untracked |  0
|  94|0x000000008a200000, 0x000000008a200000, 0x000000008a300000|  0%| F|  |TAMS 0x000000008a200000| PB 0x000000008a200000| Untracked |  0
|  95|0x000000008a300000, 0x000000008a300000, 0x000000008a400000|  0%| F|  |TAMS 0x000000008a300000| PB 0x000000008a300000| Untracked |  0
|  96|0x000000008a400000, 0x000000008a400000, 0x000000008a500000|  0%| F|  |TAMS 0x000000008a400000| PB 0x000000008a400000| Untracked |  0
|  97|0x000000008a500000, 0x000000008a500000, 0x000000008a600000|  0%| F|  |TAMS 0x000000008a500000| PB 0x000000008a500000| Untracked |  0
|  98|0x000000008a600000, 0x000000008a600000, 0x000000008a700000|  0%| F|  |TAMS 0x000000008a600000| PB 0x000000008a600000| Untracked |  0
|  99|0x000000008a700000, 0x000000008a700000, 0x000000008a800000|  0%| F|  |TAMS 0x000000008a700000| PB 0x000000008a700000| Untracked |  0
| 100|0x000000008a800000, 0x000000008a800000, 0x000000008a900000|  0%| F|  |TAMS 0x000000008a800000| PB 0x000000008a800000| Untracked |  0
| 101|0x000000008a900000, 0x000000008aa00000, 0x000000008aa00000|100%| E|  |TAMS 0x000000008a900000| PB 0x000000008a900000| Complete |  0
| 102|0x000000008aa00000, 0x000000008ab00000, 0x000000008ab00000|100%| E|CS|TAMS 0x000000008aa00000| PB 0x000000008aa00000| Complete |  0
| 103|0x000000008ab00000, 0x000000008ac00000, 0x000000008ac00000|100%| E|CS|TAMS 0x000000008ab00000| PB 0x000000008ab00000| Complete |  0
| 104|0x000000008ac00000, 0x000000008ad00000, 0x000000008ad00000|100%| E|CS|TAMS 0x000000008ac00000| PB 0x000000008ac00000| Complete |  0
| 105|0x000000008ad00000, 0x000000008ae00000, 0x000000008ae00000|100%| E|CS|TAMS 0x000000008ad00000| PB 0x000000008ad00000| Complete |  0
| 106|0x000000008ae00000, 0x000000008af00000, 0x000000008af00000|100%| E|CS|TAMS 0x000000008ae00000| PB 0x000000008ae00000| Complete |  0
| 107|0x000000008af00000, 0x000000008b000000, 0x000000008b000000|100%| E|CS|TAMS 0x000000008af00000| PB 0x000000008af00000| Complete |  0
| 108|0x000000008b000000, 0x000000008b100000, 0x000000008b100000|100%| E|CS|TAMS 0x000000008b000000| PB 0x000000008b000000| Complete |  0
| 109|0x000000008b100000, 0x000000008b200000, 0x000000008b200000|100%| E|CS|TAMS 0x000000008b100000| PB 0x000000008b100000| Complete |  0
| 110|0x000000008b200000, 0x000000008b300000, 0x000000008b300000|100%| E|CS|TAMS 0x000000008b200000| PB 0x000000008b200000| Complete |  0
| 111|0x000000008b300000, 0x000000008b400000, 0x000000008b400000|100%| E|CS|TAMS 0x000000008b300000| PB 0x000000008b300000| Complete |  0
| 112|0x000000008b400000, 0x000000008b500000, 0x000000008b500000|100%| E|CS|TAMS 0x000000008b400000| PB 0x000000008b400000| Complete |  0
| 113|0x000000008b500000, 0x000000008b600000, 0x000000008b600000|100%| E|CS|TAMS 0x000000008b500000| PB 0x000000008b500000| Complete |  0
| 114|0x000000008b600000, 0x000000008b700000, 0x000000008b700000|100%| E|CS|TAMS 0x000000008b600000| PB 0x000000008b600000| Complete |  0
| 115|0x000000008b700000, 0x000000008b800000, 0x000000008b800000|100%| E|CS|TAMS 0x000000008b700000| PB 0x000000008b700000| Complete |  0
| 116|0x000000008b800000, 0x000000008b900000, 0x000000008b900000|100%| E|CS|TAMS 0x000000008b800000| PB 0x000000008b800000| Complete |  0
| 117|0x000000008b900000, 0x000000008ba00000, 0x000000008ba00000|100%| E|CS|TAMS 0x000000008b900000| PB 0x000000008b900000| Complete |  0
| 118|0x000000008ba00000, 0x000000008bb00000, 0x000000008bb00000|100%| E|CS|TAMS 0x000000008ba00000| PB 0x000000008ba00000| Complete |  0
| 119|0x000000008bb00000, 0x000000008bc00000, 0x000000008bc00000|100%| E|CS|TAMS 0x000000008bb00000| PB 0x000000008bb00000| Complete |  0
| 120|0x000000008bc00000, 0x000000008bd00000, 0x000000008bd00000|100%| E|CS|TAMS 0x000000008bc00000| PB 0x000000008bc00000| Complete |  0
| 121|0x000000008bd00000, 0x000000008be00000, 0x000000008be00000|100%| E|CS|TAMS 0x000000008bd00000| PB 0x000000008bd00000| Complete |  0
| 122|0x000000008be00000, 0x000000008bf00000, 0x000000008bf00000|100%| E|CS|TAMS 0x000000008be00000| PB 0x000000008be00000| Complete |  0
| 123|0x000000008bf00000, 0x000000008c000000, 0x000000008c000000|100%| E|CS|TAMS 0x000000008bf00000| PB 0x000000008bf00000| Complete |  0
|1978|0x00000000ffe00000, 0x00000000fff00000, 0x00000000fff00000|100%| O|  |TAMS 0x00000000ffe00000| PB 0x00000000ffe00000| Untracked |  0
|1979|0x00000000fff00000, 0x00000000fff25608, 0x0000000100000000| 14%| O|  |TAMS 0x00000000fff00000| PB 0x00000000fff00000| Untracked |  0

Card table byte_map: [0x000001d146050000,0x000001d146430000] _byte_map_base: 0x000001d145c2e000

Marking Bits: (CMBitMap*) 0x000001d12def3a00
 Bits: [0x000001d146430000, 0x000001d148320000)

Polling page: 0x000001d12bcc0000

Metaspace:
Metaspace        used 13474K, committed 13760K, reserved 1114112K
 class space     used 1235K, committed 1344K, reserved 1048576K

Usage:
  Non-class:     11.95 MB used.
      Class:      1.21 MB used.
       Both:     13.16 MB used.

Virtual space:
  Non-class space:       64.00 MB reserved,      12.12 MB ( 19%) committed,  1 nodes.
      Class space:        1.00 GB reserved,       1.31 MB ( <1%) committed,  1 nodes.
             Both:        1.06 GB reserved,      13.44 MB (  1%) committed. 

Chunk freelists:
   Non-Class:  2.99 MB
       Class:  14.72 MB
        Both:  17.72 MB

MaxMetaspaceSize: unlimited
CompressedClassSpaceSize: 1.00 GB
Initial GC threshold: 21.00 MB
Current GC threshold: 21.00 MB
CDS: on
 - commit_granule_bytes: 65536.
 - commit_granule_words: 8192.
 - virtual_space_node_default_size: 8388608.
 - enlarge_chunks_in_place: 1.
UseCompressedClassPointers 1, UseCompactObjectHeaders 0
Narrow klass pointer bits 32, Max shift 3
Narrow klass base: 0x0000000039000000, Narrow klass shift: 0
Encoding Range: [0x0000000039000000 - 0x0000000139000000), (4294967296 bytes)
Klass Range:    [0x0000000039010000 - 0x000000007a000000), (1090453504 bytes)
Klass ID Range:  [65536 - 1090519033) (1090453497)
Protection zone: [0x0000000039000000 - 0x0000000039010000), (65536 bytes)


Internal statistics:

num_allocs_failed_limit: 0.
num_arena_births: 118.
num_arena_deaths: 0.
num_vsnodes_births: 2.
num_vsnodes_deaths: 0.
num_space_committed: 215.
num_space_uncommitted: 0.
num_chunks_returned_to_freelist: 0.
num_chunks_taken_from_freelist: 181.
num_chunk_merges: 0.
num_chunk_splits: 102.
num_chunks_enlarged: 60.
num_inconsistent_stats: 0.

CodeHeap 'non-profiled nmethods': size=120064Kb used=571Kb max_used=571Kb free=119492Kb
 bounds [0x000001d13e1e0000, 0x000001d13e450000, 0x000001d145720000]
CodeHeap 'profiled nmethods': size=120000Kb used=3587Kb max_used=3587Kb free=116412Kb
 bounds [0x000001d136720000, 0x000001d136ab0000, 0x000001d13dc50000]
CodeHeap 'non-nmethods': size=5696Kb used=1611Kb max_used=1642Kb free=4084Kb
 bounds [0x000001d13dc50000, 0x000001d13dec0000, 0x000001d13e1e0000]
CodeCache: size=245760Kb, used=5769Kb, max_used=5800Kb, free=239988Kb
 total_blobs=3066, nmethods=2320, adapters=649, full_count=0
Compilation: enabled, stopped_count=0, restarted_count=0

Compilation events (20 events):
Event: 12.345 Thread 0x000001d14af8efb0 nmethod 2290 0x000001d136a98688 code [0x000001d136a98780, 0x000001d136a98a80]
Event: 12.345 Thread 0x000001d14af8efb0 2291       3       javax.swing.plaf.nimbus.NimbusLookAndFeel::deriveARGB (123 bytes)
Event: 12.345 Thread 0x000001d14af8efb0 nmethod 2291 0x000001d136a98a88 code [0x000001d136a98b80, 0x000001d136a9a188]
Event: 12.345 Thread 0x000001d14af8efb0 2292  s    3       javax.swing.RepaintManager::getPaintManager (107 bytes)
Event: 12.346 Thread 0x000001d14af8efb0 nmethod 2292 0x000001d136a9a208 code [0x000001d136a9a300, 0x000001d136a9ab68]
Event: 12.375 Thread 0x000001d14af8a380 nmethod 2269 0x000001d13e269288 code [0x000001d13e269380, 0x000001d13e26b778]
Event: 12.375 Thread 0x000001d14af8a380 2288 %     4       sun.java2d.marlin.MarlinTileGenerator::getAlphaRLE @ 1249 (1749 bytes)
Event: 12.407 Thread 0x000001d14af8a380 nmethod 2288% 0x000001d13e26b788 code [0x000001d13e26b880, 0x000001d13e26d008]
Event: 12.407 Thread 0x000001d14af8a380 2275       4       java.lang.StringLatin1::inflate (34 bytes)
Event: 12.410 Thread 0x000001d14af8a380 nmethod 2275 0x000001d13e26d088 code [0x000001d13e26d180, 0x000001d13e26d368]
Event: 12.429 Thread 0x000001d14af8efb0 2295       3       jdk.internal.classfile.impl.BufWriterImpl::writeU1U1 (39 bytes)
Event: 12.429 Thread 0x000001d14af8a380 2298   !   4       java.lang.ref.ReferenceQueue::poll (44 bytes)
Event: 12.429 Thread 0x000001d14af8efb0 nmethod 2295 0x000001d136a9ab88 code [0x000001d136a9ac80, 0x000001d136a9af50]
Event: 12.430 Thread 0x000001d14af8a380 nmethod 2298 0x000001d13e26df88 code [0x000001d13e26e080, 0x000001d13e26e118]
Event: 12.431 Thread 0x000001d14af8efb0 2299       3       java.awt.Component::getBounds (5 bytes)
Event: 12.431 Thread 0x000001d14af8efb0 nmethod 2299 0x000001d136a9af88 code [0x000001d136a9b080, 0x000001d136a9b240]
Event: 12.431 Thread 0x000001d14af8efb0 2300       3       java.awt.Component::bounds (24 bytes)
Event: 12.431 Thread 0x000001d14af8efb0 nmethod 2300 0x000001d136a9b288 code [0x000001d136a9b380, 0x000001d136a9b698]
Event: 12.432 Thread 0x000001d14af8efb0 2301       3       java.util.ArrayList$ListItr::previous (59 bytes)
Event: 12.432 Thread 0x000001d14af8a380 2302       4       java.lang.Object::equals (11 bytes)

GC Heap Usage History (0 events):
No events

Metaspace Usage History (0 events):
No events

Dll operation events (10 events):
Event: 0.006 Loaded shared library C:\Program Files\Java\jdk-25\bin\java.dll
Event: 0.031 Loaded shared library C:\Program Files\Java\jdk-25\bin\net.dll
Event: 0.032 Loaded shared library C:\Program Files\Java\jdk-25\bin\nio.dll
Event: 0.041 Loaded shared library C:\Program Files\Java\jdk-25\bin\zip.dll
Event: 0.050 Loaded shared library C:\Program Files\Java\jdk-25\bin\jimage.dll
Event: 0.082 Loaded shared library C:\Program Files\Java\jdk-25\bin\awt.dll
Event: 0.210 Loaded shared library C:\Program Files\Java\jdk-25\bin\freetype.dll
Event: 0.212 Loaded shared library C:\Program Files\Java\jdk-25\bin\fontmanager.dll
Event: 0.428 Loaded shared library C:\Program Files\Java\jdk-25\bin\verify.dll
Event: 2.785 Loaded shared library C:\Windows\System32\jnisgfplib.dll

Deoptimization events (20 events):
Event: 5.667 Thread 0x000001d14f11d030 Uncommon trap: trap_request=0xffffff45 fr.pc=0x000001d13e236fb4 relative=0x00000000000001b4
Event: 5.667 Thread 0x000001d14f11d030 Uncommon trap: reason=unstable_if action=reinterpret pc=0x000001d13e236fb4 method=java.lang.String.equals(Ljava/lang/Object;)Z @ 33 c2
Event: 5.667 Thread 0x000001d14f11d030 DEOPT PACKING pc=0x000001d13e236fb4 sp=0x00000063ee3fef80
Event: 5.667 Thread 0x000001d14f11d030 DEOPT UNPACKING pc=0x000001d13dd6d102 sp=0x00000063ee3fef00 mode 2
Event: 5.675 Thread 0x000001d14f11d030 Uncommon trap: trap_request=0xffffffc6 fr.pc=0x000001d13e227eb0 relative=0x00000000000003b0
Event: 5.675 Thread 0x000001d14f11d030 Uncommon trap: reason=bimorphic_or_optimized_type_check action=maybe_recompile pc=0x000001d13e227eb0 method=java.util.concurrent.ConcurrentHashMap.get(Ljava/lang/Object;)Ljava/lang/Object; @ 149 c2
Event: 5.675 Thread 0x000001d14f11d030 DEOPT PACKING pc=0x000001d13e227eb0 sp=0x00000063ee3fdf20
Event: 5.675 Thread 0x000001d14f11d030 DEOPT UNPACKING pc=0x000001d13dd6d102 sp=0x00000063ee3fdea0 mode 2
Event: 12.339 Thread 0x000001d14f11d030 Uncommon trap: trap_request=0xffffffc6 fr.pc=0x000001d13e20b09c relative=0x000000000000099c
Event: 12.339 Thread 0x000001d14f11d030 Uncommon trap: reason=bimorphic_or_optimized_type_check action=maybe_recompile pc=0x000001d13e20b09c method=java.util.HashMap.putVal(ILjava/lang/Object;Ljava/lang/Object;ZZ)Ljava/lang/Object; @ 152 c2
Event: 12.339 Thread 0x000001d14f11d030 DEOPT PACKING pc=0x000001d13e20b09c sp=0x00000063ee3fdfd0
Event: 12.339 Thread 0x000001d14f11d030 DEOPT UNPACKING pc=0x000001d13dd6d102 sp=0x00000063ee3fdf30 mode 2
Event: 12.340 Thread 0x000001d14f11d030 DEOPT PACKING pc=0x000001d136a67162 sp=0x00000063ee3fd8e0
Event: 12.340 Thread 0x000001d14f11d030 DEOPT UNPACKING pc=0x000001d13dca1702 sp=0x00000063ee3fccd8 mode 0
Event: 12.343 Thread 0x000001d14f11d030 Uncommon trap: trap_request=0xffffffc6 fr.pc=0x000001d13e20b09c relative=0x000000000000099c
Event: 12.343 Thread 0x000001d14f11d030 Uncommon trap: reason=bimorphic_or_optimized_type_check action=maybe_recompile pc=0x000001d13e20b09c method=java.util.HashMap.putVal(ILjava/lang/Object;Ljava/lang/Object;ZZ)Ljava/lang/Object; @ 152 c2
Event: 12.343 Thread 0x000001d14f11d030 DEOPT PACKING pc=0x000001d13e20b09c sp=0x00000063ee3fdbf0
Event: 12.343 Thread 0x000001d14f11d030 DEOPT UNPACKING pc=0x000001d13dd6d102 sp=0x00000063ee3fdb50 mode 2
Event: 12.343 Thread 0x000001d14f11d030 DEOPT PACKING pc=0x000001d136a67162 sp=0x00000063ee3fd3e0
Event: 12.343 Thread 0x000001d14f11d030 DEOPT UNPACKING pc=0x000001d13dca1702 sp=0x00000063ee3fc7d8 mode 0

Classes loaded (20 events):
Event: 2.764 Loading class java/util/Formatter$FixedString
Event: 2.767 Loading class java/util/Formatter$FixedString done
Event: 3.612 Loading class java/awt/image/ComponentColorModel
Event: 3.613 Loading class java/awt/image/ComponentColorModel done
Event: 3.613 Loading class java/awt/image/DataBufferByte
Event: 3.613 Loading class java/awt/image/DataBufferByte done
Event: 3.613 Loading class java/awt/image/PixelInterleavedSampleModel
Event: 3.613 Loading class java/awt/image/ComponentSampleModel
Event: 3.614 Loading class java/awt/image/ComponentSampleModel done
Event: 3.614 Loading class java/awt/image/PixelInterleavedSampleModel done
Event: 3.614 Loading class sun/awt/image/ByteInterleavedRaster
Event: 3.614 Loading class sun/awt/image/ByteComponentRaster
Event: 3.615 Loading class sun/awt/image/ByteComponentRaster done
Event: 3.615 Loading class sun/awt/image/ByteInterleavedRaster done
Event: 3.616 Loading class javax/swing/SwingWorker$4
Event: 3.616 Loading class javax/swing/SwingWorker$4 done
Event: 3.650 Loading class java/awt/Window$1DisposeAction
Event: 3.650 Loading class java/awt/Window$1DisposeAction done
Event: 3.651 Loading class sun/awt/SunToolkit$1
Event: 3.651 Loading class sun/awt/SunToolkit$1 done

Classes unloaded (0 events):
No events

Classes redefined (0 events):
No events

Internal exceptions (20 events):
Event: 0.298 Thread 0x000001d14f11d030 Exception <a 'java/lang/ClassNotFoundException'{0x000000008b6411e8}: com/sun/swing/internal/plaf/synth/resources/spi/synthProvider> (0x000000008b6411e8) 
thrown [s\open\src\hotspot\share\classfile\systemDictionary.cpp, line 327]
Event: 0.314 Thread 0x000001d14f11d030 Exception <a 'java/lang/NoSuchMethodError'{0x000000008b693720}: 'int java.lang.invoke.Invokers$Holder.invokeExact_MT(java.lang.Object, java.lang.Object)'> (0x000000008b693720) 
thrown [s\open\src\hotspot\share\interpreter\linkResolver.cpp, line 804]
Event: 0.323 Thread 0x000001d14f11d030 Exception <a 'java/lang/NoSuchMethodError'{0x000000008b6a7a70}: 'java.lang.Object java.lang.invoke.DirectMethodHandle$Holder.newInvokeSpecial(java.lang.Object, java.lang.Object, int)'> (0x000000008b6a7a70) 
thrown [s\open\src\hotspot\share\interpreter\linkResolver.cpp, line 804]
Event: 0.324 Thread 0x000001d14f11d030 Exception <a 'java/lang/NoSuchMethodError'{0x000000008b6c1ad8}: 'java.lang.Object java.lang.invoke.DirectMethodHandle$Holder.invokeStatic(java.lang.Object, java.lang.Object, java.lang.Object, java.lang.Object, int)'> (0x000000008b6c1ad8) 
thrown [s\open\src\hotspot\share\interpreter\linkResolver.cpp, line 804]
Event: 0.422 Thread 0x000001d14f11d030 Implicit null exception at 0x000001d13e2137b9 to 0x000001d13e213b58
Event: 0.434 Thread 0x000001d14f11d030 Exception <a 'java/lang/NoSuchMethodError'{0x000000008b4329d0}: 'void java.lang.invoke.DirectMethodHandle$Holder.invokeStatic(java.lang.Object, java.lang.Object, java.lang.Object)'> (0x000000008b4329d0) 
thrown [s\open\src\hotspot\share\interpreter\linkResolver.cpp, line 804]
Event: 0.436 Thread 0x000001d14f11d030 Exception <a 'java/lang/NoSuchMethodError'{0x000000008b442368}: 'void java.lang.invoke.DirectMethodHandle$Holder.invokeStatic(java.lang.Object, java.lang.Object)'> (0x000000008b442368) 
thrown [s\open\src\hotspot\share\interpreter\linkResolver.cpp, line 804]
Event: 0.552 Thread 0x000001d14f11d030 Exception <a 'java/lang/NoSuchMethodError'{0x000000008b02fa40}: 'float java.lang.invoke.DelegatingMethodHandle$Holder.reinvoke_L(java.lang.Object, java.lang.Object, java.lang.Object, long)'> (0x000000008b02fa40) 
thrown [s\open\src\hotspot\share\interpreter\linkResolver.cpp, line 804]
Event: 0.553 Thread 0x000001d14f11d030 Exception <a 'java/lang/NoSuchMethodError'{0x000000008b0471d8}: 'java.lang.Object java.lang.invoke.DirectMethodHandle$Holder.invokeStatic(java.lang.Object, java.lang.Object, java.lang.Object, java.lang.Object, long)'> (0x000000008b0471d8) 
thrown [s\open\src\hotspot\share\interpreter\linkResolver.cpp, line 804]
Event: 0.571 Thread 0x000001d14af804a0 Exception <a 'java/lang/NoSuchMethodError'{0x000000008bc0fce0}: 'void java.lang.invoke.DirectMethodHandle$Holder.invokeVirtual(java.lang.Object, java.lang.Object)'> (0x000000008bc0fce0) 
thrown [s\open\src\hotspot\share\interpreter\linkResolver.cpp, line 804]
Event: 0.588 Thread 0x000001d14f11d030 Exception <a 'java/lang/NoSuchMethodError'{0x000000008b0a33c8}: 'void java.lang.invoke.DirectMethodHandle$Holder.invokeStaticInit(java.lang.Object)'> (0x000000008b0a33c8) 
thrown [s\open\src\hotspot\share\interpreter\linkResolver.cpp, line 804]
Event: 0.635 Thread 0x000001d14f11d030 Exception <a 'java/lang/NoSuchMethodError'{0x000000008af7a5b8}: 'void java.lang.invoke.DelegatingMethodHandle$Holder.reinvoke_L(java.lang.Object, java.lang.Object, java.lang.Object, long, float)'> (0x000000008af7a5b8) 
thrown [s\open\src\hotspot\share\interpreter\linkResolver.cpp, line 804]
Event: 4.520 Thread 0x000001d14f11d030 Implicit null exception at 0x000001d13e257689 to 0x000001d13e257bfc
Event: 4.520 Thread 0x000001d14f11d030 Implicit null exception at 0x000001d13e253d7f to 0x000001d13e25440c
Event: 4.520 Thread 0x000001d14f11d030 Implicit null exception at 0x000001d13e257689 to 0x000001d13e257bfc
Event: 4.520 Thread 0x000001d14f11d030 Implicit null exception at 0x000001d13e253d7f to 0x000001d13e25440c
Event: 4.520 Thread 0x000001d14f11d030 Implicit null exception at 0x000001d13e257689 to 0x000001d13e257bfc
Event: 12.428 Thread 0x000001d14f1206e0 Exception <a 'java/lang/NoSuchMethodError'{0x000000008aa943e8}: 'void java.lang.invoke.DirectMethodHandle$Holder.invokeSpecial(java.lang.Object, java.lang.Object, long)'> (0x000000008aa943e8) 
thrown [s\open\src\hotspot\share\interpreter\linkResolver.cpp, line 804]
Event: 12.429 Thread 0x000001d14f1206e0 Exception <a 'java/lang/NoSuchMethodError'{0x000000008aaa3368}: 'java.lang.Object java.lang.invoke.DirectMethodHandle$Holder.newInvokeSpecial(java.lang.Object, java.lang.Object, long)'> (0x000000008aaa3368) 
thrown [s\open\src\hotspot\share\interpreter\linkResolver.cpp, line 804]
Event: 12.429 Thread 0x000001d14f1206e0 Exception <a 'java/lang/NoSuchMethodError'{0x000000008aaabac8}: 'java.lang.Object java.lang.invoke.Invokers$Holder.linkToTargetMethod(java.lang.Object, long, java.lang.Object)'> (0x000000008aaabac8) 
thrown [s\open\src\hotspot\share\interpreter\linkResolver.cpp, line 804]

VM Operations (20 events):
Event: 0.560 Executing non-safepoint VM operation: HandshakeAllThreads (Deoptimize)
Event: 0.560 Executing non-safepoint VM operation: HandshakeAllThreads (Deoptimize) done
Event: 0.566 Executing non-safepoint VM operation: HandshakeAllThreads (Deoptimize)
Event: 0.566 Executing non-safepoint VM operation: HandshakeAllThreads (Deoptimize) done
Event: 0.575 Executing non-safepoint VM operation: HandshakeAllThreads (Deoptimize)
Event: 0.575 Executing non-safepoint VM operation: HandshakeAllThreads (Deoptimize) done
Event: 0.625 Executing non-safepoint VM operation: HandshakeAllThreads (Deoptimize)
Event: 0.625 Executing non-safepoint VM operation: HandshakeAllThreads (Deoptimize) done
Event: 0.631 Executing non-safepoint VM operation: HandshakeAllThreads (Deoptimize)
Event: 0.631 Executing non-safepoint VM operation: HandshakeAllThreads (Deoptimize) done
Event: 0.739 Executing non-safepoint VM operation: HandshakeAllThreads (Deoptimize)
Event: 0.739 Executing non-safepoint VM operation: HandshakeAllThreads (Deoptimize) done
Event: 0.748 Executing non-safepoint VM operation: HandshakeAllThreads (Deoptimize)
Event: 0.748 Executing non-safepoint VM operation: HandshakeAllThreads (Deoptimize) done
Event: 0.799 Executing non-safepoint VM operation: HandshakeAllThreads (Deoptimize)
Event: 0.799 Executing non-safepoint VM operation: HandshakeAllThreads (Deoptimize) done
Event: 0.818 Executing non-safepoint VM operation: HandshakeAllThreads (Deoptimize)
Event: 0.818 Executing non-safepoint VM operation: HandshakeAllThreads (Deoptimize) done
Event: 0.853 Executing non-safepoint VM operation: HandshakeAllThreads (Deoptimize)
Event: 0.853 Executing non-safepoint VM operation: HandshakeAllThreads (Deoptimize) done

Memory protections (0 events):
No events

Nmethod flushes (0 events):
No events

Events (20 events):
Event: 0.026 Thread 0x000001d12bb210c0 Thread added: 0x000001d14af47440
Event: 0.026 Thread 0x000001d12bb210c0 Thread added: 0x000001d14af4ace0
Event: 0.026 Thread 0x000001d12bb210c0 Thread added: 0x000001d14af4e6f0
Event: 0.027 Thread 0x000001d12bb210c0 Thread added: 0x000001d14af6eff0
Event: 0.027 Thread 0x000001d12bb210c0 Thread added: 0x000001d14af7a6e0
Event: 0.027 Thread 0x000001d12bb210c0 Thread added: 0x000001d14af8a380
Event: 0.027 Thread 0x000001d12bb210c0 Thread added: 0x000001d14af8efb0
Event: 0.029 Thread 0x000001d12bb210c0 Thread added: 0x000001d14af7c620
Event: 0.030 Thread 0x000001d12bb210c0 Thread added: 0x000001d14af7e560
Event: 0.138 Thread 0x000001d12bb210c0 Thread added: 0x000001d14af7aeb0
Event: 0.139 Thread 0x000001d12bb210c0 Thread added: 0x000001d14af7f500
Event: 0.140 Thread 0x000001d12bb210c0 Thread added: 0x000001d14af804a0
Event: 0.281 Thread 0x000001d12bb210c0 Thread added: 0x000001d14f11d030
Event: 0.282 Thread 0x000001d12bb210c0 Thread exited: 0x000001d12bb210c0
Event: 0.282 Thread 0x000001d14f11b0f0 Thread added: 0x000001d14f11b0f0
Event: 0.459 Thread 0x000001d14af8efb0 Thread added: 0x000001d14fa8d730
Event: 0.680 Thread 0x000001d14f11d030 Thread added: 0x000001d14f11f740
Event: 0.854 Thread 0x000001d14f11d030 Thread added: 0x000001d14f11c860
Event: 0.984 Thread 0x000001d14fa8d730 Thread exited: 0x000001d14fa8d730
Event: 5.668 Thread 0x000001d14f11d030 Thread added: 0x000001d14f1206e0


Dynamic libraries:
0x00007ff6a05e0000 - 0x00007ff6a05f0000 	C:\Program Files\Java\jdk-25\bin\java.exe
0x00007ffe6fd40000 - 0x00007ffe6ffa7000 	C:\Windows\SYSTEM32\ntdll.dll
0x00007ffe6ef30000 - 0x00007ffe6eff9000 	C:\Windows\System32\KERNEL32.DLL
0x00007ffe6ce90000 - 0x00007ffe6d27f000 	C:\Windows\System32\KERNELBASE.dll
0x00007ffe6d7a0000 - 0x00007ffe6d8eb000 	C:\Windows\System32\ucrtbase.dll
0x00007ffe39930000 - 0x00007ffe39947000 	C:\Program Files\Java\jdk-25\bin\jli.dll
0x00007ffe363f0000 - 0x00007ffe3640e000 	C:\Program Files\Java\jdk-25\bin\VCRUNTIME140.dll
0x00007ffe6f350000 - 0x00007ffe6f515000 	C:\Windows\System32\USER32.dll
0x00007ffe6da20000 - 0x00007ffe6da47000 	C:\Windows\System32\win32u.dll
0x00007ffe4a5e0000 - 0x00007ffe4a873000 	C:\Windows\WinSxS\amd64_microsoft.windows.common-controls_6595b64144ccf1df_6.0.26100.7309_none_3e05feeae336a044\COMCTL32.dll
0x00007ffe6e630000 - 0x00007ffe6e65b000 	C:\Windows\System32\GDI32.dll
0x00007ffe6dae0000 - 0x00007ffe6db89000 	C:\Windows\System32\msvcrt.dll
0x00007ffe6d8f0000 - 0x00007ffe6da1c000 	C:\Windows\System32\gdi32full.dll
0x00007ffe6d410000 - 0x00007ffe6d4b3000 	C:\Windows\System32\msvcp_win.dll
0x00007ffe6df40000 - 0x00007ffe6df71000 	C:\Windows\System32\IMM32.DLL
0x00007ffe54980000 - 0x00007ffe5498c000 	C:\Program Files\Java\jdk-25\bin\vcruntime140_1.dll
0x00007ffe234f0000 - 0x00007ffe2357d000 	C:\Program Files\Java\jdk-25\bin\msvcp140.dll
0x00007ffdafd60000 - 0x00007ffdb0bbf000 	C:\Program Files\Java\jdk-25\bin\server\jvm.dll
0x00007ffe6f290000 - 0x00007ffe6f344000 	C:\Windows\System32\ADVAPI32.dll
0x00007ffe6db90000 - 0x00007ffe6dc36000 	C:\Windows\System32\sechost.dll
0x00007ffe6f000000 - 0x00007ffe6f118000 	C:\Windows\System32\RPCRT4.dll
0x00007ffe6e5b0000 - 0x00007ffe6e624000 	C:\Windows\System32\WS2_32.dll
0x00007ffe4d730000 - 0x00007ffe4d73b000 	C:\Windows\SYSTEM32\VERSION.dll
0x00007ffe60220000 - 0x00007ffe60255000 	C:\Windows\SYSTEM32\WINMM.dll
0x00007ffe6ccf0000 - 0x00007ffe6cd4e000 	C:\Windows\SYSTEM32\POWRPROF.dll
0x00007ffe6ccd0000 - 0x00007ffe6cce4000 	C:\Windows\SYSTEM32\UMPDC.dll
0x00007ffe6bba0000 - 0x00007ffe6bbbb000 	C:\Windows\SYSTEM32\kernel.appcore.dll
0x00007ffe50220000 - 0x00007ffe5022a000 	C:\Program Files\Java\jdk-25\bin\jimage.dll
0x00007ffe6a280000 - 0x00007ffe6a4c2000 	C:\Windows\SYSTEM32\DBGHELP.DLL
0x00007ffe6e9d0000 - 0x00007ffe6ed56000 	C:\Windows\System32\combase.dll
0x00007ffe6e8f0000 - 0x00007ffe6e9c6000 	C:\Windows\System32\OLEAUT32.dll
0x00007ffe48020000 - 0x00007ffe4805c000 	C:\Windows\SYSTEM32\dbgcore.DLL
0x00007ffe6d6f0000 - 0x00007ffe6d795000 	C:\Windows\System32\bcryptPrimitives.dll
0x00007ffe35f00000 - 0x00007ffe35f1f000 	C:\Program Files\Java\jdk-25\bin\java.dll
0x00007ffe6df80000 - 0x00007ffe6e117000 	C:\Windows\System32\ole32.dll
0x00007ffe6f520000 - 0x00007ffe6fc73000 	C:\Windows\System32\SHELL32.dll
0x00007ffe6d4c0000 - 0x00007ffe6d62a000 	C:\Windows\System32\wintypes.dll
0x00007ffe6a6d0000 - 0x00007ffe6af2e000 	C:\Windows\SYSTEM32\windows.storage.dll
0x00007ffe6f130000 - 0x00007ffe6f225000 	C:\Windows\System32\SHCORE.dll
0x00007ffe6de50000 - 0x00007ffe6deb6000 	C:\Windows\System32\shlwapi.dll
0x00007ffe6cdb0000 - 0x00007ffe6cdd9000 	C:\Windows\SYSTEM32\profapi.dll
0x00007ffe35d80000 - 0x00007ffe35d92000 	C:\Program Files\Java\jdk-25\bin\net.dll
0x00007ffe6c150000 - 0x00007ffe6c1bb000 	C:\Windows\system32\mswsock.dll
0x00007ffe34be0000 - 0x00007ffe34bf6000 	C:\Program Files\Java\jdk-25\bin\nio.dll
0x00007ffe33670000 - 0x00007ffe33687000 	C:\Program Files\Java\jdk-25\bin\zip.dll
0x00007ffdcdef0000 - 0x00007ffdce074000 	C:\Program Files\Java\jdk-25\bin\awt.dll
0x00007ffe69600000 - 0x00007ffe6969f000 	C:\Windows\SYSTEM32\apphelp.dll
0x00007ffe69a10000 - 0x00007ffe69abb000 	C:\Windows\system32\uxtheme.dll
0x00007ffe6e680000 - 0x00007ffe6e7de000 	C:\Windows\System32\MSCTF.dll
0x00007ffe69cc0000 - 0x00007ffe69cf0000 	C:\Windows\system32\DWMAPI.DLL
0x00007ffe223f0000 - 0x00007ffe22477000 	C:\Program Files\Java\jdk-25\bin\freetype.dll
0x00007ffddd280000 - 0x00007ffddd36e000 	C:\Program Files\Java\jdk-25\bin\fontmanager.dll
0x00007ffdd61b0000 - 0x00007ffdd62c0000 	C:\Windows\system32\opengl32.dll
0x00007ffe2d700000 - 0x00007ffe2d72d000 	C:\Windows\SYSTEM32\GLU32.dll
0x00007ffe69b10000 - 0x00007ffe69b54000 	C:\Windows\SYSTEM32\dxcore.dll
0x00007ffe39960000 - 0x00007ffe39970000 	C:\Program Files\Java\jdk-25\bin\verify.dll
0x00007ffe6ee70000 - 0x00007ffe6ef20000 	C:\Windows\System32\clbcatq.dll
0x00007ffe67f20000 - 0x00007ffe68150000 	C:\Windows\SYSTEM32\WindowsCodecs.dll
0x00007ffe527d0000 - 0x00007ffe5282a000 	C:\Windows\system32\dataexchange.dll
0x00007ffe62a40000 - 0x00007ffe62c84000 	C:\Windows\system32\twinapi.appcore.dll
0x00007ffe32370000 - 0x00007ffe324b8000 	C:\Windows\SYSTEM32\textinputframework.dll
0x00007ffe482f0000 - 0x00007ffe48369000 	C:\Windows\system32\Oleacc.dll
0x00007ffe69310000 - 0x00007ffe69437000 	C:\Windows\SYSTEM32\CoreMessaging.dll
0x00007ffe623d0000 - 0x00007ffe626b2000 	C:\Windows\SYSTEM32\CoreUIComponents.dll
0x00007ffe6c3a0000 - 0x00007ffe6c3ac000 	C:\Windows\SYSTEM32\CRYPTBASE.DLL
0x0000000180000000 - 0x000000018000b000 	C:\Windows\System32\jnisgfplib.dll
0x00007ffe33300000 - 0x00007ffe3333c000 	C:\Windows\SYSTEM32\sgfplib.dll
0x00007ffe6e120000 - 0x00007ffe6e5aa000 	C:\Windows\System32\SETUPAPI.dll
0x00007ffe32fc0000 - 0x00007ffe32fd8000 	C:\Windows\SYSTEM32\sgwsqlib.dll
0x0000000000860000 - 0x0000000000903000 	C:\Windows\WinSxS\amd64_microsoft.vc90.crt_1fc8b3b9a1e18e3b_9.0.30729.9635_none_08e2c157a83ed5da\MSVCR90.dll

JVMTI agents: none

dbghelp: loaded successfully - version: 4.0.5 - missing functions: none
symbol engine: initialized successfully - sym options: 0x614 - pdb path: .;C:\Program Files\Java\jdk-25\bin;C:\Windows\SYSTEM32;C:\Windows\WinSxS\amd64_microsoft.windows.common-controls_6595b64144ccf1df_6.0.26100.7309_none_3e05feeae336a044;C:\Program Files\Java\jdk-25\bin\server;C:\Windows\WinSxS\amd64_microsoft.vc90.crt_1fc8b3b9a1e18e3b_9.0.30729.9635_none_08e2c157a83ed5da

VM Arguments:
java_command: netbeans_sample\dist\FDxSDKPro.jar
java_class_path (initial): netbeans_sample\dist\FDxSDKPro.jar
Launcher Type: SUN_STANDARD

[Global flags]
     intx CICompilerCount                          = 4                                         {product} {ergonomic}
     uint ConcGCThreads                            = 3                                         {product} {ergonomic}
     uint G1ConcRefinementThreads                  = 10                                        {product} {ergonomic}
   size_t G1HeapRegionSize                         = 1048576                                   {product} {ergonomic}
   size_t InitialHeapSize                          = 130023424                                 {product} {ergonomic}
   size_t MarkStackSize                            = 4194304                                   {product} {ergonomic}
   size_t MarkStackSizeMax                         = 536870912                                 {product} {ergonomic}
   size_t MaxHeapSize                              = 2076180480                                {product} {ergonomic}
   size_t MaxNewSize                               = 1245708288                                {product} {ergonomic}
   size_t MinHeapDeltaBytes                        = 1048576                                   {product} {ergonomic}
   size_t MinHeapSize                              = 8388608                                   {product} {ergonomic}
    uintx NonNMethodCodeHeapSize                   = 5832704                                {pd product} {ergonomic}
    uintx NonProfiledCodeHeapSize                  = 122945536                              {pd product} {ergonomic}
    uintx ProfiledCodeHeapSize                     = 122880000                              {pd product} {ergonomic}
    uintx ReservedCodeCacheSize                    = 251658240                              {pd product} {ergonomic}
     bool SegmentedCodeCache                       = true                                      {product} {ergonomic}
   size_t SoftMaxHeapSize                          = 2076180480                             {manageable} {ergonomic}
     bool UseCompressedOops                        = true                           {product lp64_product} {ergonomic}
     bool UseG1GC                                  = true                                      {product} {ergonomic}
     bool UseLargePagesIndividualAllocation        = false                                  {pd product} {ergonomic}

Logging:
Log output configuration:
 #0: stdout all=warning uptime,level,tags foldmultilines=false
 #1: stderr all=off uptime,level,tags foldmultilines=false

Release file:
IMPLEMENTOR="Oracle Corporation" 
JAVA_RUNTIME_VERSION="25+37-LTS-3491" 
JAVA_VERSION="25" 
JAVA_VERSION_DATE="2025-09-16" 
LIBC="default" 
MODULES="java.base java.compiler java.datatransfer java.xml java.prefs java.desktop java.instrument java.logging java.management java.security.sasl java.naming java.rmi java.management.rmi java.net.http java.scripting java.security.jgss java.transaction.xa java.sql java.sql.rowset java.xml.crypto java.se java.smartcardio jdk.accessibility jdk.internal.jvmstat jdk.attach jdk.charsets jdk.internal.opt jdk.zipfs jdk.compiler jdk.crypto.cryptoki jdk.crypto.ec jdk.crypto.mscapi jdk.dynalink jdk.internal.ed jdk.editpad jdk.internal.vm.ci jdk.graal.compiler jdk.graal.compiler.management jdk.hotspot.agent jdk.httpserver jdk.incubator.vector jdk.internal.le jdk.internal.md jdk.jartool jdk.javadoc jdk.jcmd jdk.management jdk.management.agent jdk.jconsole jdk.jdeps jdk.jdwp.agent jdk.jdi jdk.jfr jdk.jlink jdk.jpackage jdk.jshell jdk.jsobject jdk.jstatd jdk.localedata jdk.management.jfr jdk.naming.dns jdk.naming.rmi jdk.net jdk.nio.mapmode jdk.sctp jdk.security.auth jdk.security.jgss jdk.unsupported jdk.unsupported.desktop jdk.xml.dom" 
OS_ARCH="x86_64" 
OS_NAME="Windows" 
SOURCE=".:git:49d6a23b8806 open:git:6c48f4ed707b" 

Environment Variables:
JAVA_HOME=C:\Program Files\Java\jdk-25
PATH=C:\Program Files\Common Files\Oracle\Java\javapath;C:\Program Files (x86)\Common Files\Oracle\Java\java8path;C:\Program Files (x86)\Common Files\Oracle\Java\javapath;C:\Python313\Scripts\;C:\Python313\;C:\Windows\system32;C:\Windows;C:\Windows\System32\Wbem;C:\Windows\System32\WindowsPowerShell\v1.0\;C:\Windows\System32\OpenSSH\;C:\ProgramData\chocolatey\bin;C:\xampp\php;C:\composer;C:\Program Files\Git\cmd;C:\Program Files\Docker\Docker\resources\bin;C:\Program Files\nodejs\;C:\Program Files\Cloudflare\Cloudflare WARP\;C:\Users\daeldrn\Documents\apache-ant-1.10.15-bin\apache-ant-1.10.15\bin;C:\Program Files\Java\jdk-25\bin;C:\Users\daeldrn\AppData\Local\Microsoft\WindowsApps;C:\Users\daeldrn\AppData\Local\Programs\Microsoft VS Code\bin;C:\Users\daeldrn\AppData\Roaming\npm;C:\Users\daeldrn\AppData\Local\Programs\Windsurf\bin;C:\Users\daeldrn\AppData\Local\Programs\cursor\resources\app\bin;C:\maven\apache-maven-3.9.12\bin;
USERNAME=daeldrn
OS=Windows_NT
PROCESSOR_IDENTIFIER=Intel64 Family 6 Model 154 Stepping 4, GenuineIntel
TMP=C:\Users\daeldrn\AppData\Local\Temp
TEMP=C:\Users\daeldrn\AppData\Local\Temp




Compilation memory statistics disabled.

Periodic native trim disabled

---------------  S Y S T E M  ---------------

OS:
 Windows 11 , 64 bit Build 26100 (10.0.26100.7623)
OS uptime: 13 days 12:18 hours
Hyper-V role detected

CPU: total 12 (initial active 12) (6 cores per cpu, 2 threads per core) family 6 model 154 stepping 4 microcode 0x435, cx8, cmov, fxsr, ht, mmx, 3dnowpref, sse, sse2, sse3, ssse3, sse4.1, sse4.2, popcnt, lzcnt, tsc, tscinvbit, avx, avx2, aes, erms, clmul, bmi1, bmi2, adx, sha, fma, vzeroupper, clflush, clflushopt, clwb, hv, serialize, rdtscp, rdpid, fsrm, gfni, f16c, cet_ibt, cet_ss
Processor Information for processor 0
  Max Mhz: 1300, Current Mhz: 1300, Mhz Limit: 1300
Processor Information for processor 1
  Max Mhz: 1300, Current Mhz: 1300, Mhz Limit: 1300
Processor Information for processor 2
  Max Mhz: 1300, Current Mhz: 1300, Mhz Limit: 1300
Processor Information for processor 3
  Max Mhz: 1300, Current Mhz: 1300, Mhz Limit: 1300
Processor Information for processor 4
  Max Mhz: 900, Current Mhz: 900, Mhz Limit: 900
Processor Information for processor 5
  Max Mhz: 900, Current Mhz: 900, Mhz Limit: 900
Processor Information for processor 6
  Max Mhz: 900, Current Mhz: 900, Mhz Limit: 900
Processor Information for processor 7
  Max Mhz: 900, Current Mhz: 900, Mhz Limit: 900
Processor Information for processor 8
  Max Mhz: 900, Current Mhz: 900, Mhz Limit: 900
Processor Information for processor 9
  Max Mhz: 900, Current Mhz: 900, Mhz Limit: 900
Processor Information for processor 10
  Max Mhz: 900, Current Mhz: 900, Mhz Limit: 900
Processor Information for processor 11
  Max Mhz: 900, Current Mhz: 900, Mhz Limit: 900

Memory: 4k page, system-wide physical 7916M (1740M free)
TotalPageFile size 24146M (AvailPageFile size 9416M)
current process WorkingSet (physical memory assigned to process): 104M, peak: 106M
current process commit charge ("private bytes"): 244M, peak: 247M

vm_info: Java HotSpot(TM) 64-Bit Server VM (25+37-LTS-3491) for windows-amd64 JRE (25+37-LTS-3491), built on 2025-08-14T21:13:00Z with unknown MS VC++:1943

END.
