#
# A fatal error has been detected by the Java Runtime Environment:
#
#  EXCEPTION_ACCESS_VIOLATION (0xc0000005) at pc=0x00007fffb85cfb1c, pid=60064, tid=70348
#
# JRE version: Java(TM) SE Runtime Environment (25.0+37) (build 25+37-LTS-3491)
# Java VM: Java HotSpot(TM) 64-Bit Server VM (25+37-LTS-3491, mixed mode, sharing, tiered, compressed oops, compressed class ptrs, g1 gc, windows-amd64)
# Problematic frame:
# C  [ntdll.dll+0xfb1c]
#
# No core dump will be written. Minidumps are not enabled by default on client versions of Windows
#
# If you would like to submit a bug report, please visit:
#   https://bugreport.java.com/bugreport/crash.jsp
# The crash happened outside the Java Virtual Machine in native code.
# See problematic frame for where to report the bug.
#

---------------  S U M M A R Y ------------

Command Line: netbeans_sample\dist\FDxSDKPro.jar

Host: 12th Gen Intel(R) Core(TM) i5-1235U, 12 cores, 7G,  Windows 11 , 64 bit Build 26100 (10.0.26100.7309)
Time: Tue Dec 30 15:07:26 2025 Hora estándar de Cuba elapsed time: 226.056077 seconds (0d 0h 3m 46s)

---------------  T H R E A D  ---------------

Current thread (0x00000292ccd21930):  JavaThread "SwingWorker-pool-2-thread-1" daemon [_thread_in_native, id=70348, stack(0x000000f7aa900000,0x000000f7aaa00000) (1024K)]

Stack: [0x000000f7aa900000,0x000000f7aaa00000],  sp=0x000000f7aa9fdec0,  free space=1015k
Native frames: (J=compiled Java code, j=interpreted, Vv=VM code, C=native code)
C  [ntdll.dll+0xfb1c]  (no source info available)
C  [ntdll.dll+0x12298]  (no source info available)
C  [ntdll.dll+0x165c3e]  (no source info available)
C  0x00000292d2619a4a  (no source info available)

Java frames: (J=compiled Java code, j=interpreted, Vv=VM code)
J 2498  SecuGen.FDxSDKPro.jni.JSGFPLib.GetImageEx([BJJJ)J (0 bytes) @ 0x00000292bf38ef61 [0x00000292bf38ef00+0x0000000000000061]
j  SecuGen.FDxSDKPro.samples.JSGD.performCaptureAndVerification()V+76
j  SecuGen.FDxSDKPro.samples.JSGD.access$1200(LSecuGen/FDxSDKPro/samples/JSGD;)V+1
j  SecuGen.FDxSDKPro.samples.JSGD$13.doInBackground()Ljava/lang/Void;+14
j  SecuGen.FDxSDKPro.samples.JSGD$13.doInBackground()Ljava/lang/Object;+1
j  javax.swing.SwingWorker$1.call()Ljava/lang/Object;+14 java.desktop@25
j  java.util.concurrent.FutureTask.run()V+39 java.base@25
j  javax.swing.SwingWorker.run()V+4 java.desktop@25
j  java.util.concurrent.ThreadPoolExecutor.runWorker(Ljava/util/concurrent/ThreadPoolExecutor$Worker;)V+92 java.base@25
j  java.util.concurrent.ThreadPoolExecutor$Worker.run()V+5 java.base@25
j  java.lang.Thread.runWith(Ljava/lang/Object;Ljava/lang/Runnable;)V+5 java.base@25
j  java.lang.Thread.run()V+19 java.base@25
v  ~StubRoutines::call_stub 0x00000292bed712ed

siginfo: EXCEPTION_ACCESS_VIOLATION (0xc0000005), reading address 0x00000292d265bd30


Registers:
RAX=0x000000f7aa9fe4e8, RBX=0x00000292d2617986, RCX=0x0000000000000001, RDX=0x00000292d2610000
RSP=0x000000f7aa9fdec0, RBP=0x000000f7aa9fe4d0, RSI=0x0000000000000000, RDI=0x00000292d265bd30
R8 =0x00000292d2617986, R9 =0x00000292d26ba75c, R10=0x000000000010000f, R11=0x0000000000000001
R12=0x00000292d2617986, R13=0x00000292d2610000, R14=0x0000000000000001, R15=0x000000f7aa9fdfd0
RIP=0x00007fffb85cfb1c, EFLAGS=0x0000000000010206

XMM[0]=0x0000000000000000 0x0000000000000000
XMM[1]=0x0000000000000000 0x000047a0000b3000
XMM[2]=0x0000000000000000 0x4024000000000000
XMM[3]=0x0000000000000000 0x0000000000000000
XMM[4]=0x0000000000000000 0x0000000000000000
XMM[5]=0x0000000000000000 0x0000000000000000
XMM[6]=0xa8b648f312c2a0bb 0x0a163ef24847ac12
XMM[7]=0x3cab83e395da3a92 0x5d90bb33fe8c88fb
XMM[8]=0x058f45e5b84b6314 0x0b3c73a12feebe5d
XMM[9]=0x03eaec1703eaec17 0x03eaec173bd87bc4
XMM[10]=0x0000000000000000 0x0000000037ed8fad
XMM[11]=0xf9395f5ef9395f5e 0xf9395f5e3511db22
XMM[12]=0x0000000000000000 0x000000003bd87bc4
XMM[13]=0x0000000000000000 0x0000000000000000
XMM[14]=0x0000000000000000 0x0000000000000000
XMM[15]=0x0000000000000000 0x0000000000000000
  MXCSR=0x00001fa0


Register to memory mapping:

RAX=0x000000f7aa9fe4e8 is pointing into the stack for thread: 0x00000292ccd21930
RBX=0x00000292d2617986 is an unknown value
RCX=0x0000000000000001 is an unknown value
RDX=0x00000292d2610000 is an unknown value
RSP=0x000000f7aa9fdec0 is pointing into the stack for thread: 0x00000292ccd21930
RBP=0x000000f7aa9fe4d0 is pointing into the stack for thread: 0x00000292ccd21930
RSI=0x0 is null
RDI=0x00000292d265bd30 is an unknown value
R8 =0x00000292d2617986 is an unknown value
R9 =0x00000292d26ba75c is an unknown value
R10=0x000000000010000f is an unknown value
R11=0x0000000000000001 is an unknown value
R12=0x00000292d2617986 is an unknown value
R13=0x00000292d2610000 is an unknown value
R14=0x0000000000000001 is an unknown value
R15=0x000000f7aa9fdfd0 is pointing into the stack for thread: 0x00000292ccd21930

Top of Stack: (sp=0x000000f7aa9fdec0)
0x000000f7aa9fdec0:   00000292d2610000 00000292d2619a4a   ..a.....J.a.....
0x000000f7aa9fded0:   000000f7aa9fedf0 00000292d26ba96c   ........l.k.....
0x000000f7aa9fdee0:   000000f7aa9fdfd0 0000000000000000   ................
0x000000f7aa9fdef0:   000000f7aa9fe6c0 000000f7aa9fdfd0   ................
0x000000f7aa9fdf00:   0000029200000000 000000f7aa9fe590   ................
0x000000f7aa9fdf10:   000000f7aa9fe4f8 00007fffb85cdfed   ..........\.....
0x000000f7aa9fdf20:   0000000000000000 000000000b5061a0   .........aP.....
0x000000f7aa9fdf30:   000000f7aa9fdfd0 00007fffb85d1c73   ........s.].....
0x000000f7aa9fdf40:   000000f7aa9fe6c0 000000f7aa9fdfd0   ................
0x000000f7aa9fdf50:   00000292d26ba75c 00000292d2617986   \.k......ya.....
0x000000f7aa9fdf60:   0000000000000000 00007fffb85d2298   ........."].....
0x000000f7aa9fdf70:   000000f7aa9febb0 00000292d2610000   ..........a.....
0x000000f7aa9fdf80:   00000292d2617986 00000292d26ba75c   .ya.....\.k.....
0x000000f7aa9fdf90:   000000f7aa9fdfd0 0000000000000000   ................
0x000000f7aa9fdfa0:   000000f7aa9fe4e8 000000f7aa9fe4d8   ................
0x000000f7aa9fdfb0:   000000f7aa9fe4e0 000000f7aa9fe578   ........x.......
0x000000f7aa9fdfc0:   0000000000000000 00000292ccd21930   ........0.......
0x000000f7aa9fdfd0:   00000008ccb61e80 00000292cdf01228   ........(.......
0x000000f7aa9fdfe0:   00000292ccd21930 00000292cdf01228   0.......(.......
0x000000f7aa9fdff0:   00000292ccd21930 000000f7aa9fe020   0....... .......
0x000000f7aa9fe000:   00001fa00010000f 0000000000000033   ........3.......
0x000000f7aa9fe010:   00010206002b0000 000000f7aa9f0000   ..+.............
0x000000f7aa9fe020:   00000292ccd21930 00000292cdf01228   0.......(.......
0x000000f7aa9fe030:   0000000000000000 00000000fffffcff   ................
0x000000f7aa9fe040:   0003000300030000 0003000300030003   ................
0x000000f7aa9fe050:   0003000300030003 0003000300030003   ................
0x000000f7aa9fe060:   00000292d2910b30 000000f7aa9fee50   0.......P.......
0x000000f7aa9fe070:   00000292d2f20080 00000000000003e8   ................
0x000000f7aa9fe080:   00000292d2910b30 00007ffef7554401   0........DU.....
0x000000f7aa9fe090:   00000292ccd21930 0000000000000000   0...............
0x000000f7aa9fe0a0:   00010101ffffffff 00000292d2f20080   ................
0x000000f7aa9fe0b0:   000000f7aa9ff030 0000000000000000   0...............

Instructions: (pc=0x00007fffb85cfb1c)
  0x00007fffb85cfa1c:   0d 00 00 c0 48 85 ff 41 8b c4 0f 44 c2 8b d0 e9
  0x00007fffb85cfa2c:   0c ff ff ff 80 0e 02 90 44 38 66 07 7d 3c 4c 89
  0x00007fffb85cfa3c:   64 24 38 4c 8d 44 24 30 65 48 8b 04 25 30 00 00
  0x00007fffb85cfa4c:   00 41 b9 10 00 00 00 48 8b ce 48 2b 88 50 18 00
  0x00007fffb85cfa5c:   00 41 8d 51 28 48 c1 f9 03 48 89 4c 24 30 48 c7
  0x00007fffb85cfa6c:   c1 fe ff ff ff e8 da 22 15 00 4c 89 26 e9 49 fc
  0x00007fffb85cfa7c:   ff ff 4c 3b c9 0f 84 55 fd ff ff 4c 89 41 08 e9
  0x00007fffb85cfa8c:   4c fd ff ff 49 8b c1 4d 8b 09 49 89 41 10 4d 8b
  0x00007fffb85cfa9c:   41 08 4d 85 c0 74 ed eb d9 49 8d 40 04 f6 c1 02
  0x00007fffb85cfaac:   0f 85 e9 fc ff ff e9 e1 fc ff ff cc cc cc cc cc
  0x00007fffb85cfabc:   cc cc cc cc 48 89 5c 24 08 48 89 74 24 10 4c 89
  0x00007fffb85cfacc:   4c 24 20 4c 89 44 24 18 57 41 54 41 55 41 56 41
  0x00007fffb85cfadc:   57 48 81 ec 80 00 00 00 49 8b d8 4c 8b ea 44 8b
  0x00007fffb85cfaec:   f1 4c 8b bc 24 d0 00 00 00 4c 89 7c 24 70 4d 85
  0x00007fffb85cfafc:   c9 0f 84 b1 06 00 00 33 f6 48 89 74 24 60 89 74
  0x00007fffb85cfb0c:   24 40 89 b4 24 00 01 00 00 41 8b 79 08 48 03 fa
=>0x00007fffb85cfb1c:   0f b6 0f 44 8b e1 41 83 e4 07 48 8b 84 24 d8 00
  0x00007fffb85cfb2c:   00 00 48 85 c0 0f 84 74 01 00 00 40 38 30 0f 85
  0x00007fffb85cfb3c:   6b 01 00 00 c7 84 24 00 01 00 00 01 00 00 00 41
  0x00007fffb85cfb4c:   0f ba f6 1f 89 74 24 50 f6 47 03 0f 0f 85 ec 01
  0x00007fffb85cfb5c:   00 00 39 74 24 50 0f 85 02 02 00 00 49 8b 8f 98
  0x00007fffb85cfb6c:   00 00 00 48 8b 84 24 e8 00 00 00 48 89 08 39 b4
  0x00007fffb85cfb7c:   24 00 01 00 00 0f 84 8f 00 00 00 48 8b 84 24 f8
  0x00007fffb85cfb8c:   00 00 00 48 89 44 24 38 48 8d 84 24 c8 00 00 00
  0x00007fffb85cfb9c:   48 89 44 24 30 48 8b 84 24 d8 00 00 00 48 89 44
  0x00007fffb85cfbac:   24 28 4c 89 7c 24 20 4c 8b 84 24 e8 00 00 00 4d
  0x00007fffb85cfbbc:   8b 00 48 8b d3 49 8b cd e8 07 09 00 00 85 c0 78
  0x00007fffb85cfbcc:   2b 45 85 f6 0f 85 0a 01 00 00 48 8b 84 24 f0 00
  0x00007fffb85cfbdc:   00 00 48 85 c0 74 08 48 8b 4c 24 60 48 89 08 83
  0x00007fffb85cfbec:   7c 24 40 00 0f 85 a5 04 00 00 33 c0 4c 8d 9c 24
  0x00007fffb85cfbfc:   80 00 00 00 49 8b 5b 30 49 8b 73 38 49 8b e3 41
  0x00007fffb85cfc0c:   5f 41 5e 41 5d 41 5c 5f c3 cc 41 83 fc 02 0f 83


Stack slot to memory mapping:

stack at sp + 0 slots: 0x00000292d2610000 is an unknown value
stack at sp + 1 slots: 0x00000292d2619a4a is an unknown value
stack at sp + 2 slots: 0x000000f7aa9fedf0 is pointing into the stack for thread: 0x00000292ccd21930
stack at sp + 3 slots: 0x00000292d26ba96c is an unknown value
stack at sp + 4 slots: 0x000000f7aa9fdfd0 is pointing into the stack for thread: 0x00000292ccd21930
stack at sp + 5 slots: 0x0 is null
stack at sp + 6 slots: 0x000000f7aa9fe6c0 is pointing into the stack for thread: 0x00000292ccd21930
stack at sp + 7 slots: 0x000000f7aa9fdfd0 is pointing into the stack for thread: 0x00000292ccd21930

Lock stack of current Java thread (top to bottom):


Compiled method (n/a) 226121 2498     n 0       SecuGen.FDxSDKPro.jni.JSGFPLib::GetImageEx (native)
 total in heap  [0x00000292bf38ee08,0x00000292bf38f098] = 656
 main code      [0x00000292bf38ef00,0x00000292bf38f090] = 400
 oops           [0x00000292bf38f090,0x00000292bf38f098] = 8
 mutable data [0x00000292cc29a840,0x00000292cc29a858] = 24
 relocation     [0x00000292cc29a840,0x00000292cc29a858] = 24

[Constant Pool (empty)]

[MachCode]
[Entry Point]
  # {method} {0x00000292cd904d88} 'GetImageEx' '([BJJJ)J' in 'SecuGen/FDxSDKPro/jni/JSGFPLib'
  # this:     rdx:rdx   = 'SecuGen/FDxSDKPro/jni/JSGFPLib'
  # parm0:    r8:r8     = '[B'
  # parm1:    r9:r9     = long
  # parm2:    rdi:rdi   = long
  # parm3:    rsi:rsi   = long
  #           [sp+0x80]  (sp of caller)
  0x00000292bf38ef00: 6690 448b | 5208 443b 

  0x00000292bf38ef08: ;   {runtime_call Shared Runtime ic_miss_blob}
  0x00000292bf38ef08: 5008 0f85 | d0fb a2ff 
[Verified Entry Point]
  0x00000292bf38ef10: 8984 2400 | 80ff ff55 | 488b ec48 | 83ec 7090 | 4181 7f20 | 0100 0000 

  0x00000292bf38ef28: ;   {runtime_call Stub::method_entry_barrier}
  0x00000292bf38ef28: 7405 e8d1 | 52a1 ff48 | 8974 2428 | 4889 7c24 | 204c 8944 | 2438 4983 | f800 4c8d | 4424 384c 
  0x00000292bf38ef48: 0f44 4424 | 3848 8954 | 2430 4883 | fa00 488d | 5424 3048 | 0f44 5424 | 30c5 f877 

  0x00000292bf38ef64: ;   {internal_word}
  0x00000292bf38ef64: 49ba 61ef | 38bf 9202 | 0000 4d89 | 9730 0400 | 0049 89a7 | 2804 0000 | 498d 8f48 | 0400 0041 
  0x00000292bf38ef84: c787 d404 | 0000 0400 

  0x00000292bf38ef8c: ;   {runtime_call}
  0x00000292bf38ef8c: 0000 48b8 | d03c 0080 | 0100 0000 | ffd0 c5f8 | 7741 c787 | d404 0000 | 0500 0000 | f083 4424 
  0x00000292bf38efac: c000 493b | 6f28 0f87 | 0e00 0000 | 4183 bfd0 | 0400 0000 | 0f84 2b00 | 0000 c5f8 | 7748 8945 
  0x00000292bf38efcc: f849 8bcf | 4c8b e448 | 83ec 2048 

  0x00000292bf38efd8: ;   {runtime_call}
  0x00000292bf38efd8: 83e4 f048 | b840 ac55 | f7fe 7f00 | 00ff d049 | 8be4 4d33 | e448 8b45 | f841 c787 | d404 0000 
  0x00000292bf38eff8: 0800 0000 | 4183 bf50 | 0500 0002 | 0f84 5900 | 0000 49c7 | 8728 0400 | 0000 0000 | 0049 c787 
  0x00000292bf38f018: 3004 0000 | 0000 0000 | c5f8 7749 | 8b8f b804 | 0000 c781 | 0001 0000 | 0000 0000 

  0x00000292bf38f034: ;   {poll_return}
  0x00000292bf38f034: c941 f647 | 2801 7416 

  0x00000292bf38f03c: ;   {internal_word}
  0x00000292bf38f03c: 49ba 35f0 | 38bf 9202 | 0000 4d89 | 97e0 0400 

  0x00000292bf38f04c: ;   {runtime_call SafepointBlob}
  0x00000292bf38f04c: 00e9 0e1f | a3ff 4983 | 7f08 000f | 8501 0000 

  0x00000292bf38f05c: ;   {runtime_call Stub::forward_exception}
  0x00000292bf38f05c: 00c3 e97d | 219e ffc5 | f877 4889 | 45f8 4c8b | e448 83ec | 2048 83e4 

  0x00000292bf38f074: ;   {runtime_call}
  0x00000292bf38f074: f048 b8f0 | f58e f7fe | 7f00 00ff | d049 8be4 | 4d33 e448 | 8b45 f8e9 | 7aff ffff 
[/MachCode]


---------------  P R O C E S S  ---------------

Threads class SMR info:
_java_thread_list=0x00000292ccbc1680, length=17, elements={
0x00000292cc05cb20, 0x00000292cc05d580, 0x00000292cc05fe10, 0x00000292cc0609d0,
0x00000292cc062c70, 0x00000292cc063830, 0x00000292cc06a7f0, 0x00000292cc070070,
0x00000292cc159fe0, 0x00000292cc16c2d0, 0x00000292cc4386c0, 0x00000292cc43b940,
0x00000292cc43ebc0, 0x00000292ccace470, 0x00000292acbb1a80, 0x00000292ccd21930,
0x00000292cc985700
}

Java Threads: ( => current thread )
  0x00000292cc05cb20 JavaThread "Reference Handler"          daemon [_thread_blocked, id=64044, stack(0x000000f7a9800000,0x000000f7a9900000) (1024K)]
  0x00000292cc05d580 JavaThread "Finalizer"                  daemon [_thread_blocked, id=68148, stack(0x000000f7a9900000,0x000000f7a9a00000) (1024K)]
  0x00000292cc05fe10 JavaThread "Signal Dispatcher"          daemon [_thread_blocked, id=69844, stack(0x000000f7a9a00000,0x000000f7a9b00000) (1024K)]
  0x00000292cc0609d0 JavaThread "Attach Listener"            daemon [_thread_blocked, id=64832, stack(0x000000f7a9b00000,0x000000f7a9c00000) (1024K)]
  0x00000292cc062c70 JavaThread "Service Thread"             daemon [_thread_blocked, id=28288, stack(0x000000f7a9c00000,0x000000f7a9d00000) (1024K)]
  0x00000292cc063830 JavaThread "Monitor Deflation Thread"   daemon [_thread_blocked, id=68724, stack(0x000000f7a9d00000,0x000000f7a9e00000) (1024K)]
  0x00000292cc06a7f0 JavaThread "C2 CompilerThread0"         daemon [_thread_blocked, id=40568, stack(0x000000f7a9e00000,0x000000f7a9f00000) (1024K)]
  0x00000292cc070070 JavaThread "C1 CompilerThread0"         daemon [_thread_blocked, id=60232, stack(0x000000f7a9f00000,0x000000f7aa000000) (1024K)]
  0x00000292cc159fe0 JavaThread "Notification Thread"        daemon [_thread_blocked, id=57456, stack(0x000000f7aa000000,0x000000f7aa100000) (1024K)]
  0x00000292cc16c2d0 JavaThread "Common-Cleaner"             daemon [_thread_blocked, id=59312, stack(0x000000f7aa100000,0x000000f7aa200000) (1024K)]
  0x00000292cc4386c0 JavaThread "Java2D Disposer"            daemon [_thread_blocked, id=68948, stack(0x000000f7aa200000,0x000000f7aa300000) (1024K)]
  0x00000292cc43b940 JavaThread "AWT-Shutdown"                      [_thread_blocked, id=57468, stack(0x000000f7aa300000,0x000000f7aa400000) (1024K)]
  0x00000292cc43ebc0 JavaThread "AWT-Windows"                daemon [_thread_in_native, id=68672, stack(0x000000f7aa400000,0x000000f7aa500000) (1024K)]
  0x00000292ccace470 JavaThread "AWT-EventQueue-0"                  [_thread_blocked, id=52260, stack(0x000000f7aa500000,0x000000f7aa600000) (1024K)]
  0x00000292acbb1a80 JavaThread "DestroyJavaVM"                     [_thread_blocked, id=48980, stack(0x000000f7a9000000,0x000000f7a9100000) (1024K)]
=>0x00000292ccd21930 JavaThread "SwingWorker-pool-2-thread-1" daemon [_thread_in_native, id=70348, stack(0x000000f7aa900000,0x000000f7aaa00000) (1024K)]
  0x00000292cc985700 JavaThread "TimerQueue"                 daemon [_thread_blocked, id=32056, stack(0x000000f7aaa00000,0x000000f7aab00000) (1024K)]
Total: 17

Other Threads:
  0x00000292cc049aa0 VMThread "VM Thread"                           [id=69340, stack(0x000000f7a9700000,0x000000f7a9800000) (1024K)]
  0x00000292cc035730 WatcherThread "VM Periodic Task Thread"        [id=70124, stack(0x000000f7a9600000,0x000000f7a9700000) (1024K)]
  0x00000292af0123d0 WorkerThread "GC Thread#0"                     [id=44048, stack(0x000000f7a9100000,0x000000f7a9200000) (1024K)]
  0x00000292af02db00 ConcurrentGCThread "G1 Main Marker"            [id=39424, stack(0x000000f7a9200000,0x000000f7a9300000) (1024K)]
  0x00000292af02f390 WorkerThread "G1 Conc#0"                       [id=69740, stack(0x000000f7a9300000,0x000000f7a9400000) (1024K)]
  0x00000292cbefc500 ConcurrentGCThread "G1 Refine#0"               [id=34484, stack(0x000000f7a9400000,0x000000f7a9500000) (1024K)]
  0x00000292cbefcdc0 ConcurrentGCThread "G1 Service"                [id=55904, stack(0x000000f7a9500000,0x000000f7a9600000) (1024K)]
Total: 7

Threads with active compile tasks:
Total: 0

VM state: not at safepoint (normal execution)

VM Mutex/Monitor currently owned by a thread: None

Heap address: 0x0000000084400000, size: 1980 MB, Compressed Oops mode: 32-bit

CDS archive(s) mapped at: [0x000000000b000000-0x000000000bdd0000-0x000000000bdd0000), size 14483456, SharedBaseAddress: 0x000000000b000000, ArchiveRelocationMode: 1.
Compressed class space mapped at: 0x000000000c000000-0x000000004c000000, reserved size: 1073741824
UseCompressedClassPointers 1, UseCompactObjectHeaders 0
Narrow klass pointer bits 32, Max shift 3
Narrow klass base: 0x000000000b000000, Narrow klass shift: 0
Encoding Range: [0x000000000b000000 - 0x000000010b000000), (4294967296 bytes)
Klass Range:    [0x000000000b010000 - 0x000000004c000000), (1090453504 bytes)
Klass ID Range:  [65536 - 1090519033) (1090453497)
Protection zone: [0x000000000b000000 - 0x000000000b010000), (65536 bytes)

GC Precious Log:
 CardTable entry size: 512
 Card Set container configuration: InlinePtr #cards 5 size 8 Array Of Cards #cards 10 size 36 Howl #buckets 4 coarsen threshold 1843 Howl Bitmap #cards 512 size 80 coarsen threshold 460 Card regions per heap region 1 cards per card region 2048
 CPUs: 12 total, 12 available
 Memory: 7916M
 Large Page Support: Disabled
 NUMA Support: Disabled
 Compressed Oops: Enabled (32-bit)
 Heap Region Size: 1M
 Heap Min Capacity: 8M
 Heap Initial Capacity: 124M
 Heap Max Capacity: 1980M
 Pre-touch: Disabled
 Parallel Workers: 10
 Concurrent Workers: 3
 Concurrent Refinement Workers: 10
 Periodic GC: Disabled

Heap:
 garbage-first heap   total reserved 2027520K, committed 129024K, used 30869K [0x0000000084400000, 0x0000000100000000)
  region size 1024K, 28 young (28672K), 0 survivors (0K)

Heap Regions: E=young(eden), S=young(survivor), O=old, HS=humongous(starts), HC=humongous(continues), CS=collection set, F=free, TAMS=top-at-mark-start, PB=parsable bottom
|   0|0x0000000084400000, 0x0000000084500000, 0x0000000084500000|100%|HS|  |TAMS 0x0000000084400000| PB 0x0000000084400000| Complete |  0
|   1|0x0000000084500000, 0x0000000084600000, 0x0000000084600000|100%|HC|  |TAMS 0x0000000084500000| PB 0x0000000084500000| Complete |  0
|   2|0x0000000084600000, 0x0000000084600000, 0x0000000084700000|  0%| F|  |TAMS 0x0000000084600000| PB 0x0000000084600000| Untracked |  0
|   3|0x0000000084700000, 0x0000000084700000, 0x0000000084800000|  0%| F|  |TAMS 0x0000000084700000| PB 0x0000000084700000| Untracked |  0
|   4|0x0000000084800000, 0x0000000084800000, 0x0000000084900000|  0%| F|  |TAMS 0x0000000084800000| PB 0x0000000084800000| Untracked |  0
|   5|0x0000000084900000, 0x0000000084900000, 0x0000000084a00000|  0%| F|  |TAMS 0x0000000084900000| PB 0x0000000084900000| Untracked |  0
|   6|0x0000000084a00000, 0x0000000084a00000, 0x0000000084b00000|  0%| F|  |TAMS 0x0000000084a00000| PB 0x0000000084a00000| Untracked |  0
|   7|0x0000000084b00000, 0x0000000084b00000, 0x0000000084c00000|  0%| F|  |TAMS 0x0000000084b00000| PB 0x0000000084b00000| Untracked |  0
|   8|0x0000000084c00000, 0x0000000084c00000, 0x0000000084d00000|  0%| F|  |TAMS 0x0000000084c00000| PB 0x0000000084c00000| Untracked |  0
|   9|0x0000000084d00000, 0x0000000084d00000, 0x0000000084e00000|  0%| F|  |TAMS 0x0000000084d00000| PB 0x0000000084d00000| Untracked |  0
|  10|0x0000000084e00000, 0x0000000084e00000, 0x0000000084f00000|  0%| F|  |TAMS 0x0000000084e00000| PB 0x0000000084e00000| Untracked |  0
|  11|0x0000000084f00000, 0x0000000084f00000, 0x0000000085000000|  0%| F|  |TAMS 0x0000000084f00000| PB 0x0000000084f00000| Untracked |  0
|  12|0x0000000085000000, 0x0000000085000000, 0x0000000085100000|  0%| F|  |TAMS 0x0000000085000000| PB 0x0000000085000000| Untracked |  0
|  13|0x0000000085100000, 0x0000000085100000, 0x0000000085200000|  0%| F|  |TAMS 0x0000000085100000| PB 0x0000000085100000| Untracked |  0
|  14|0x0000000085200000, 0x0000000085200000, 0x0000000085300000|  0%| F|  |TAMS 0x0000000085200000| PB 0x0000000085200000| Untracked |  0
|  15|0x0000000085300000, 0x0000000085300000, 0x0000000085400000|  0%| F|  |TAMS 0x0000000085300000| PB 0x0000000085300000| Untracked |  0
|  16|0x0000000085400000, 0x0000000085400000, 0x0000000085500000|  0%| F|  |TAMS 0x0000000085400000| PB 0x0000000085400000| Untracked |  0
|  17|0x0000000085500000, 0x0000000085500000, 0x0000000085600000|  0%| F|  |TAMS 0x0000000085500000| PB 0x0000000085500000| Untracked |  0
|  18|0x0000000085600000, 0x0000000085600000, 0x0000000085700000|  0%| F|  |TAMS 0x0000000085600000| PB 0x0000000085600000| Untracked |  0
|  19|0x0000000085700000, 0x0000000085700000, 0x0000000085800000|  0%| F|  |TAMS 0x0000000085700000| PB 0x0000000085700000| Untracked |  0
|  20|0x0000000085800000, 0x0000000085800000, 0x0000000085900000|  0%| F|  |TAMS 0x0000000085800000| PB 0x0000000085800000| Untracked |  0
|  21|0x0000000085900000, 0x0000000085900000, 0x0000000085a00000|  0%| F|  |TAMS 0x0000000085900000| PB 0x0000000085900000| Untracked |  0
|  22|0x0000000085a00000, 0x0000000085a00000, 0x0000000085b00000|  0%| F|  |TAMS 0x0000000085a00000| PB 0x0000000085a00000| Untracked |  0
|  23|0x0000000085b00000, 0x0000000085b00000, 0x0000000085c00000|  0%| F|  |TAMS 0x0000000085b00000| PB 0x0000000085b00000| Untracked |  0
|  24|0x0000000085c00000, 0x0000000085c00000, 0x0000000085d00000|  0%| F|  |TAMS 0x0000000085c00000| PB 0x0000000085c00000| Untracked |  0
|  25|0x0000000085d00000, 0x0000000085d00000, 0x0000000085e00000|  0%| F|  |TAMS 0x0000000085d00000| PB 0x0000000085d00000| Untracked |  0
|  26|0x0000000085e00000, 0x0000000085e00000, 0x0000000085f00000|  0%| F|  |TAMS 0x0000000085e00000| PB 0x0000000085e00000| Untracked |  0
|  27|0x0000000085f00000, 0x0000000085f00000, 0x0000000086000000|  0%| F|  |TAMS 0x0000000085f00000| PB 0x0000000085f00000| Untracked |  0
|  28|0x0000000086000000, 0x0000000086000000, 0x0000000086100000|  0%| F|  |TAMS 0x0000000086000000| PB 0x0000000086000000| Untracked |  0
|  29|0x0000000086100000, 0x0000000086100000, 0x0000000086200000|  0%| F|  |TAMS 0x0000000086100000| PB 0x0000000086100000| Untracked |  0
|  30|0x0000000086200000, 0x0000000086200000, 0x0000000086300000|  0%| F|  |TAMS 0x0000000086200000| PB 0x0000000086200000| Untracked |  0
|  31|0x0000000086300000, 0x0000000086300000, 0x0000000086400000|  0%| F|  |TAMS 0x0000000086300000| PB 0x0000000086300000| Untracked |  0
|  32|0x0000000086400000, 0x0000000086400000, 0x0000000086500000|  0%| F|  |TAMS 0x0000000086400000| PB 0x0000000086400000| Untracked |  0
|  33|0x0000000086500000, 0x0000000086500000, 0x0000000086600000|  0%| F|  |TAMS 0x0000000086500000| PB 0x0000000086500000| Untracked |  0
|  34|0x0000000086600000, 0x0000000086600000, 0x0000000086700000|  0%| F|  |TAMS 0x0000000086600000| PB 0x0000000086600000| Untracked |  0
|  35|0x0000000086700000, 0x0000000086700000, 0x0000000086800000|  0%| F|  |TAMS 0x0000000086700000| PB 0x0000000086700000| Untracked |  0
|  36|0x0000000086800000, 0x0000000086800000, 0x0000000086900000|  0%| F|  |TAMS 0x0000000086800000| PB 0x0000000086800000| Untracked |  0
|  37|0x0000000086900000, 0x0000000086900000, 0x0000000086a00000|  0%| F|  |TAMS 0x0000000086900000| PB 0x0000000086900000| Untracked |  0
|  38|0x0000000086a00000, 0x0000000086a00000, 0x0000000086b00000|  0%| F|  |TAMS 0x0000000086a00000| PB 0x0000000086a00000| Untracked |  0
|  39|0x0000000086b00000, 0x0000000086b00000, 0x0000000086c00000|  0%| F|  |TAMS 0x0000000086b00000| PB 0x0000000086b00000| Untracked |  0
|  40|0x0000000086c00000, 0x0000000086c00000, 0x0000000086d00000|  0%| F|  |TAMS 0x0000000086c00000| PB 0x0000000086c00000| Untracked |  0
|  41|0x0000000086d00000, 0x0000000086d00000, 0x0000000086e00000|  0%| F|  |TAMS 0x0000000086d00000| PB 0x0000000086d00000| Untracked |  0
|  42|0x0000000086e00000, 0x0000000086e00000, 0x0000000086f00000|  0%| F|  |TAMS 0x0000000086e00000| PB 0x0000000086e00000| Untracked |  0
|  43|0x0000000086f00000, 0x0000000086f00000, 0x0000000087000000|  0%| F|  |TAMS 0x0000000086f00000| PB 0x0000000086f00000| Untracked |  0
|  44|0x0000000087000000, 0x0000000087000000, 0x0000000087100000|  0%| F|  |TAMS 0x0000000087000000| PB 0x0000000087000000| Untracked |  0
|  45|0x0000000087100000, 0x0000000087100000, 0x0000000087200000|  0%| F|  |TAMS 0x0000000087100000| PB 0x0000000087100000| Untracked |  0
|  46|0x0000000087200000, 0x0000000087200000, 0x0000000087300000|  0%| F|  |TAMS 0x0000000087200000| PB 0x0000000087200000| Untracked |  0
|  47|0x0000000087300000, 0x0000000087300000, 0x0000000087400000|  0%| F|  |TAMS 0x0000000087300000| PB 0x0000000087300000| Untracked |  0
|  48|0x0000000087400000, 0x0000000087400000, 0x0000000087500000|  0%| F|  |TAMS 0x0000000087400000| PB 0x0000000087400000| Untracked |  0
|  49|0x0000000087500000, 0x0000000087500000, 0x0000000087600000|  0%| F|  |TAMS 0x0000000087500000| PB 0x0000000087500000| Untracked |  0
|  50|0x0000000087600000, 0x0000000087600000, 0x0000000087700000|  0%| F|  |TAMS 0x0000000087600000| PB 0x0000000087600000| Untracked |  0
|  51|0x0000000087700000, 0x0000000087700000, 0x0000000087800000|  0%| F|  |TAMS 0x0000000087700000| PB 0x0000000087700000| Untracked |  0
|  52|0x0000000087800000, 0x0000000087800000, 0x0000000087900000|  0%| F|  |TAMS 0x0000000087800000| PB 0x0000000087800000| Untracked |  0
|  53|0x0000000087900000, 0x0000000087900000, 0x0000000087a00000|  0%| F|  |TAMS 0x0000000087900000| PB 0x0000000087900000| Untracked |  0
|  54|0x0000000087a00000, 0x0000000087a00000, 0x0000000087b00000|  0%| F|  |TAMS 0x0000000087a00000| PB 0x0000000087a00000| Untracked |  0
|  55|0x0000000087b00000, 0x0000000087b00000, 0x0000000087c00000|  0%| F|  |TAMS 0x0000000087b00000| PB 0x0000000087b00000| Untracked |  0
|  56|0x0000000087c00000, 0x0000000087c00000, 0x0000000087d00000|  0%| F|  |TAMS 0x0000000087c00000| PB 0x0000000087c00000| Untracked |  0
|  57|0x0000000087d00000, 0x0000000087d00000, 0x0000000087e00000|  0%| F|  |TAMS 0x0000000087d00000| PB 0x0000000087d00000| Untracked |  0
|  58|0x0000000087e00000, 0x0000000087e00000, 0x0000000087f00000|  0%| F|  |TAMS 0x0000000087e00000| PB 0x0000000087e00000| Untracked |  0
|  59|0x0000000087f00000, 0x0000000087f00000, 0x0000000088000000|  0%| F|  |TAMS 0x0000000087f00000| PB 0x0000000087f00000| Untracked |  0
|  60|0x0000000088000000, 0x0000000088000000, 0x0000000088100000|  0%| F|  |TAMS 0x0000000088000000| PB 0x0000000088000000| Untracked |  0
|  61|0x0000000088100000, 0x0000000088100000, 0x0000000088200000|  0%| F|  |TAMS 0x0000000088100000| PB 0x0000000088100000| Untracked |  0
|  62|0x0000000088200000, 0x0000000088200000, 0x0000000088300000|  0%| F|  |TAMS 0x0000000088200000| PB 0x0000000088200000| Untracked |  0
|  63|0x0000000088300000, 0x0000000088300000, 0x0000000088400000|  0%| F|  |TAMS 0x0000000088300000| PB 0x0000000088300000| Untracked |  0
|  64|0x0000000088400000, 0x0000000088400000, 0x0000000088500000|  0%| F|  |TAMS 0x0000000088400000| PB 0x0000000088400000| Untracked |  0
|  65|0x0000000088500000, 0x0000000088500000, 0x0000000088600000|  0%| F|  |TAMS 0x0000000088500000| PB 0x0000000088500000| Untracked |  0
|  66|0x0000000088600000, 0x0000000088600000, 0x0000000088700000|  0%| F|  |TAMS 0x0000000088600000| PB 0x0000000088600000| Untracked |  0
|  67|0x0000000088700000, 0x0000000088700000, 0x0000000088800000|  0%| F|  |TAMS 0x0000000088700000| PB 0x0000000088700000| Untracked |  0
|  68|0x0000000088800000, 0x0000000088800000, 0x0000000088900000|  0%| F|  |TAMS 0x0000000088800000| PB 0x0000000088800000| Untracked |  0
|  69|0x0000000088900000, 0x0000000088900000, 0x0000000088a00000|  0%| F|  |TAMS 0x0000000088900000| PB 0x0000000088900000| Untracked |  0
|  70|0x0000000088a00000, 0x0000000088a00000, 0x0000000088b00000|  0%| F|  |TAMS 0x0000000088a00000| PB 0x0000000088a00000| Untracked |  0
|  71|0x0000000088b00000, 0x0000000088b00000, 0x0000000088c00000|  0%| F|  |TAMS 0x0000000088b00000| PB 0x0000000088b00000| Untracked |  0
|  72|0x0000000088c00000, 0x0000000088c00000, 0x0000000088d00000|  0%| F|  |TAMS 0x0000000088c00000| PB 0x0000000088c00000| Untracked |  0
|  73|0x0000000088d00000, 0x0000000088d00000, 0x0000000088e00000|  0%| F|  |TAMS 0x0000000088d00000| PB 0x0000000088d00000| Untracked |  0
|  74|0x0000000088e00000, 0x0000000088e00000, 0x0000000088f00000|  0%| F|  |TAMS 0x0000000088e00000| PB 0x0000000088e00000| Untracked |  0
|  75|0x0000000088f00000, 0x0000000088f00000, 0x0000000089000000|  0%| F|  |TAMS 0x0000000088f00000| PB 0x0000000088f00000| Untracked |  0
|  76|0x0000000089000000, 0x0000000089000000, 0x0000000089100000|  0%| F|  |TAMS 0x0000000089000000| PB 0x0000000089000000| Untracked |  0
|  77|0x0000000089100000, 0x0000000089100000, 0x0000000089200000|  0%| F|  |TAMS 0x0000000089100000| PB 0x0000000089100000| Untracked |  0
|  78|0x0000000089200000, 0x0000000089200000, 0x0000000089300000|  0%| F|  |TAMS 0x0000000089200000| PB 0x0000000089200000| Untracked |  0
|  79|0x0000000089300000, 0x0000000089300000, 0x0000000089400000|  0%| F|  |TAMS 0x0000000089300000| PB 0x0000000089300000| Untracked |  0
|  80|0x0000000089400000, 0x0000000089400000, 0x0000000089500000|  0%| F|  |TAMS 0x0000000089400000| PB 0x0000000089400000| Untracked |  0
|  81|0x0000000089500000, 0x0000000089500000, 0x0000000089600000|  0%| F|  |TAMS 0x0000000089500000| PB 0x0000000089500000| Untracked |  0
|  82|0x0000000089600000, 0x0000000089600000, 0x0000000089700000|  0%| F|  |TAMS 0x0000000089600000| PB 0x0000000089600000| Untracked |  0
|  83|0x0000000089700000, 0x0000000089700000, 0x0000000089800000|  0%| F|  |TAMS 0x0000000089700000| PB 0x0000000089700000| Untracked |  0
|  84|0x0000000089800000, 0x0000000089800000, 0x0000000089900000|  0%| F|  |TAMS 0x0000000089800000| PB 0x0000000089800000| Untracked |  0
|  85|0x0000000089900000, 0x0000000089900000, 0x0000000089a00000|  0%| F|  |TAMS 0x0000000089900000| PB 0x0000000089900000| Untracked |  0
|  86|0x0000000089a00000, 0x0000000089a00000, 0x0000000089b00000|  0%| F|  |TAMS 0x0000000089a00000| PB 0x0000000089a00000| Untracked |  0
|  87|0x0000000089b00000, 0x0000000089b00000, 0x0000000089c00000|  0%| F|  |TAMS 0x0000000089b00000| PB 0x0000000089b00000| Untracked |  0
|  88|0x0000000089c00000, 0x0000000089c00000, 0x0000000089d00000|  0%| F|  |TAMS 0x0000000089c00000| PB 0x0000000089c00000| Untracked |  0
|  89|0x0000000089d00000, 0x0000000089d00000, 0x0000000089e00000|  0%| F|  |TAMS 0x0000000089d00000| PB 0x0000000089d00000| Untracked |  0
|  90|0x0000000089e00000, 0x0000000089e00000, 0x0000000089f00000|  0%| F|  |TAMS 0x0000000089e00000| PB 0x0000000089e00000| Untracked |  0
|  91|0x0000000089f00000, 0x0000000089f00000, 0x000000008a000000|  0%| F|  |TAMS 0x0000000089f00000| PB 0x0000000089f00000| Untracked |  0
|  92|0x000000008a000000, 0x000000008a000000, 0x000000008a100000|  0%| F|  |TAMS 0x000000008a000000| PB 0x000000008a000000| Untracked |  0
|  93|0x000000008a100000, 0x000000008a100000, 0x000000008a200000|  0%| F|  |TAMS 0x000000008a100000| PB 0x000000008a100000| Untracked |  0
|  94|0x000000008a200000, 0x000000008a200000, 0x000000008a300000|  0%| F|  |TAMS 0x000000008a200000| PB 0x000000008a200000| Untracked |  0
|  95|0x000000008a300000, 0x000000008a300000, 0x000000008a400000|  0%| F|  |TAMS 0x000000008a300000| PB 0x000000008a300000| Untracked |  0
|  96|0x000000008a400000, 0x000000008a482e50, 0x000000008a500000| 51%| E|  |TAMS 0x000000008a400000| PB 0x000000008a400000| Complete |  0
|  97|0x000000008a500000, 0x000000008a600000, 0x000000008a600000|100%| E|CS|TAMS 0x000000008a500000| PB 0x000000008a500000| Complete |  0
|  98|0x000000008a600000, 0x000000008a700000, 0x000000008a700000|100%| E|CS|TAMS 0x000000008a600000| PB 0x000000008a600000| Complete |  0
|  99|0x000000008a700000, 0x000000008a800000, 0x000000008a800000|100%| E|CS|TAMS 0x000000008a700000| PB 0x000000008a700000| Complete |  0
| 100|0x000000008a800000, 0x000000008a900000, 0x000000008a900000|100%| E|CS|TAMS 0x000000008a800000| PB 0x000000008a800000| Complete |  0
| 101|0x000000008a900000, 0x000000008aa00000, 0x000000008aa00000|100%| E|CS|TAMS 0x000000008a900000| PB 0x000000008a900000| Complete |  0
| 102|0x000000008aa00000, 0x000000008ab00000, 0x000000008ab00000|100%| E|CS|TAMS 0x000000008aa00000| PB 0x000000008aa00000| Complete |  0
| 103|0x000000008ab00000, 0x000000008ac00000, 0x000000008ac00000|100%| E|CS|TAMS 0x000000008ab00000| PB 0x000000008ab00000| Complete |  0
| 104|0x000000008ac00000, 0x000000008ad00000, 0x000000008ad00000|100%| E|CS|TAMS 0x000000008ac00000| PB 0x000000008ac00000| Complete |  0
| 105|0x000000008ad00000, 0x000000008ae00000, 0x000000008ae00000|100%| E|CS|TAMS 0x000000008ad00000| PB 0x000000008ad00000| Complete |  0
| 106|0x000000008ae00000, 0x000000008af00000, 0x000000008af00000|100%| E|CS|TAMS 0x000000008ae00000| PB 0x000000008ae00000| Complete |  0
| 107|0x000000008af00000, 0x000000008b000000, 0x000000008b000000|100%| E|CS|TAMS 0x000000008af00000| PB 0x000000008af00000| Complete |  0
| 108|0x000000008b000000, 0x000000008b100000, 0x000000008b100000|100%| E|CS|TAMS 0x000000008b000000| PB 0x000000008b000000| Complete |  0
| 109|0x000000008b100000, 0x000000008b200000, 0x000000008b200000|100%| E|CS|TAMS 0x000000008b100000| PB 0x000000008b100000| Complete |  0
| 110|0x000000008b200000, 0x000000008b300000, 0x000000008b300000|100%| E|CS|TAMS 0x000000008b200000| PB 0x000000008b200000| Complete |  0
| 111|0x000000008b300000, 0x000000008b400000, 0x000000008b400000|100%| E|CS|TAMS 0x000000008b300000| PB 0x000000008b300000| Complete |  0
| 112|0x000000008b400000, 0x000000008b500000, 0x000000008b500000|100%| E|CS|TAMS 0x000000008b400000| PB 0x000000008b400000| Complete |  0
| 113|0x000000008b500000, 0x000000008b600000, 0x000000008b600000|100%| E|CS|TAMS 0x000000008b500000| PB 0x000000008b500000| Complete |  0
| 114|0x000000008b600000, 0x000000008b700000, 0x000000008b700000|100%| E|CS|TAMS 0x000000008b600000| PB 0x000000008b600000| Complete |  0
| 115|0x000000008b700000, 0x000000008b800000, 0x000000008b800000|100%| E|CS|TAMS 0x000000008b700000| PB 0x000000008b700000| Complete |  0
| 116|0x000000008b800000, 0x000000008b900000, 0x000000008b900000|100%| E|CS|TAMS 0x000000008b800000| PB 0x000000008b800000| Complete |  0
| 117|0x000000008b900000, 0x000000008ba00000, 0x000000008ba00000|100%| E|CS|TAMS 0x000000008b900000| PB 0x000000008b900000| Complete |  0
| 118|0x000000008ba00000, 0x000000008bb00000, 0x000000008bb00000|100%| E|CS|TAMS 0x000000008ba00000| PB 0x000000008ba00000| Complete |  0
| 119|0x000000008bb00000, 0x000000008bc00000, 0x000000008bc00000|100%| E|CS|TAMS 0x000000008bb00000| PB 0x000000008bb00000| Complete |  0
| 120|0x000000008bc00000, 0x000000008bd00000, 0x000000008bd00000|100%| E|CS|TAMS 0x000000008bc00000| PB 0x000000008bc00000| Complete |  0
| 121|0x000000008bd00000, 0x000000008be00000, 0x000000008be00000|100%| E|CS|TAMS 0x000000008bd00000| PB 0x000000008bd00000| Complete |  0
| 122|0x000000008be00000, 0x000000008bf00000, 0x000000008bf00000|100%| E|CS|TAMS 0x000000008be00000| PB 0x000000008be00000| Complete |  0
| 123|0x000000008bf00000, 0x000000008c000000, 0x000000008c000000|100%| E|CS|TAMS 0x000000008bf00000| PB 0x000000008bf00000| Complete |  0
|1978|0x00000000ffe00000, 0x00000000fff00000, 0x00000000fff00000|100%| O|  |TAMS 0x00000000ffe00000| PB 0x00000000ffe00000| Untracked |  0
|1979|0x00000000fff00000, 0x00000000fff25608, 0x0000000100000000| 14%| O|  |TAMS 0x00000000fff00000| PB 0x00000000fff00000| Untracked |  0

Card table byte_map: [0x00000292c7170000,0x00000292c7550000] _byte_map_base: 0x00000292c6d4e000

Marking Bits: (CMBitMap*) 0x00000292af014a70
 Bits: [0x00000292c7550000, 0x00000292c9440000)

Polling page: 0x00000292ad060000

Metaspace:
Metaspace        used 16155K, committed 16384K, reserved 1114112K
 class space     used 1441K, committed 1536K, reserved 1048576K

Usage:
  Non-class:     14.37 MB used.
      Class:      1.41 MB used.
       Both:     15.78 MB used.

Virtual space:
  Non-class space:       64.00 MB reserved,      14.50 MB ( 23%) committed,  1 nodes.
      Class space:        1.00 GB reserved,       1.50 MB ( <1%) committed,  1 nodes.
             Both:        1.06 GB reserved,      16.00 MB (  1%) committed. 

Chunk freelists:
   Non-Class:  1018.00 KB
       Class:  14.52 MB
        Both:  15.52 MB

MaxMetaspaceSize: unlimited
CompressedClassSpaceSize: 1.00 GB
Initial GC threshold: 21.00 MB
Current GC threshold: 21.00 MB
CDS: on
 - commit_granule_bytes: 65536.
 - commit_granule_words: 8192.
 - virtual_space_node_default_size: 8388608.
 - enlarge_chunks_in_place: 1.
UseCompressedClassPointers 1, UseCompactObjectHeaders 0
Narrow klass pointer bits 32, Max shift 3
Narrow klass base: 0x000000000b000000, Narrow klass shift: 0
Encoding Range: [0x000000000b000000 - 0x000000010b000000), (4294967296 bytes)
Klass Range:    [0x000000000b010000 - 0x000000004c000000), (1090453504 bytes)
Klass ID Range:  [65536 - 1090519033) (1090453497)
Protection zone: [0x000000000b000000 - 0x000000000b010000), (65536 bytes)


Internal statistics:

num_allocs_failed_limit: 0.
num_arena_births: 144.
num_arena_deaths: 0.
num_vsnodes_births: 2.
num_vsnodes_deaths: 0.
num_space_committed: 256.
num_space_uncommitted: 0.
num_chunks_returned_to_freelist: 0.
num_chunks_taken_from_freelist: 282.
num_chunk_merges: 0.
num_chunk_splits: 175.
num_chunks_enlarged: 113.
num_inconsistent_stats: 0.

CodeHeap 'non-profiled nmethods': size=120064Kb used=584Kb max_used=584Kb free=119480Kb
 bounds [0x00000292bf300000, 0x00000292bf570000, 0x00000292c6840000]
CodeHeap 'profiled nmethods': size=120000Kb used=3814Kb max_used=3814Kb free=116185Kb
 bounds [0x00000292b7840000, 0x00000292b7c00000, 0x00000292bed70000]
CodeHeap 'non-nmethods': size=5696Kb used=1622Kb max_used=1652Kb free=4073Kb
 bounds [0x00000292bed70000, 0x00000292befe0000, 0x00000292bf300000]
CodeCache: size=245760Kb, used=6020Kb, max_used=6050Kb, free=239738Kb
 total_blobs=3330, nmethods=2571, adapters=662, full_count=0
Compilation: enabled, stopped_count=0, restarted_count=0

Compilation events (20 events):
Event: 226.040 Thread 0x00000292cc070070 2523       3       java.util.concurrent.ConcurrentHashMap$ValuesView::iterator (34 bytes)
Event: 226.040 Thread 0x00000292cc070070 nmethod 2523 0x00000292b7bec088 code [0x00000292b7bec180, 0x00000292b7bec398]
Event: 226.040 Thread 0x00000292cc070070 2524       3       java.util.concurrent.ConcurrentHashMap$ValueIterator::<init> (12 bytes)
Event: 226.040 Thread 0x00000292cc070070 nmethod 2524 0x00000292b7bec408 code [0x00000292b7bec500, 0x00000292b7bec630]
Event: 226.040 Thread 0x00000292cc070070 2525       3       java.lang.invoke.MethodHandles$Lookup::findBoundCallerLookup (30 bytes)
Event: 226.040 Thread 0x00000292cc070070 nmethod 2525 0x00000292b7bec708 code [0x00000292b7bec800, 0x00000292b7becf68]
Event: 226.040 Thread 0x00000292cc070070 2526       3       java.lang.invoke.MethodHandles$Lookup::getDirectMethod (14 bytes)
Event: 226.040 Thread 0x00000292cc070070 nmethod 2526 0x00000292b7becf88 code [0x00000292b7bed080, 0x00000292b7bed1b8]
Event: 226.040 Thread 0x00000292cc070070 2527       3       java.lang.invoke.MethodHandles$Lookup::getDirectMethodCommon (289 bytes)
Event: 226.041 Thread 0x00000292cc070070 nmethod 2527 0x00000292b7bed288 code [0x00000292b7bed380, 0x00000292b7beedf8]
Event: 226.041 Thread 0x00000292cc070070 2528       3       java.lang.invoke.MethodHandles$Lookup::checkMethod (87 bytes)
Event: 226.042 Thread 0x00000292cc070070 nmethod 2528 0x00000292b7beee08 code [0x00000292b7beef00, 0x00000292b7bef798]
Event: 226.042 Thread 0x00000292cc070070 2530       3       java.lang.invoke.MethodHandles$Lookup::maybeBindCaller (72 bytes)
Event: 226.042 Thread 0x00000292cc070070 nmethod 2530 0x00000292b7bef808 code [0x00000292b7bef900, 0x00000292b7bf0188]
Event: 226.042 Thread 0x00000292cc070070 2544       3       java.awt.event.InvocationEvent::<init> (13 bytes)
Event: 226.043 Thread 0x00000292cc070070 nmethod 2544 0x00000292b7bf0208 code [0x00000292b7bf0300, 0x00000292b7bf0458]
Event: 226.043 Thread 0x00000292cc070070 2535       3       jdk.internal.classfile.impl.AbstractPoolEntry$ClassEntryImpl::clone (9 bytes)
Event: 226.043 Thread 0x00000292cc070070 nmethod 2535 0x00000292b7bf0508 code [0x00000292b7bf0600, 0x00000292b7bf0890]
Event: 226.043 Thread 0x00000292cc070070 2536       3       jdk.internal.classfile.impl.SplitConstantPool::cloneClassEntry (84 bytes)
Event: 226.043 Thread 0x00000292cc070070 nmethod 2536 0x00000292b7bf0908 code [0x00000292b7bf0a00, 0x00000292b7bf12c0]

GC Heap Usage History (0 events):
No events

Metaspace Usage History (0 events):
No events

Dll operation events (12 events):
Event: 0.006 Loaded shared library C:\Program Files\Java\jdk-25\bin\java.dll
Event: 0.034 Loaded shared library C:\Program Files\Java\jdk-25\bin\net.dll
Event: 0.035 Loaded shared library C:\Program Files\Java\jdk-25\bin\nio.dll
Event: 0.042 Loaded shared library C:\Program Files\Java\jdk-25\bin\zip.dll
Event: 0.054 Loaded shared library C:\Program Files\Java\jdk-25\bin\jimage.dll
Event: 0.091 Loaded shared library C:\Program Files\Java\jdk-25\bin\awt.dll
Event: 0.334 Loaded shared library C:\Program Files\Java\jdk-25\bin\verify.dll
Event: 0.345 Loaded shared library C:\Program Files\Java\jdk-25\bin\freetype.dll
Event: 0.347 Loaded shared library C:\Program Files\Java\jdk-25\bin\fontmanager.dll
Event: 2.718 Loaded shared library C:\Windows\System32\jnisgfplib.dll
Event: 7.147 Loaded shared library C:\Program Files\Java\jdk-25\bin\extnet.dll
Event: 11.227 Loaded shared library C:\Users\daeldrn\AppData\Local\Temp\webp-imageio-unknown-2143f1b1-6874-4057-8fa4-4a00ad30666f-webp-imageio.dll

Deoptimization events (20 events):
Event: 11.281 Thread 0x00000292ccace470 Uncommon trap: trap_request=0xffffffde fr.pc=0x00000292bf322354 relative=0x00000000000001d4
Event: 11.281 Thread 0x00000292ccace470 Uncommon trap: reason=class_check action=maybe_recompile pc=0x00000292bf322354 method=java.lang.String.equals(Ljava/lang/Object;)Z @ 8 c2
Event: 11.281 Thread 0x00000292ccace470 DEOPT PACKING pc=0x00000292bf322354 sp=0x000000f7aa5fdc20
Event: 11.281 Thread 0x00000292ccace470 DEOPT UNPACKING pc=0x00000292bee91002 sp=0x000000f7aa5fdbb8 mode 2
Event: 11.281 Thread 0x00000292ccace470 Uncommon trap: trap_request=0xffffffde fr.pc=0x00000292bf322354 relative=0x00000000000001d4
Event: 11.281 Thread 0x00000292ccace470 Uncommon trap: reason=class_check action=maybe_recompile pc=0x00000292bf322354 method=java.lang.String.equals(Ljava/lang/Object;)Z @ 8 c2
Event: 11.281 Thread 0x00000292ccace470 DEOPT PACKING pc=0x00000292bf322354 sp=0x000000f7aa5fde10
Event: 11.281 Thread 0x00000292ccace470 DEOPT UNPACKING pc=0x00000292bee91002 sp=0x000000f7aa5fdda8 mode 2
Event: 11.281 Thread 0x00000292ccace470 Uncommon trap: trap_request=0xffffffde fr.pc=0x00000292bf322354 relative=0x00000000000001d4
Event: 11.281 Thread 0x00000292ccace470 Uncommon trap: reason=class_check action=maybe_recompile pc=0x00000292bf322354 method=java.lang.String.equals(Ljava/lang/Object;)Z @ 8 c2
Event: 11.281 Thread 0x00000292ccace470 DEOPT PACKING pc=0x00000292bf322354 sp=0x000000f7aa5fe440
Event: 11.281 Thread 0x00000292ccace470 DEOPT UNPACKING pc=0x00000292bee91002 sp=0x000000f7aa5fe3d8 mode 2
Event: 11.292 Thread 0x00000292ccace470 Uncommon trap: trap_request=0xffffff54 fr.pc=0x00000292bf376064 relative=0x0000000000000064
Event: 11.292 Thread 0x00000292ccace470 Uncommon trap: reason=speculate_null_check action=make_not_entrant pc=0x00000292bf376064 method=jdk.internal.misc.Unsafe.getIntUnaligned(Ljava/lang/Object;JZ)I @ 5 c2
Event: 11.292 Thread 0x00000292ccace470 DEOPT PACKING pc=0x00000292bf376064 sp=0x000000f7aa5fd430
Event: 11.292 Thread 0x00000292ccace470 DEOPT UNPACKING pc=0x00000292bee91002 sp=0x000000f7aa5fd388 mode 2
Event: 11.303 Thread 0x00000292ccace470 Uncommon trap: trap_request=0xffffff45 fr.pc=0x00000292bf37e97c relative=0x000000000000007c
Event: 11.303 Thread 0x00000292ccace470 Uncommon trap: reason=unstable_if action=reinterpret pc=0x00000292bf37e97c method=java.lang.Math.round(F)I @ 23 c2
Event: 11.303 Thread 0x00000292ccace470 DEOPT PACKING pc=0x00000292bf37e97c sp=0x000000f7aa5fdfc0
Event: 11.303 Thread 0x00000292ccace470 DEOPT UNPACKING pc=0x00000292bee91002 sp=0x000000f7aa5fdf40 mode 2

Classes loaded (20 events):
Event: 11.289 Loading class javax/swing/text/GlyphView$GlyphPainter done
Event: 11.289 Loading class javax/swing/text/GlyphPainter1 done
Event: 11.291 Loading class javax/swing/text/ParagraphView$Row
Event: 11.291 Loading class javax/swing/text/ParagraphView$Row done
Event: 11.292 Loading class javax/swing/text/WhitespaceBasedBreakIterator
Event: 11.292 Loading class java/text/BreakIterator
Event: 11.293 Loading class java/text/BreakIterator done
Event: 11.293 Loading class javax/swing/text/WhitespaceBasedBreakIterator done
Event: 11.299 Loading class javax/swing/text/ComponentView
Event: 11.300 Loading class javax/swing/text/ComponentView done
Event: 11.303 Loading class javax/swing/JDialog
Event: 11.304 Loading class javax/swing/JDialog done
Event: 11.312 Loading class sun/awt/windows/WDialogPeer
Event: 11.312 Loading class java/awt/peer/DialogPeer
Event: 11.312 Loading class java/awt/peer/DialogPeer done
Event: 11.312 Loading class sun/awt/windows/WDialogPeer done
Event: 16.126 Loading class java/awt/Window$1DisposeAction
Event: 16.127 Loading class java/awt/Window$1DisposeAction done
Event: 16.127 Loading class sun/awt/SunToolkit$1
Event: 16.127 Loading class sun/awt/SunToolkit$1 done

Classes unloaded (0 events):
No events

Classes redefined (0 events):
No events

Internal exceptions (20 events):
Event: 0.358 Thread 0x00000292acbb1a80 Exception <a 'java/lang/NoSuchMethodError'{0x000000008b7d5e48}: 'long java.lang.invoke.DirectMethodHandle$Holder.invokeStatic(java.lang.Object, long, long)'> (0x000000008b7d5e48) 
thrown [s\open\src\hotspot\share\interpreter\linkResolver.cpp, line 804]
Event: 0.361 Thread 0x00000292acbb1a80 Exception <a 'java/lang/NoSuchMethodError'{0x000000008b7f83a0}: 'java.lang.Object java.lang.invoke.DirectMethodHandle$Holder.newInvokeSpecial(java.lang.Object, int, java.lang.Object)'> (0x000000008b7f83a0) 
thrown [s\open\src\hotspot\share\interpreter\linkResolver.cpp, line 804]
Event: 0.385 Thread 0x00000292acbb1a80 Exception <a 'java/lang/NoSuchMethodError'{0x000000008b664d60}: 'void java.lang.invoke.DelegatingMethodHandle$Holder.reinvoke_L(java.lang.Object, java.lang.Object, java.lang.Object, long, float)'> (0x000000008b664d60) 
thrown [s\open\src\hotspot\share\interpreter\linkResolver.cpp, line 804]
Event: 0.387 Thread 0x00000292acbb1a80 Exception <a 'java/lang/NoSuchMethodError'{0x000000008b67cfc0}: 'java.lang.Object java.lang.invoke.DirectMethodHandle$Holder.invokeStatic(java.lang.Object, java.lang.Object, java.lang.Object, java.lang.Object, long)'> (0x000000008b67cfc0) 
thrown [s\open\src\hotspot\share\interpreter\linkResolver.cpp, line 804]
Event: 0.388 Thread 0x00000292acbb1a80 Exception <a 'java/lang/NoSuchMethodError'{0x000000008b6a0908}: 'float java.lang.invoke.DelegatingMethodHandle$Holder.reinvoke_L(java.lang.Object, java.lang.Object, java.lang.Object, long)'> (0x000000008b6a0908) 
thrown [s\open\src\hotspot\share\interpreter\linkResolver.cpp, line 804]
Event: 0.401 Thread 0x00000292acbb1a80 Exception <a 'java/lang/NoSuchMethodError'{0x000000008b6bebe8}: 'void java.lang.invoke.DirectMethodHandle$Holder.invokeStatic(java.lang.Object, java.lang.Object, java.lang.Object)'> (0x000000008b6bebe8) 
thrown [s\open\src\hotspot\share\interpreter\linkResolver.cpp, line 804]
Event: 0.401 Thread 0x00000292acbb1a80 Exception <a 'java/lang/NoSuchMethodError'{0x000000008b6ce4e8}: 'void java.lang.invoke.DirectMethodHandle$Holder.invokeStatic(java.lang.Object, java.lang.Object)'> (0x000000008b6ce4e8) 
thrown [s\open\src\hotspot\share\interpreter\linkResolver.cpp, line 804]
Event: 0.410 Thread 0x00000292cc43ebc0 Exception <a 'java/lang/NoSuchMethodError'{0x000000008bc8fce0}: 'void java.lang.invoke.DirectMethodHandle$Holder.invokeVirtual(java.lang.Object, java.lang.Object)'> (0x000000008bc8fce0) 
thrown [s\open\src\hotspot\share\interpreter\linkResolver.cpp, line 804]
Event: 0.425 Thread 0x00000292acbb1a80 Exception <a 'java/lang/NoSuchMethodError'{0x000000008b512318}: 'void java.lang.invoke.DirectMethodHandle$Holder.invokeStaticInit(java.lang.Object)'> (0x000000008b512318) 
thrown [s\open\src\hotspot\share\interpreter\linkResolver.cpp, line 804]
Event: 7.072 Thread 0x00000292ccd21930 Exception <a 'java/lang/NoSuchMethodError'{0x000000008b287cd8}: 'void java.lang.invoke.DelegatingMethodHandle$Holder.reinvoke_L(java.lang.Object, java.lang.Object, int)'> (0x000000008b287cd8) 
thrown [s\open\src\hotspot\share\interpreter\linkResolver.cpp, line 804]
Event: 7.072 Thread 0x00000292ccd21930 Exception <a 'java/lang/NoSuchMethodError'{0x000000008b298568}: 'int java.lang.invoke.Invokers$Holder.invokeExact_MT(java.lang.Object, java.lang.Object, java.lang.Object)'> (0x000000008b298568) 
thrown [s\open\src\hotspot\share\interpreter\linkResolver.cpp, line 804]
Event: 7.130 Thread 0x00000292ccd21930 Exception <a 'java/lang/NoSuchMethodError'{0x000000008aed51b0}: 'java.lang.Object java.lang.invoke.DirectMethodHandle$Holder.newInvokeSpecial(java.lang.Object, java.lang.Object, java.lang.Object, java.lang.Object, int)'> (0x000000008aed51b0) 
thrown [s\open\src\hotspot\share\interpreter\linkResolver.cpp, line 804]
Event: 7.135 Thread 0x00000292ccd21930 Exception <a 'java/lang/NoClassDefFoundError'{0x000000008ad29090}: com/sun/jna/Platform> (0x000000008ad29090) 
thrown [s\open\src\hotspot\share\classfile\systemDictionary.cpp, line 316]
Event: 7.135 Thread 0x00000292ccd21930 Exception <a 'java/lang/NoSuchMethodError'{0x000000008ad2b048}: 'java.lang.Object java.lang.invoke.DirectMethodHandle$Holder.invokeStaticInit(java.lang.Object, java.lang.Object, java.lang.Object)'> (0x000000008ad2b048) 
thrown [s\open\src\hotspot\share\interpreter\linkResolver.cpp, line 804]
Event: 11.118 Thread 0x00000292ccd21930 Exception <a 'java/lang/NoSuchMethodError'{0x000000008a811190}: 'java.lang.Object java.lang.invoke.DirectMethodHandle$Holder.newInvokeSpecial(java.lang.Object, java.lang.Object, java.lang.Object, java.lang.Object, java.lang.Object, java.lang.Object, java.lang.Object, java.lang.Object, java.lang.Object)'> (0x000000008a811190) 
thrown [s\open\src\hotspot\share\interpreter\linkResolver.cpp, line 804]
Event: 11.150 Thread 0x00000292ccace470 Exception <a 'java/lang/NoSuchMethodError'{0x000000008a89fa50}: 'java.lang.Object java.lang.invoke.DirectMethodHandle$Holder.invokeStaticInit(java.lang.Object, int, int, int, int)'> (0x000000008a89fa50) 
thrown [s\open\src\hotspot\share\interpreter\linkResolver.cpp, line 804]
Event: 11.164 Thread 0x00000292ccace470 Exception <a 'java/lang/NoSuchMethodError'{0x000000008a72b8b8}: 'java.lang.Object java.lang.invoke.DirectMethodHandle$Holder.invokeStaticInit(java.lang.Object, java.lang.Object, int, int, int, int)'> (0x000000008a72b8b8) 
thrown [s\open\src\hotspot\share\interpreter\linkResolver.cpp, line 804]
Event: 226.036 Thread 0x00000292ccd21930 Exception <a 'java/lang/NoSuchMethodError'{0x000000008a82b018}: 'void java.lang.invoke.DirectMethodHandle$Holder.invokeSpecial(java.lang.Object, java.lang.Object, long)'> (0x000000008a82b018) 
thrown [s\open\src\hotspot\share\interpreter\linkResolver.cpp, line 804]
Event: 226.038 Thread 0x00000292ccd21930 Exception <a 'java/lang/NoSuchMethodError'{0x000000008a839f98}: 'java.lang.Object java.lang.invoke.DirectMethodHandle$Holder.newInvokeSpecial(java.lang.Object, java.lang.Object, long)'> (0x000000008a839f98) 
thrown [s\open\src\hotspot\share\interpreter\linkResolver.cpp, line 804]
Event: 226.038 Thread 0x00000292ccd21930 Exception <a 'java/lang/NoSuchMethodError'{0x000000008a8426f8}: 'java.lang.Object java.lang.invoke.Invokers$Holder.linkToTargetMethod(java.lang.Object, long, java.lang.Object)'> (0x000000008a8426f8) 
thrown [s\open\src\hotspot\share\interpreter\linkResolver.cpp, line 804]

VM Operations (20 events):
Event: 0.573 Executing non-safepoint VM operation: HandshakeAllThreads (Deoptimize)
Event: 0.573 Executing non-safepoint VM operation: HandshakeAllThreads (Deoptimize) done
Event: 5.443 Executing non-safepoint VM operation: HandshakeAllThreads (Deoptimize)
Event: 5.443 Executing non-safepoint VM operation: HandshakeAllThreads (Deoptimize) done
Event: 5.443 Executing non-safepoint VM operation: HandshakeAllThreads (Deoptimize)
Event: 5.443 Executing non-safepoint VM operation: HandshakeAllThreads (Deoptimize) done
Event: 7.033 Executing non-safepoint VM operation: HandshakeAllThreads (Deoptimize)
Event: 7.033 Executing non-safepoint VM operation: HandshakeAllThreads (Deoptimize) done
Event: 7.074 Executing non-safepoint VM operation: HandshakeAllThreads (Deoptimize)
Event: 7.074 Executing non-safepoint VM operation: HandshakeAllThreads (Deoptimize) done
Event: 7.140 Executing non-safepoint VM operation: HandshakeAllThreads (Deoptimize)
Event: 7.140 Executing non-safepoint VM operation: HandshakeAllThreads (Deoptimize) done
Event: 7.571 Executing non-safepoint VM operation: HandshakeAllThreads (Deoptimize)
Event: 7.571 Executing non-safepoint VM operation: HandshakeAllThreads (Deoptimize) done
Event: 11.142 Executing non-safepoint VM operation: HandshakeAllThreads (Deoptimize)
Event: 11.142 Executing non-safepoint VM operation: HandshakeAllThreads (Deoptimize) done
Event: 60.156 Executing non-safepoint VM operation: HandshakeAllThreads (HandshakeForDeflation)
Event: 60.156 Executing non-safepoint VM operation: HandshakeAllThreads (HandshakeForDeflation) done
Event: 60.157 Executing non-safepoint VM operation: RendezvousGCThreads
Event: 60.157 Executing non-safepoint VM operation: RendezvousGCThreads done

Memory protections (0 events):
No events

Nmethod flushes (0 events):
No events

Events (20 events):
Event: 0.029 Thread 0x00000292acbb1a80 Thread added: 0x00000292cc06a7f0
Event: 0.029 Thread 0x00000292acbb1a80 Thread added: 0x00000292cc070070
Event: 0.031 Thread 0x00000292acbb1a80 Thread added: 0x00000292cc159fe0
Event: 0.032 Thread 0x00000292acbb1a80 Thread added: 0x00000292cc16c2d0
Event: 0.165 Thread 0x00000292acbb1a80 Thread added: 0x00000292cc4386c0
Event: 0.166 Thread 0x00000292acbb1a80 Thread added: 0x00000292cc43b940
Event: 0.166 Thread 0x00000292acbb1a80 Thread added: 0x00000292cc43ebc0
Event: 0.289 Thread 0x00000292acbb1a80 Thread added: 0x00000292ccace470
Event: 0.513 Thread 0x00000292acbb1a80 Thread exited: 0x00000292acbb1a80
Event: 0.513 Thread 0x00000292acbb1a80 Thread added: 0x00000292acbb1a80
Event: 5.443 Thread 0x00000292ccace470 Thread added: 0x00000292ccd21930
Event: 5.446 Thread 0x00000292ccd21930 Thread added: 0x00000292cc985700
Event: 8.195 Thread 0x00000292cc06a7f0 Thread added: 0x00000292cc070880
Event: 8.796 Thread 0x00000292cc070880 Thread exited: 0x00000292cc070880
Event: 10.959 Thread 0x00000292cc070070 Thread added: 0x00000292cc071090
Event: 11.119 Thread 0x00000292cc071090 Thread exited: 0x00000292cc071090
Event: 11.235 Thread 0x00000292cc06a7f0 Thread added: 0x00000292cc075920
Event: 11.235 Thread 0x00000292cc06a7f0 Thread added: 0x00000292cc076130
Event: 16.126 Thread 0x00000292cc076130 Thread exited: 0x00000292cc076130
Event: 21.148 Thread 0x00000292cc075920 Thread exited: 0x00000292cc075920


Dynamic libraries:
0x00007ff66ca70000 - 0x00007ff66ca80000 	C:\Program Files\Java\jdk-25\bin\java.exe
0x00007fffb85c0000 - 0x00007fffb8827000 	C:\Windows\SYSTEM32\ntdll.dll
0x00007fffb6d30000 - 0x00007fffb6df9000 	C:\Windows\System32\KERNEL32.DLL
0x00007fffb5f60000 - 0x00007fffb634f000 	C:\Windows\System32\KERNELBASE.dll
0x00007fffb5b30000 - 0x00007fffb5c7b000 	C:\Windows\System32\ucrtbase.dll
0x00007fff9b230000 - 0x00007fff9b247000 	C:\Program Files\Java\jdk-25\bin\jli.dll
0x00007fff9aba0000 - 0x00007fff9abbe000 	C:\Program Files\Java\jdk-25\bin\VCRUNTIME140.dll
0x00007fffb6e00000 - 0x00007fffb6fc5000 	C:\Windows\System32\USER32.dll
0x00007fffb5dc0000 - 0x00007fffb5de7000 	C:\Windows\System32\win32u.dll
0x00007fffb6a80000 - 0x00007fffb6aab000 	C:\Windows\System32\GDI32.dll
0x00007fffb5890000 - 0x00007fffb59bc000 	C:\Windows\System32\gdi32full.dll
0x00007fffb5df0000 - 0x00007fffb5e93000 	C:\Windows\System32\msvcp_win.dll
0x00007fff90180000 - 0x00007fff90413000 	C:\Windows\WinSxS\amd64_microsoft.windows.common-controls_6595b64144ccf1df_6.0.26100.7309_none_3e05feeae336a044\COMCTL32.dll
0x00007fffb8320000 - 0x00007fffb83c9000 	C:\Windows\System32\msvcrt.dll
0x00007fffb6a40000 - 0x00007fffb6a71000 	C:\Windows\System32\IMM32.DLL
0x00007fffa2330000 - 0x00007fffa233c000 	C:\Program Files\Java\jdk-25\bin\vcruntime140_1.dll
0x00007fff6e630000 - 0x00007fff6e6bd000 	C:\Program Files\Java\jdk-25\bin\msvcp140.dll
0x00007ffef70d0000 - 0x00007ffef7f2f000 	C:\Program Files\Java\jdk-25\bin\server\jvm.dll
0x00007fffb7bf0000 - 0x00007fffb7ca4000 	C:\Windows\System32\ADVAPI32.dll
0x00007fffb6b80000 - 0x00007fffb6c26000 	C:\Windows\System32\sechost.dll
0x00007fffb6fd0000 - 0x00007fffb70e8000 	C:\Windows\System32\RPCRT4.dll
0x00007fffb7f10000 - 0x00007fffb7f84000 	C:\Windows\System32\WS2_32.dll
0x00007fffb5570000 - 0x00007fffb55ce000 	C:\Windows\SYSTEM32\POWRPROF.dll
0x00007fffad780000 - 0x00007fffad7b5000 	C:\Windows\SYSTEM32\WINMM.dll
0x00007fff96220000 - 0x00007fff9622b000 	C:\Windows\SYSTEM32\VERSION.dll
0x00007fffb5550000 - 0x00007fffb5564000 	C:\Windows\SYSTEM32\UMPDC.dll
0x00007fffb43e0000 - 0x00007fffb43fb000 	C:\Windows\SYSTEM32\kernel.appcore.dll
0x00007fffa0e70000 - 0x00007fffa0e7a000 	C:\Program Files\Java\jdk-25\bin\jimage.dll
0x00007fffb2af0000 - 0x00007fffb2d32000 	C:\Windows\SYSTEM32\DBGHELP.DLL
0x00007fffb7f90000 - 0x00007fffb8315000 	C:\Windows\System32\combase.dll
0x00007fffb71c0000 - 0x00007fffb7296000 	C:\Windows\System32\OLEAUT32.dll
0x00007fff8d5c0000 - 0x00007fff8d5fc000 	C:\Windows\SYSTEM32\dbgcore.DLL
0x00007fffb5d10000 - 0x00007fffb5db5000 	C:\Windows\System32\bcryptPrimitives.dll
0x00007fff9a4a0000 - 0x00007fff9a4bf000 	C:\Program Files\Java\jdk-25\bin\java.dll
0x00007fffb83e0000 - 0x00007fffb8577000 	C:\Windows\System32\ole32.dll
0x00007fffb7400000 - 0x00007fffb7b53000 	C:\Windows\System32\SHELL32.dll
0x00007fffb59c0000 - 0x00007fffb5b2a000 	C:\Windows\System32\wintypes.dll
0x00007fffb30d0000 - 0x00007fffb392e000 	C:\Windows\SYSTEM32\windows.storage.dll
0x00007fffb72a0000 - 0x00007fffb7395000 	C:\Windows\System32\SHCORE.dll
0x00007fffb7e90000 - 0x00007fffb7ef6000 	C:\Windows\System32\shlwapi.dll
0x00007fffb5630000 - 0x00007fffb5659000 	C:\Windows\SYSTEM32\profapi.dll
0x00007fff9a420000 - 0x00007fff9a432000 	C:\Program Files\Java\jdk-25\bin\net.dll
0x00007fffb49d0000 - 0x00007fffb4a3b000 	C:\Windows\system32\mswsock.dll
0x00007fff9a3d0000 - 0x00007fff9a3e6000 	C:\Program Files\Java\jdk-25\bin\nio.dll
0x00007fff9a0d0000 - 0x00007fff9a0e7000 	C:\Program Files\Java\jdk-25\bin\zip.dll
0x00007fff45ce0000 - 0x00007fff45e64000 	C:\Program Files\Java\jdk-25\bin\awt.dll
0x00007fffb1e80000 - 0x00007fffb1f1f000 	C:\Windows\SYSTEM32\apphelp.dll
0x00007fffb2520000 - 0x00007fffb2550000 	C:\Windows\system32\DWMAPI.DLL
0x00007fffb2260000 - 0x00007fffb230b000 	C:\Windows\system32\uxtheme.dll
0x00007fff4a800000 - 0x00007fff4a910000 	C:\Windows\system32\opengl32.dll
0x00007fff99bd0000 - 0x00007fff99bfd000 	C:\Windows\SYSTEM32\GLU32.dll
0x00007fffb24b0000 - 0x00007fffb24f4000 	C:\Windows\SYSTEM32\dxcore.dll
0x00007fffb6420000 - 0x00007fffb657e000 	C:\Windows\System32\MSCTF.dll
0x00007fff9dad0000 - 0x00007fff9dae0000 	C:\Program Files\Java\jdk-25\bin\verify.dll
0x00007fff66150000 - 0x00007fff661d7000 	C:\Program Files\Java\jdk-25\bin\freetype.dll
0x00007fff49c80000 - 0x00007fff49d6e000 	C:\Program Files\Java\jdk-25\bin\fontmanager.dll
0x00007fffb6360000 - 0x00007fffb6410000 	C:\Windows\System32\clbcatq.dll
0x00007fffb07c0000 - 0x00007fffb09f0000 	C:\Windows\SYSTEM32\WindowsCodecs.dll
0x00007fff9a910000 - 0x00007fff9a96a000 	C:\Windows\system32\dataexchange.dll
0x00007fffad110000 - 0x00007fffad354000 	C:\Windows\system32\twinapi.appcore.dll
0x00007fff7cd60000 - 0x00007fff7cea8000 	C:\Windows\SYSTEM32\textinputframework.dll
0x00007fff8df90000 - 0x00007fff8e009000 	C:\Windows\system32\Oleacc.dll
0x00007fffb1bd0000 - 0x00007fffb1cf7000 	C:\Windows\SYSTEM32\CoreMessaging.dll
0x00007fffaf310000 - 0x00007fffaf5f2000 	C:\Windows\SYSTEM32\CoreUIComponents.dll
0x00007fffb4c20000 - 0x00007fffb4c2c000 	C:\Windows\SYSTEM32\CRYPTBASE.DLL
0x0000000180000000 - 0x000000018000b000 	C:\Windows\System32\jnisgfplib.dll
0x00007fff968e0000 - 0x00007fff9691c000 	C:\Windows\SYSTEM32\sgfplib.dll
0x0000000067890000 - 0x0000000067933000 	C:\Windows\WinSxS\amd64_microsoft.vc90.crt_1fc8b3b9a1e18e3b_9.0.30729.9635_none_08e2c157a83ed5da\MSVCR90.dll
0x00007fffb65a0000 - 0x00007fffb6a2a000 	C:\Windows\System32\SETUPAPI.dll
0x00007fff989b0000 - 0x00007fff989c8000 	C:\Windows\SYSTEM32\sgwsqlib.dll
0x00007fff9daa0000 - 0x00007fff9daa9000 	C:\Program Files\Java\jdk-25\bin\extnet.dll
0x00007fffb4dc0000 - 0x00007fffb4ddb000 	C:\Windows\SYSTEM32\CRYPTSP.dll
0x00007fffb4400000 - 0x00007fffb443a000 	C:\Windows\system32\rsaenh.dll
0x00007fffb4a80000 - 0x00007fffb4aab000 	C:\Windows\SYSTEM32\USERENV.dll
0x00007fffb5600000 - 0x00007fffb562a000 	C:\Windows\SYSTEM32\bcrypt.dll
0x00007fffb3dc0000 - 0x00007fffb3df4000 	C:\Windows\SYSTEM32\IPHLPAPI.DLL
0x00007fffb83d0000 - 0x00007fffb83da000 	C:\Windows\System32\NSI.dll
0x0000000070e00000 - 0x0000000070eff000 	C:\Users\daeldrn\AppData\Local\Temp\webp-imageio-unknown-2143f1b1-6874-4057-8fa4-4a00ad30666f-webp-imageio.dll

JVMTI agents: none

dbghelp: loaded successfully - version: 4.0.5 - missing functions: none
symbol engine: initialized successfully - sym options: 0x614 - pdb path: .;C:\Program Files\Java\jdk-25\bin;C:\Windows\SYSTEM32;C:\Windows\WinSxS\amd64_microsoft.windows.common-controls_6595b64144ccf1df_6.0.26100.7309_none_3e05feeae336a044;C:\Program Files\Java\jdk-25\bin\server;C:\Windows\WinSxS\amd64_microsoft.vc90.crt_1fc8b3b9a1e18e3b_9.0.30729.9635_none_08e2c157a83ed5da;C:\Users\daeldrn\AppData\Local\Temp

VM Arguments:
java_command: netbeans_sample\dist\FDxSDKPro.jar
java_class_path (initial): netbeans_sample\dist\FDxSDKPro.jar
Launcher Type: SUN_STANDARD

[Global flags]
     intx CICompilerCount                          = 4                                         {product} {ergonomic}
     uint ConcGCThreads                            = 3                                         {product} {ergonomic}
     uint G1ConcRefinementThreads                  = 10                                        {product} {ergonomic}
   size_t G1HeapRegionSize                         = 1048576                                   {product} {ergonomic}
   size_t InitialHeapSize                          = 130023424                                 {product} {ergonomic}
   size_t MarkStackSize                            = 4194304                                   {product} {ergonomic}
   size_t MarkStackSizeMax                         = 536870912                                 {product} {ergonomic}
   size_t MaxHeapSize                              = 2076180480                                {product} {ergonomic}
   size_t MaxNewSize                               = 1245708288                                {product} {ergonomic}
   size_t MinHeapDeltaBytes                        = 1048576                                   {product} {ergonomic}
   size_t MinHeapSize                              = 8388608                                   {product} {ergonomic}
    uintx NonNMethodCodeHeapSize                   = 5832704                                {pd product} {ergonomic}
    uintx NonProfiledCodeHeapSize                  = 122945536                              {pd product} {ergonomic}
    uintx ProfiledCodeHeapSize                     = 122880000                              {pd product} {ergonomic}
    uintx ReservedCodeCacheSize                    = 251658240                              {pd product} {ergonomic}
     bool SegmentedCodeCache                       = true                                      {product} {ergonomic}
   size_t SoftMaxHeapSize                          = 2076180480                             {manageable} {ergonomic}
     bool UseCompressedOops                        = true                           {product lp64_product} {ergonomic}
     bool UseG1GC                                  = true                                      {product} {ergonomic}
     bool UseLargePagesIndividualAllocation        = false                                  {pd product} {ergonomic}

Logging:
Log output configuration:
 #0: stdout all=warning uptime,level,tags foldmultilines=false
 #1: stderr all=off uptime,level,tags foldmultilines=false

Release file:
IMPLEMENTOR="Oracle Corporation" 
JAVA_RUNTIME_VERSION="25+37-LTS-3491" 
JAVA_VERSION="25" 
JAVA_VERSION_DATE="2025-09-16" 
LIBC="default" 
MODULES="java.base java.compiler java.datatransfer java.xml java.prefs java.desktop java.instrument java.logging java.management java.security.sasl java.naming java.rmi java.management.rmi java.net.http java.scripting java.security.jgss java.transaction.xa java.sql java.sql.rowset java.xml.crypto java.se java.smartcardio jdk.accessibility jdk.internal.jvmstat jdk.attach jdk.charsets jdk.internal.opt jdk.zipfs jdk.compiler jdk.crypto.cryptoki jdk.crypto.ec jdk.crypto.mscapi jdk.dynalink jdk.internal.ed jdk.editpad jdk.internal.vm.ci jdk.graal.compiler jdk.graal.compiler.management jdk.hotspot.agent jdk.httpserver jdk.incubator.vector jdk.internal.le jdk.internal.md jdk.jartool jdk.javadoc jdk.jcmd jdk.management jdk.management.agent jdk.jconsole jdk.jdeps jdk.jdwp.agent jdk.jdi jdk.jfr jdk.jlink jdk.jpackage jdk.jshell jdk.jsobject jdk.jstatd jdk.localedata jdk.management.jfr jdk.naming.dns jdk.naming.rmi jdk.net jdk.nio.mapmode jdk.sctp jdk.security.auth jdk.security.jgss jdk.unsupported jdk.unsupported.desktop jdk.xml.dom" 
OS_ARCH="x86_64" 
OS_NAME="Windows" 
SOURCE=".:git:49d6a23b8806 open:git:6c48f4ed707b" 

Environment Variables:
JAVA_HOME=C:\Program Files\Java\jdk-25
PATH=C:\Program Files\Common Files\Oracle\Java\javapath;C:\Program Files (x86)\Common Files\Oracle\Java\java8path;C:\Program Files (x86)\Common Files\Oracle\Java\javapath;C:\Python313\Scripts\;C:\Python313\;C:\Windows\system32;C:\Windows;C:\Windows\System32\Wbem;C:\Windows\System32\WindowsPowerShell\v1.0\;C:\Windows\System32\OpenSSH\;C:\ProgramData\chocolatey\bin;C:\xampp\php;C:\composer;C:\Program Files\Git\cmd;C:\Program Files\Docker\Docker\resources\bin;C:\Program Files\nodejs\;C:\Program Files\Cloudflare\Cloudflare WARP\;C:\Users\daeldrn\Documents\apache-ant-1.10.15-bin\apache-ant-1.10.15\bin;C:\Program Files\Java\jdk-25\bin;C:\Users\daeldrn\AppData\Local\Microsoft\WindowsApps;C:\Users\daeldrn\AppData\Local\Programs\Microsoft VS Code\bin;C:\Users\daeldrn\AppData\Roaming\npm;C:\Users\daeldrn\AppData\Local\Programs\Windsurf\bin;C:\Users\daeldrn\AppData\Local\Programs\cursor\resources\app\bin
USERNAME=daeldrn
OS=Windows_NT
PROCESSOR_IDENTIFIER=Intel64 Family 6 Model 154 Stepping 4, GenuineIntel
TMP=C:\Users\daeldrn\AppData\Local\Temp
TEMP=C:\Users\daeldrn\AppData\Local\Temp




Compilation memory statistics disabled.

Periodic native trim disabled

---------------  S Y S T E M  ---------------

OS:
 Windows 11 , 64 bit Build 26100 (10.0.26100.7309)
OS uptime: 19 days 20:16 hours
Hyper-V role detected

CPU: total 12 (initial active 12) (6 cores per cpu, 2 threads per core) family 6 model 154 stepping 4 microcode 0x435, cx8, cmov, fxsr, ht, mmx, 3dnowpref, sse, sse2, sse3, ssse3, sse4.1, sse4.2, popcnt, lzcnt, tsc, tscinvbit, avx, avx2, aes, erms, clmul, bmi1, bmi2, adx, sha, fma, vzeroupper, clflush, clflushopt, clwb, hv, serialize, rdtscp, rdpid, fsrm, gfni, f16c, cet_ibt, cet_ss
Processor Information for processor 0
  Max Mhz: 1300, Current Mhz: 1300, Mhz Limit: 1300
Processor Information for processor 1
  Max Mhz: 1300, Current Mhz: 1300, Mhz Limit: 1300
Processor Information for processor 2
  Max Mhz: 1300, Current Mhz: 1300, Mhz Limit: 1300
Processor Information for processor 3
  Max Mhz: 1300, Current Mhz: 1300, Mhz Limit: 1300
Processor Information for processor 4
  Max Mhz: 900, Current Mhz: 900, Mhz Limit: 900
Processor Information for processor 5
  Max Mhz: 900, Current Mhz: 900, Mhz Limit: 900
Processor Information for processor 6
  Max Mhz: 900, Current Mhz: 900, Mhz Limit: 900
Processor Information for processor 7
  Max Mhz: 900, Current Mhz: 900, Mhz Limit: 900
Processor Information for processor 8
  Max Mhz: 900, Current Mhz: 900, Mhz Limit: 900
Processor Information for processor 9
  Max Mhz: 900, Current Mhz: 900, Mhz Limit: 900
Processor Information for processor 10
  Max Mhz: 900, Current Mhz: 900, Mhz Limit: 900
Processor Information for processor 11
  Max Mhz: 900, Current Mhz: 900, Mhz Limit: 900

Memory: 4k page, system-wide physical 7916M (1247M free)
TotalPageFile size 20716M (AvailPageFile size 7728M)
current process WorkingSet (physical memory assigned to process): 113M, peak: 113M
current process commit charge ("private bytes"): 245M, peak: 248M

vm_info: Java HotSpot(TM) 64-Bit Server VM (25+37-LTS-3491) for windows-amd64 JRE (25+37-LTS-3491), built on 2025-08-14T21:13:00Z with unknown MS VC++:1943

END.
