#
# A fatal error has been detected by the Java Runtime Environment:
#
#  EXCEPTION_ACCESS_VIOLATION (0xc0000005) at pc=0x00007fffb85ce02d, pid=84552, tid=77600
#
# JRE version: Java(TM) SE Runtime Environment (25.0+37) (build 25+37-LTS-3491)
# Java VM: Java HotSpot(TM) 64-Bit Server VM (25+37-LTS-3491, mixed mode, sharing, tiered, compressed oops, compressed class ptrs, g1 gc, windows-amd64)
# Problematic frame:
# C  [ntdll.dll+0xe02d]
#
# No core dump will be written. Minidumps are not enabled by default on client versions of Windows
#
# If you would like to submit a bug report, please visit:
#   https://bugreport.java.com/bugreport/crash.jsp
# The crash happened outside the Java Virtual Machine in native code.
# See problematic frame for where to report the bug.
#

---------------  S U M M A R Y ------------

Command Line: netbeans_sample\dist\FDxSDKPro.jar

Host: 12th Gen Intel(R) Core(TM) i5-1235U, 12 cores, 7G,  Windows 11 , 64 bit Build 26100 (10.0.26100.7309)
Time: Fri Jan  9 10:46:48 2026 Hora estándar de Cuba elapsed time: 79.442776 seconds (0d 0h 1m 19s)

---------------  T H R E A D  ---------------

Current thread (0x00000289205d8010):  JavaThread "SwingWorker-pool-2-thread-1" daemon [_thread_in_native, id=77600, stack(0x0000009c33f00000,0x0000009c34000000) (1024K)]

Stack: [0x0000009c33f00000,0x0000009c34000000],  sp=0x0000009c33ffdb20,  free space=1014k
Native frames: (J=compiled Java code, j=interpreted, Vv=VM code, C=native code)
C  [ntdll.dll+0xe02d]  (no source info available)
C  [ntdll.dll+0x1222f]  (no source info available)
C  [ntdll.dll+0x165c3e]  (no source info available)
C  0x0000028922269a4a  (no source info available)

Java frames: (J=compiled Java code, j=interpreted, Vv=VM code)
j  SecuGen.FDxSDKPro.jni.JSGFPLib.GetImageEx([BJJJ)J+0
j  SecuGen.FDxSDKPro.samples.JSGD.performCaptureAndVerification()V+76
j  SecuGen.FDxSDKPro.samples.JSGD.access$1200(LSecuGen/FDxSDKPro/samples/JSGD;)V+1
j  SecuGen.FDxSDKPro.samples.JSGD$13.doInBackground()Ljava/lang/Void;+14
j  SecuGen.FDxSDKPro.samples.JSGD$13.doInBackground()Ljava/lang/Object;+1
j  javax.swing.SwingWorker$1.call()Ljava/lang/Object;+14 java.desktop@25
j  java.util.concurrent.FutureTask.run()V+39 java.base@25
j  javax.swing.SwingWorker.run()V+4 java.desktop@25
j  java.util.concurrent.ThreadPoolExecutor.runWorker(Ljava/util/concurrent/ThreadPoolExecutor$Worker;)V+92 java.base@25
j  java.util.concurrent.ThreadPoolExecutor$Worker.run()V+5 java.base@25
j  java.lang.Thread.runWith(Ljava/lang/Object;Ljava/lang/Runnable;)V+5 java.base@25
j  java.lang.Thread.run()V+19 java.base@25
v  ~StubRoutines::call_stub 0x000002890fcf12ed

siginfo: EXCEPTION_ACCESS_VIOLATION (0xc0000005), reading address 0x000002892230e794


Registers:
RAX=0x00000000000011e5, RBX=0x0000000000009a4a, RCX=0x00000000000047a0, RDX=0x0000000000002fc0
RSP=0x0000009c33ffdb20, RBP=0x0000009c33ffe0d0, RSI=0x0000009c33ffe0f8, RDI=0x0000009c33ffe190
R8 =0x000002892230a000, R9 =0x0000000000000004, R10=0x00000000000005f8, R11=0x0000009c33ffdaf0
R12=0x0000028922269a4a, R13=0x000002891cb11ee8, R14=0x0000009c33ffdbd0, R15=0x0000009c33ffe2c0
RIP=0x00007fffb85ce02d, EFLAGS=0x0000000000010202

XMM[0]=0x0000028922260000 0x000002892230a000
XMM[1]=0x0000000000000000 0x000047a0000b3000
XMM[2]=0x3b656d614e726562 0x6d654d2f656b6f76
XMM[3]=0x6a4c230001736e6f 0x697461746f6e6e41
XMM[4]=0x6e65646469482f6e 0x6f697461746f6e6e
XMM[5]=0x78302b484d246d72 0x6f466164626d614c
XMM[6]=0x0000000000000000 0xfb5fdd647c97227f
XMM[7]=0x0000000000000000 0x4ffe7c708835de12
XMM[8]=0x0000000000000000 0xefd3b12f2c145a3d
XMM[9]=0x0000000000000000 0xe9c8ca6d2f3ec5ec
XMM[10]=0x0000000000000000 0x000000004575fb7f
XMM[11]=0x0000000000000000 0xcc49a5befb886baa
XMM[12]=0x0000000000000000 0x000000002f3ec5ec
XMM[13]=0x0000000000000000 0x0000000000000000
XMM[14]=0x0000000000000000 0x0000000000000000
XMM[15]=0x0000000000000000 0x0000000000000000
  MXCSR=0x00001fa0


Register to memory mapping:

RAX=0x00000000000011e5 is an unknown value
RBX=0x0000000000009a4a is an unknown value
RCX=0x00000000000047a0 is an unknown value
RDX=0x0000000000002fc0 is an unknown value
RSP=0x0000009c33ffdb20 is pointing into the stack for thread: 0x00000289205d8010
RBP=0x0000009c33ffe0d0 is pointing into the stack for thread: 0x00000289205d8010
RSI=0x0000009c33ffe0f8 is pointing into the stack for thread: 0x00000289205d8010
RDI=0x0000009c33ffe190 is pointing into the stack for thread: 0x00000289205d8010
R8 =0x000002892230a000 is an unknown value
R9 =0x0000000000000004 is an unknown value
R10=0x00000000000005f8 is an unknown value
R11=0x0000009c33ffdaf0 is pointing into the stack for thread: 0x00000289205d8010
R12=0x0000028922269a4a is an unknown value
R13={method} {0x000002891cb11ef0} 'GetImageEx' '([BJJJ)J' in 'SecuGen/FDxSDKPro/jni/JSGFPLib'
R14=0x0000009c33ffdbd0 is pointing into the stack for thread: 0x00000289205d8010
R15=0x0000009c33ffe2c0 is pointing into the stack for thread: 0x00000289205d8010

Top of Stack: (sp=0x0000009c33ffdb20)
0x0000009c33ffdb20:   0000028922269a4a 00007ffee4d77122   J.&"...."q......
0x0000009c33ffdb30:   0000000000000080 0000009c33ffe0d0   ...........3....
0x0000009c33ffdb40:   000002892230a000 0000028922260000   ..0"......&"....
0x0000009c33ffdb50:   000047a0000b3000 0000000000000000   .0...G..........
0x0000009c33ffdb60:   0000000000000000 00007fffb85d222f   ......../"].....
0x0000009c33ffdb70:   0000028920beebb0 0000009c33ffe7b0   ... .......3....
0x0000009c33ffdb80:   0000009c33ffe7b0 0000000000000000   ...3............
0x0000009c33ffdb90:   000000008bb68758 00007ffee46e58e5   X........Xn.....
0x0000009c33ffdba0:   000002897c884010 00007fffb5b4e0fb   .@.|............
0x0000009c33ffdbb0:   00000000fffffffe 000002892016d018   ........... ....
0x0000009c33ffdbc0:   0000000000000000 00007ffee4d3a0e3   ................
0x0000009c33ffdbd0:   000002892016cff0 000002892016cff0   ... ....... ....
0x0000009c33ffdbe0:   00000289205d8010 0000009c33ffde68   ..] ....h..3....
0x0000009c33ffdbf0:   0000000000000000 00000289205d8010   ..........] ....
0x0000009c33ffdc00:   00001fa00010000f 000002891d110033   ........3.......
0x0000009c33ffdc10:   00010202002b8010 000002891d119228   ..+.....(.......
0x0000009c33ffdc20:   00000289205d8010 0000009c33ffdc50   ..] ....P..3....
0x0000009c33ffdc30:   0000009c33ffdcc0 0000000000000000   ...3............
0x0000009c33ffdc40:   0000000000000000 0000009c33ff0000   ...........3....
0x0000009c33ffdc50:   00000289205d8010 000002891d119228   ..] ....(.......
0x0000009c33ffdc60:   00000289224c88f0 0000009c33ffe9d0   ..L".......3....
0x0000009c33ffdc70:   0000028923c30080 00000000000003e8   ...#............
0x0000009c33ffdc80:   00000289224c88f0 00000289205d8010   ..L"......] ....
0x0000009c33ffdc90:   0000000000000000 00000289205d8010   ..........] ....
0x0000009c33ffdca0:   000002891d119228 0000028923c30080   (..........#....
0x0000009c33ffdcb0:   000002891cb11ee8 0000009c33ffec98   ...........3....
0x0000009c33ffdcc0:   00000289205d8010 0000028922269a4a   ..] ....J.&"....
0x0000009c33ffdcd0:   000000000000027f 0000000000000000   ................
0x0000009c33ffdce0:   0000000000000000 0000ffff00001fa0   ................
0x0000009c33ffdcf0:   0000000000000000 0000000000000000   ................
0x0000009c33ffdd00:   0000000000000000 0000000000000000   ................
0x0000009c33ffdd10:   0000000000000000 0000000000000000   ................

Instructions: (pc=0x00007fffb85ce02d)
  0x00007fffb85cdf2d:   30 49 8b d8 0f 11 44 24 20 48 3b ca 73 29 48 8d
  0x00007fffb85cdf3d:   54 24 20 e8 2b 16 00 00 48 85 c0 74 0e 48 8b 4c
  0x00007fffb85cdf4d:   24 28 48 89 0f 8b 4c 24 34 89 0b 48 8b 5c 24 50
  0x00007fffb85cdf5d:   48 83 c4 40 5f c3 cc 8b 05 d6 84 1d 00 48 03 c2
  0x00007fffb85cdf6d:   48 3b c8 73 c9 0f 28 0d b7 84 1d 00 f2 0f 10 05
  0x00007fffb85cdf7d:   bf 84 1d 00 66 48 0f 7e c8 0f 11 4c 24 20 f2 0f
  0x00007fffb85cdf8d:   11 44 24 30 eb b2 cc cc cc cc cc cc cc cc cc cc
  0x00007fffb85cdf9d:   cc cc cc 48 89 5c 24 18 48 89 74 24 20 57 48 83
  0x00007fffb85cdfad:   ec 40 49 8b f8 48 8b f2 48 8b d9 4d 85 c0 0f 85
  0x00007fffb85cdfbd:   1e 01 00 00 48 8b 0d 70 84 1d 00 33 c0 48 89 44
  0x00007fffb85cdfcd:   24 30 0f 57 c0 0f 11 44 24 20 48 3b d9 0f 83 7f
  0x00007fffb85cdfdd:   01 00 00 48 8d 54 24 20 48 8b cb e8 83 15 00 00
  0x00007fffb85cdfed:   4c 8b c0 4d 85 c0 0f 84 fa 02 00 00 48 8b 4c 24
  0x00007fffb85cdffd:   28 48 b8 ab aa aa aa aa aa aa aa 48 89 0e 8b 4c
  0x00007fffb85ce00d:   24 34 48 f7 e1 4c 8b d2 49 c1 ea 03 45 85 d2 0f
  0x00007fffb85ce01d:   84 ca 02 00 00 48 2b 1e 41 8d 42 ff 48 8d 04 40
=>0x00007fffb85ce02d:   41 8b 14 80 4d 8d 0c 80 33 c0 48 3b da 73 55 45
  0x00007fffb85ce03d:   8d 5a fe 4c 89 74 24 58 44 8b f0 45 85 db 78 3f
  0x00007fffb85ce04d:   48 89 6c 24 50 47 8d 14 1e 41 d1 fa 49 63 ca 48
  0x00007fffb85ce05d:   8d 14 49 41 8b 2c 90 4d 8d 0c 90 48 3b dd 0f 82
  0x00007fffb85ce06d:   e5 00 00 00 41 8b 49 0c 8b d5 48 3b d9 72 0b 45
  0x00007fffb85ce07d:   8d 72 01 8b d5 45 3b de 7d cb 48 8b 6c 24 50 4c
  0x00007fffb85ce08d:   8b 74 24 58 8b ca 48 3b d9 72 0c 41 8b 49 04 48
  0x00007fffb85ce09d:   3b d9 73 03 49 8b c1 48 85 c0 74 09 48 85 ff 0f
  0x00007fffb85ce0ad:   85 1e 01 00 00 48 8b c8 48 85 c0 74 11 8b 50 08
  0x00007fffb85ce0bd:   f6 c2 01 74 09 48 8b 0e 48 ff c9 48 03 ca 48 8b
  0x00007fffb85ce0cd:   c1 48 8b 5c 24 60 48 8b 74 24 68 48 83 c4 40 5f
  0x00007fffb85ce0dd:   c3 cc 41 80 78 07 00 4c 8d 15 55 82 1d 00 0f 85
  0x00007fffb85ce0ed:   a8 01 00 00 41 80 78 06 00 0f 84 c5 fe ff ff 48
  0x00007fffb85ce0fd:   3b 1d 45 82 1d 00 0f 83 26 01 00 00 48 3b 5f 08
  0x00007fffb85ce10d:   0f 82 ae fe ff ff 48 3b 5f 10 0f 83 a4 fe ff ff
  0x00007fffb85ce11d:   44 0f b6 57 04 44 8b 0f 41 8b d2 41 3b d1 0f 83


Stack slot to memory mapping:

stack at sp + 0 slots: 0x0000028922269a4a is an unknown value
stack at sp + 1 slots: 0x00007ffee4d77122 jvm.dll
stack at sp + 2 slots: 0x0000000000000080 is an unknown value
stack at sp + 3 slots: 0x0000009c33ffe0d0 is pointing into the stack for thread: 0x00000289205d8010
stack at sp + 4 slots: 0x000002892230a000 is an unknown value
stack at sp + 5 slots: 0x0000028922260000 is an unknown value
stack at sp + 6 slots: 0x000047a0000b3000 is an unknown value
stack at sp + 7 slots: 0x0 is null

Lock stack of current Java thread (top to bottom):


---------------  P R O C E S S  ---------------

Threads class SMR info:
_java_thread_list=0x00000289204356a0, length=17, elements={
0x000002891bd75a00, 0x000002891bd761c0, 0x000002891bd76d80, 0x000002891bd77940,
0x000002891bd78500, 0x000002891bd790c0, 0x000002891bd7ffd0, 0x000002891bd80be0,
0x000002892004fd10, 0x0000028920061cf0, 0x0000028920406b40, 0x00000289206b1330,
0x00000289206b1af0, 0x0000028920855fc0, 0x000002897c8863d0, 0x0000028920a317a0,
0x00000289205d8010
}

Java Threads: ( => current thread )
  0x000002891bd75a00 JavaThread "Reference Handler"          daemon [_thread_blocked, id=52116, stack(0x0000009c32d00000,0x0000009c32e00000) (1024K)]
  0x000002891bd761c0 JavaThread "Finalizer"                  daemon [_thread_blocked, id=25840, stack(0x0000009c32e00000,0x0000009c32f00000) (1024K)]
  0x000002891bd76d80 JavaThread "Signal Dispatcher"          daemon [_thread_blocked, id=77448, stack(0x0000009c32f00000,0x0000009c33000000) (1024K)]
  0x000002891bd77940 JavaThread "Attach Listener"            daemon [_thread_blocked, id=82292, stack(0x0000009c33000000,0x0000009c33100000) (1024K)]
  0x000002891bd78500 JavaThread "Service Thread"             daemon [_thread_blocked, id=79784, stack(0x0000009c33100000,0x0000009c33200000) (1024K)]
  0x000002891bd790c0 JavaThread "Monitor Deflation Thread"   daemon [_thread_blocked, id=45600, stack(0x0000009c33200000,0x0000009c33300000) (1024K)]
  0x000002891bd7ffd0 JavaThread "C2 CompilerThread0"         daemon [_thread_blocked, id=66040, stack(0x0000009c33300000,0x0000009c33400000) (1024K)]
  0x000002891bd80be0 JavaThread "C1 CompilerThread0"         daemon [_thread_blocked, id=55288, stack(0x0000009c33400000,0x0000009c33500000) (1024K)]
  0x000002892004fd10 JavaThread "Notification Thread"        daemon [_thread_blocked, id=82008, stack(0x0000009c33500000,0x0000009c33600000) (1024K)]
  0x0000028920061cf0 JavaThread "Common-Cleaner"             daemon [_thread_blocked, id=57540, stack(0x0000009c33600000,0x0000009c33700000) (1024K)]
  0x0000028920406b40 JavaThread "Java2D Disposer"            daemon [_thread_blocked, id=81676, stack(0x0000009c33700000,0x0000009c33800000) (1024K)]
  0x00000289206b1330 JavaThread "AWT-Shutdown"                      [_thread_blocked, id=51572, stack(0x0000009c33800000,0x0000009c33900000) (1024K)]
  0x00000289206b1af0 JavaThread "AWT-Windows"                daemon [_thread_in_native, id=34160, stack(0x0000009c33900000,0x0000009c33a00000) (1024K)]
  0x0000028920855fc0 JavaThread "AWT-EventQueue-0"                  [_thread_blocked, id=74924, stack(0x0000009c33a00000,0x0000009c33b00000) (1024K)]
  0x000002897c8863d0 JavaThread "DestroyJavaVM"                     [_thread_blocked, id=52304, stack(0x0000009c32500000,0x0000009c32600000) (1024K)]
  0x0000028920a317a0 JavaThread "TimerQueue"                 daemon [_thread_blocked, id=68192, stack(0x0000009c33e00000,0x0000009c33f00000) (1024K)]
=>0x00000289205d8010 JavaThread "SwingWorker-pool-2-thread-1" daemon [_thread_in_native, id=77600, stack(0x0000009c33f00000,0x0000009c34000000) (1024K)]
Total: 17

Other Threads:
  0x000002891bd60a50 VMThread "VM Thread"                           [id=83156, stack(0x0000009c32c00000,0x0000009c32d00000) (1024K)]
  0x000002891bd505a0 WatcherThread "VM Periodic Task Thread"        [id=68864, stack(0x0000009c32b00000,0x0000009c32c00000) (1024K)]
  0x000002897ed35850 WorkerThread "GC Thread#0"                     [id=36192, stack(0x0000009c32600000,0x0000009c32700000) (1024K)]
  0x0000028920a173c0 WorkerThread "GC Thread#1"                     [id=74768, stack(0x0000009c34100000,0x0000009c34200000) (1024K)]
  0x0000028920a15e30 WorkerThread "GC Thread#2"                     [id=53352, stack(0x0000009c34200000,0x0000009c34300000) (1024K)]
  0x0000028920a16280 WorkerThread "GC Thread#3"                     [id=82556, stack(0x0000009c34300000,0x0000009c34400000) (1024K)]
  0x0000028920a166d0 WorkerThread "GC Thread#4"                     [id=62752, stack(0x0000009c34400000,0x0000009c34500000) (1024K)]
  0x0000028920a14450 WorkerThread "GC Thread#5"                     [id=51052, stack(0x0000009c34500000,0x0000009c34600000) (1024K)]
  0x0000028920a16f70 WorkerThread "GC Thread#6"                     [id=67892, stack(0x0000009c34600000,0x0000009c34700000) (1024K)]
  0x0000028920b280e0 WorkerThread "GC Thread#7"                     [id=83692, stack(0x0000009c34700000,0x0000009c34800000) (1024K)]
  0x0000028920b25170 WorkerThread "GC Thread#8"                     [id=63884, stack(0x0000009c34800000,0x0000009c34900000) (1024K)]
  0x0000028920b24480 WorkerThread "GC Thread#9"                     [id=71036, stack(0x0000009c34900000,0x0000009c34a00000) (1024K)]
  0x000002897ed4fb70 ConcurrentGCThread "G1 Main Marker"            [id=74408, stack(0x0000009c32700000,0x0000009c32800000) (1024K)]
  0x000002897ed50510 WorkerThread "G1 Conc#0"                       [id=68252, stack(0x0000009c32800000,0x0000009c32900000) (1024K)]
  0x000002891bc0d510 ConcurrentGCThread "G1 Refine#0"               [id=83552, stack(0x0000009c32900000,0x0000009c32a00000) (1024K)]
  0x000002891bc0ddd0 ConcurrentGCThread "G1 Service"                [id=71548, stack(0x0000009c32a00000,0x0000009c32b00000) (1024K)]
Total: 16

Threads with active compile tasks:
Total: 0

VM state: not at safepoint (normal execution)

VM Mutex/Monitor currently owned by a thread: None

Heap address: 0x0000000084400000, size: 1980 MB, Compressed Oops mode: 32-bit

CDS archive(s) mapped at: [0x000000000f000000-0x000000000fdd0000-0x000000000fdd0000), size 14483456, SharedBaseAddress: 0x000000000f000000, ArchiveRelocationMode: 1.
Compressed class space mapped at: 0x0000000010000000-0x0000000050000000, reserved size: 1073741824
UseCompressedClassPointers 1, UseCompactObjectHeaders 0
Narrow klass pointer bits 32, Max shift 3
Narrow klass base: 0x000000000f000000, Narrow klass shift: 0
Encoding Range: [0x000000000f000000 - 0x000000010f000000), (4294967296 bytes)
Klass Range:    [0x000000000f010000 - 0x0000000050000000), (1090453504 bytes)
Klass ID Range:  [65536 - 1090519033) (1090453497)
Protection zone: [0x000000000f000000 - 0x000000000f010000), (65536 bytes)

GC Precious Log:
 CardTable entry size: 512
 Card Set container configuration: InlinePtr #cards 5 size 8 Array Of Cards #cards 10 size 36 Howl #buckets 4 coarsen threshold 1843 Howl Bitmap #cards 512 size 80 coarsen threshold 460 Card regions per heap region 1 cards per card region 2048
 CPUs: 12 total, 12 available
 Memory: 7916M
 Large Page Support: Disabled
 NUMA Support: Disabled
 Compressed Oops: Enabled (32-bit)
 Heap Region Size: 1M
 Heap Min Capacity: 8M
 Heap Initial Capacity: 124M
 Heap Max Capacity: 1980M
 Pre-touch: Disabled
 Parallel Workers: 10
 Concurrent Workers: 3
 Concurrent Refinement Workers: 10
 Periodic GC: Disabled

Heap:
 garbage-first heap   total reserved 2027520K, committed 129024K, used 17478K [0x0000000084400000, 0x0000000100000000)
  region size 1024K, 11 young (11264K), 6 survivors (6144K)

Heap Regions: E=young(eden), S=young(survivor), O=old, HS=humongous(starts), HC=humongous(continues), CS=collection set, F=free, TAMS=top-at-mark-start, PB=parsable bottom
|   0|0x0000000084400000, 0x0000000084500000, 0x0000000084500000|100%|HS|  |TAMS 0x0000000084400000| PB 0x0000000084400000| Complete |  0
|   1|0x0000000084500000, 0x0000000084600000, 0x0000000084600000|100%|HC|  |TAMS 0x0000000084500000| PB 0x0000000084500000| Complete |  0
|   2|0x0000000084600000, 0x0000000084700000, 0x0000000084700000|100%| O|  |TAMS 0x0000000084600000| PB 0x0000000084600000| Untracked |  0
|   3|0x0000000084700000, 0x0000000084800000, 0x0000000084800000|100%| O|  |TAMS 0x0000000084700000| PB 0x0000000084700000| Untracked |  0
|   4|0x0000000084800000, 0x0000000084900000, 0x0000000084900000|100%| O|  |TAMS 0x0000000084800000| PB 0x0000000084800000| Untracked |  0
|   5|0x0000000084900000, 0x00000000849ec2f0, 0x0000000084a00000| 92%| O|  |TAMS 0x0000000084900000| PB 0x0000000084900000| Untracked |  0
|   6|0x0000000084a00000, 0x0000000084a00000, 0x0000000084b00000|  0%| F|  |TAMS 0x0000000084a00000| PB 0x0000000084a00000| Untracked |  0
|   7|0x0000000084b00000, 0x0000000084b00000, 0x0000000084c00000|  0%| F|  |TAMS 0x0000000084b00000| PB 0x0000000084b00000| Untracked |  0
|   8|0x0000000084c00000, 0x0000000084c00000, 0x0000000084d00000|  0%| F|  |TAMS 0x0000000084c00000| PB 0x0000000084c00000| Untracked |  0
|   9|0x0000000084d00000, 0x0000000084d00000, 0x0000000084e00000|  0%| F|  |TAMS 0x0000000084d00000| PB 0x0000000084d00000| Untracked |  0
|  10|0x0000000084e00000, 0x0000000084e00000, 0x0000000084f00000|  0%| F|  |TAMS 0x0000000084e00000| PB 0x0000000084e00000| Untracked |  0
|  11|0x0000000084f00000, 0x0000000084f00000, 0x0000000085000000|  0%| F|  |TAMS 0x0000000084f00000| PB 0x0000000084f00000| Untracked |  0
|  12|0x0000000085000000, 0x0000000085000000, 0x0000000085100000|  0%| F|  |TAMS 0x0000000085000000| PB 0x0000000085000000| Untracked |  0
|  13|0x0000000085100000, 0x0000000085100000, 0x0000000085200000|  0%| F|  |TAMS 0x0000000085100000| PB 0x0000000085100000| Untracked |  0
|  14|0x0000000085200000, 0x0000000085200000, 0x0000000085300000|  0%| F|  |TAMS 0x0000000085200000| PB 0x0000000085200000| Untracked |  0
|  15|0x0000000085300000, 0x0000000085300000, 0x0000000085400000|  0%| F|  |TAMS 0x0000000085300000| PB 0x0000000085300000| Untracked |  0
|  16|0x0000000085400000, 0x0000000085400000, 0x0000000085500000|  0%| F|  |TAMS 0x0000000085400000| PB 0x0000000085400000| Untracked |  0
|  17|0x0000000085500000, 0x0000000085500000, 0x0000000085600000|  0%| F|  |TAMS 0x0000000085500000| PB 0x0000000085500000| Untracked |  0
|  18|0x0000000085600000, 0x0000000085600000, 0x0000000085700000|  0%| F|  |TAMS 0x0000000085600000| PB 0x0000000085600000| Untracked |  0
|  19|0x0000000085700000, 0x0000000085700000, 0x0000000085800000|  0%| F|  |TAMS 0x0000000085700000| PB 0x0000000085700000| Untracked |  0
|  20|0x0000000085800000, 0x0000000085800000, 0x0000000085900000|  0%| F|  |TAMS 0x0000000085800000| PB 0x0000000085800000| Untracked |  0
|  21|0x0000000085900000, 0x0000000085900000, 0x0000000085a00000|  0%| F|  |TAMS 0x0000000085900000| PB 0x0000000085900000| Untracked |  0
|  22|0x0000000085a00000, 0x0000000085a00000, 0x0000000085b00000|  0%| F|  |TAMS 0x0000000085a00000| PB 0x0000000085a00000| Untracked |  0
|  23|0x0000000085b00000, 0x0000000085b00000, 0x0000000085c00000|  0%| F|  |TAMS 0x0000000085b00000| PB 0x0000000085b00000| Untracked |  0
|  24|0x0000000085c00000, 0x0000000085c00000, 0x0000000085d00000|  0%| F|  |TAMS 0x0000000085c00000| PB 0x0000000085c00000| Untracked |  0
|  25|0x0000000085d00000, 0x0000000085d00000, 0x0000000085e00000|  0%| F|  |TAMS 0x0000000085d00000| PB 0x0000000085d00000| Untracked |  0
|  26|0x0000000085e00000, 0x0000000085e00000, 0x0000000085f00000|  0%| F|  |TAMS 0x0000000085e00000| PB 0x0000000085e00000| Untracked |  0
|  27|0x0000000085f00000, 0x0000000085f00000, 0x0000000086000000|  0%| F|  |TAMS 0x0000000085f00000| PB 0x0000000085f00000| Untracked |  0
|  28|0x0000000086000000, 0x0000000086000000, 0x0000000086100000|  0%| F|  |TAMS 0x0000000086000000| PB 0x0000000086000000| Untracked |  0
|  29|0x0000000086100000, 0x0000000086100000, 0x0000000086200000|  0%| F|  |TAMS 0x0000000086100000| PB 0x0000000086100000| Untracked |  0
|  30|0x0000000086200000, 0x0000000086200000, 0x0000000086300000|  0%| F|  |TAMS 0x0000000086200000| PB 0x0000000086200000| Untracked |  0
|  31|0x0000000086300000, 0x0000000086300000, 0x0000000086400000|  0%| F|  |TAMS 0x0000000086300000| PB 0x0000000086300000| Untracked |  0
|  32|0x0000000086400000, 0x0000000086400000, 0x0000000086500000|  0%| F|  |TAMS 0x0000000086400000| PB 0x0000000086400000| Untracked |  0
|  33|0x0000000086500000, 0x0000000086500000, 0x0000000086600000|  0%| F|  |TAMS 0x0000000086500000| PB 0x0000000086500000| Untracked |  0
|  34|0x0000000086600000, 0x0000000086600000, 0x0000000086700000|  0%| F|  |TAMS 0x0000000086600000| PB 0x0000000086600000| Untracked |  0
|  35|0x0000000086700000, 0x0000000086700000, 0x0000000086800000|  0%| F|  |TAMS 0x0000000086700000| PB 0x0000000086700000| Untracked |  0
|  36|0x0000000086800000, 0x0000000086800000, 0x0000000086900000|  0%| F|  |TAMS 0x0000000086800000| PB 0x0000000086800000| Untracked |  0
|  37|0x0000000086900000, 0x0000000086900000, 0x0000000086a00000|  0%| F|  |TAMS 0x0000000086900000| PB 0x0000000086900000| Untracked |  0
|  38|0x0000000086a00000, 0x0000000086a00000, 0x0000000086b00000|  0%| F|  |TAMS 0x0000000086a00000| PB 0x0000000086a00000| Untracked |  0
|  39|0x0000000086b00000, 0x0000000086b00000, 0x0000000086c00000|  0%| F|  |TAMS 0x0000000086b00000| PB 0x0000000086b00000| Untracked |  0
|  40|0x0000000086c00000, 0x0000000086c00000, 0x0000000086d00000|  0%| F|  |TAMS 0x0000000086c00000| PB 0x0000000086c00000| Untracked |  0
|  41|0x0000000086d00000, 0x0000000086d00000, 0x0000000086e00000|  0%| F|  |TAMS 0x0000000086d00000| PB 0x0000000086d00000| Untracked |  0
|  42|0x0000000086e00000, 0x0000000086e00000, 0x0000000086f00000|  0%| F|  |TAMS 0x0000000086e00000| PB 0x0000000086e00000| Untracked |  0
|  43|0x0000000086f00000, 0x0000000086f00000, 0x0000000087000000|  0%| F|  |TAMS 0x0000000086f00000| PB 0x0000000086f00000| Untracked |  0
|  44|0x0000000087000000, 0x0000000087000000, 0x0000000087100000|  0%| F|  |TAMS 0x0000000087000000| PB 0x0000000087000000| Untracked |  0
|  45|0x0000000087100000, 0x0000000087100000, 0x0000000087200000|  0%| F|  |TAMS 0x0000000087100000| PB 0x0000000087100000| Untracked |  0
|  46|0x0000000087200000, 0x0000000087200000, 0x0000000087300000|  0%| F|  |TAMS 0x0000000087200000| PB 0x0000000087200000| Untracked |  0
|  47|0x0000000087300000, 0x0000000087300000, 0x0000000087400000|  0%| F|  |TAMS 0x0000000087300000| PB 0x0000000087300000| Untracked |  0
|  48|0x0000000087400000, 0x0000000087400000, 0x0000000087500000|  0%| F|  |TAMS 0x0000000087400000| PB 0x0000000087400000| Untracked |  0
|  49|0x0000000087500000, 0x0000000087500000, 0x0000000087600000|  0%| F|  |TAMS 0x0000000087500000| PB 0x0000000087500000| Untracked |  0
|  50|0x0000000087600000, 0x0000000087600000, 0x0000000087700000|  0%| F|  |TAMS 0x0000000087600000| PB 0x0000000087600000| Untracked |  0
|  51|0x0000000087700000, 0x0000000087700000, 0x0000000087800000|  0%| F|  |TAMS 0x0000000087700000| PB 0x0000000087700000| Untracked |  0
|  52|0x0000000087800000, 0x0000000087800000, 0x0000000087900000|  0%| F|  |TAMS 0x0000000087800000| PB 0x0000000087800000| Untracked |  0
|  53|0x0000000087900000, 0x0000000087900000, 0x0000000087a00000|  0%| F|  |TAMS 0x0000000087900000| PB 0x0000000087900000| Untracked |  0
|  54|0x0000000087a00000, 0x0000000087a00000, 0x0000000087b00000|  0%| F|  |TAMS 0x0000000087a00000| PB 0x0000000087a00000| Untracked |  0
|  55|0x0000000087b00000, 0x0000000087b00000, 0x0000000087c00000|  0%| F|  |TAMS 0x0000000087b00000| PB 0x0000000087b00000| Untracked |  0
|  56|0x0000000087c00000, 0x0000000087c00000, 0x0000000087d00000|  0%| F|  |TAMS 0x0000000087c00000| PB 0x0000000087c00000| Untracked |  0
|  57|0x0000000087d00000, 0x0000000087d00000, 0x0000000087e00000|  0%| F|  |TAMS 0x0000000087d00000| PB 0x0000000087d00000| Untracked |  0
|  58|0x0000000087e00000, 0x0000000087e00000, 0x0000000087f00000|  0%| F|  |TAMS 0x0000000087e00000| PB 0x0000000087e00000| Untracked |  0
|  59|0x0000000087f00000, 0x0000000087f00000, 0x0000000088000000|  0%| F|  |TAMS 0x0000000087f00000| PB 0x0000000087f00000| Untracked |  0
|  60|0x0000000088000000, 0x0000000088000000, 0x0000000088100000|  0%| F|  |TAMS 0x0000000088000000| PB 0x0000000088000000| Untracked |  0
|  61|0x0000000088100000, 0x0000000088100000, 0x0000000088200000|  0%| F|  |TAMS 0x0000000088100000| PB 0x0000000088100000| Untracked |  0
|  62|0x0000000088200000, 0x0000000088200000, 0x0000000088300000|  0%| F|  |TAMS 0x0000000088200000| PB 0x0000000088200000| Untracked |  0
|  63|0x0000000088300000, 0x0000000088300000, 0x0000000088400000|  0%| F|  |TAMS 0x0000000088300000| PB 0x0000000088300000| Untracked |  0
|  64|0x0000000088400000, 0x0000000088400000, 0x0000000088500000|  0%| F|  |TAMS 0x0000000088400000| PB 0x0000000088400000| Untracked |  0
|  65|0x0000000088500000, 0x0000000088500000, 0x0000000088600000|  0%| F|  |TAMS 0x0000000088500000| PB 0x0000000088500000| Untracked |  0
|  66|0x0000000088600000, 0x0000000088600000, 0x0000000088700000|  0%| F|  |TAMS 0x0000000088600000| PB 0x0000000088600000| Untracked |  0
|  67|0x0000000088700000, 0x0000000088700000, 0x0000000088800000|  0%| F|  |TAMS 0x0000000088700000| PB 0x0000000088700000| Untracked |  0
|  68|0x0000000088800000, 0x0000000088800000, 0x0000000088900000|  0%| F|  |TAMS 0x0000000088800000| PB 0x0000000088800000| Untracked |  0
|  69|0x0000000088900000, 0x0000000088900000, 0x0000000088a00000|  0%| F|  |TAMS 0x0000000088900000| PB 0x0000000088900000| Untracked |  0
|  70|0x0000000088a00000, 0x0000000088a00000, 0x0000000088b00000|  0%| F|  |TAMS 0x0000000088a00000| PB 0x0000000088a00000| Untracked |  0
|  71|0x0000000088b00000, 0x0000000088c00000, 0x0000000088c00000|100%| S|CS|TAMS 0x0000000088b00000| PB 0x0000000088b00000| Complete |  0
|  72|0x0000000088c00000, 0x0000000088d00000, 0x0000000088d00000|100%| S|CS|TAMS 0x0000000088c00000| PB 0x0000000088c00000| Complete |  0
|  73|0x0000000088d00000, 0x0000000088e00000, 0x0000000088e00000|100%| S|CS|TAMS 0x0000000088d00000| PB 0x0000000088d00000| Complete |  0
|  74|0x0000000088e00000, 0x0000000088f00000, 0x0000000088f00000|100%| S|CS|TAMS 0x0000000088e00000| PB 0x0000000088e00000| Complete |  0
|  75|0x0000000088f00000, 0x0000000089000000, 0x0000000089000000|100%| S|CS|TAMS 0x0000000088f00000| PB 0x0000000088f00000| Complete |  0
|  76|0x0000000089000000, 0x0000000089100000, 0x0000000089100000|100%| S|CS|TAMS 0x0000000089000000| PB 0x0000000089000000| Complete |  0
|  77|0x0000000089100000, 0x0000000089100000, 0x0000000089200000|  0%| F|  |TAMS 0x0000000089100000| PB 0x0000000089100000| Untracked |  0
|  78|0x0000000089200000, 0x0000000089200000, 0x0000000089300000|  0%| F|  |TAMS 0x0000000089200000| PB 0x0000000089200000| Untracked |  0
|  79|0x0000000089300000, 0x0000000089300000, 0x0000000089400000|  0%| F|  |TAMS 0x0000000089300000| PB 0x0000000089300000| Untracked |  0
|  80|0x0000000089400000, 0x0000000089400000, 0x0000000089500000|  0%| F|  |TAMS 0x0000000089400000| PB 0x0000000089400000| Untracked |  0
|  81|0x0000000089500000, 0x0000000089500000, 0x0000000089600000|  0%| F|  |TAMS 0x0000000089500000| PB 0x0000000089500000| Untracked |  0
|  82|0x0000000089600000, 0x0000000089600000, 0x0000000089700000|  0%| F|  |TAMS 0x0000000089600000| PB 0x0000000089600000| Untracked |  0
|  83|0x0000000089700000, 0x0000000089700000, 0x0000000089800000|  0%| F|  |TAMS 0x0000000089700000| PB 0x0000000089700000| Untracked |  0
|  84|0x0000000089800000, 0x0000000089800000, 0x0000000089900000|  0%| F|  |TAMS 0x0000000089800000| PB 0x0000000089800000| Untracked |  0
|  85|0x0000000089900000, 0x0000000089900000, 0x0000000089a00000|  0%| F|  |TAMS 0x0000000089900000| PB 0x0000000089900000| Untracked |  0
|  86|0x0000000089a00000, 0x0000000089a00000, 0x0000000089b00000|  0%| F|  |TAMS 0x0000000089a00000| PB 0x0000000089a00000| Untracked |  0
|  87|0x0000000089b00000, 0x0000000089b00000, 0x0000000089c00000|  0%| F|  |TAMS 0x0000000089b00000| PB 0x0000000089b00000| Untracked |  0
|  88|0x0000000089c00000, 0x0000000089c00000, 0x0000000089d00000|  0%| F|  |TAMS 0x0000000089c00000| PB 0x0000000089c00000| Untracked |  0
|  89|0x0000000089d00000, 0x0000000089d00000, 0x0000000089e00000|  0%| F|  |TAMS 0x0000000089d00000| PB 0x0000000089d00000| Untracked |  0
|  90|0x0000000089e00000, 0x0000000089e00000, 0x0000000089f00000|  0%| F|  |TAMS 0x0000000089e00000| PB 0x0000000089e00000| Untracked |  0
|  91|0x0000000089f00000, 0x0000000089f00000, 0x000000008a000000|  0%| F|  |TAMS 0x0000000089f00000| PB 0x0000000089f00000| Untracked |  0
|  92|0x000000008a000000, 0x000000008a000000, 0x000000008a100000|  0%| F|  |TAMS 0x000000008a000000| PB 0x000000008a000000| Untracked |  0
|  93|0x000000008a100000, 0x000000008a100000, 0x000000008a200000|  0%| F|  |TAMS 0x000000008a100000| PB 0x000000008a100000| Untracked |  0
|  94|0x000000008a200000, 0x000000008a200000, 0x000000008a300000|  0%| F|  |TAMS 0x000000008a200000| PB 0x000000008a200000| Untracked |  0
|  95|0x000000008a300000, 0x000000008a300000, 0x000000008a400000|  0%| F|  |TAMS 0x000000008a300000| PB 0x000000008a300000| Untracked |  0
|  96|0x000000008a400000, 0x000000008a400000, 0x000000008a500000|  0%| F|  |TAMS 0x000000008a400000| PB 0x000000008a400000| Untracked |  0
|  97|0x000000008a500000, 0x000000008a500000, 0x000000008a600000|  0%| F|  |TAMS 0x000000008a500000| PB 0x000000008a500000| Untracked |  0
|  98|0x000000008a600000, 0x000000008a600000, 0x000000008a700000|  0%| F|  |TAMS 0x000000008a600000| PB 0x000000008a600000| Untracked |  0
|  99|0x000000008a700000, 0x000000008a700000, 0x000000008a800000|  0%| F|  |TAMS 0x000000008a700000| PB 0x000000008a700000| Untracked |  0
| 100|0x000000008a800000, 0x000000008a800000, 0x000000008a900000|  0%| F|  |TAMS 0x000000008a800000| PB 0x000000008a800000| Untracked |  0
| 101|0x000000008a900000, 0x000000008a900000, 0x000000008aa00000|  0%| F|  |TAMS 0x000000008a900000| PB 0x000000008a900000| Untracked |  0
| 102|0x000000008aa00000, 0x000000008aa00000, 0x000000008ab00000|  0%| F|  |TAMS 0x000000008aa00000| PB 0x000000008aa00000| Untracked |  0
| 103|0x000000008ab00000, 0x000000008ab00000, 0x000000008ac00000|  0%| F|  |TAMS 0x000000008ab00000| PB 0x000000008ab00000| Untracked |  0
| 104|0x000000008ac00000, 0x000000008ac00000, 0x000000008ad00000|  0%| F|  |TAMS 0x000000008ac00000| PB 0x000000008ac00000| Untracked |  0
| 105|0x000000008ad00000, 0x000000008ad00000, 0x000000008ae00000|  0%| F|  |TAMS 0x000000008ad00000| PB 0x000000008ad00000| Untracked |  0
| 106|0x000000008ae00000, 0x000000008ae00000, 0x000000008af00000|  0%| F|  |TAMS 0x000000008ae00000| PB 0x000000008ae00000| Untracked |  0
| 107|0x000000008af00000, 0x000000008af00000, 0x000000008b000000|  0%| F|  |TAMS 0x000000008af00000| PB 0x000000008af00000| Untracked |  0
| 108|0x000000008b000000, 0x000000008b000000, 0x000000008b100000|  0%| F|  |TAMS 0x000000008b000000| PB 0x000000008b000000| Untracked |  0
| 109|0x000000008b100000, 0x000000008b100000, 0x000000008b200000|  0%| F|  |TAMS 0x000000008b100000| PB 0x000000008b100000| Untracked |  0
| 110|0x000000008b200000, 0x000000008b200000, 0x000000008b300000|  0%| F|  |TAMS 0x000000008b200000| PB 0x000000008b200000| Untracked |  0
| 111|0x000000008b300000, 0x000000008b300000, 0x000000008b400000|  0%| F|  |TAMS 0x000000008b300000| PB 0x000000008b300000| Untracked |  0
| 112|0x000000008b400000, 0x000000008b400000, 0x000000008b500000|  0%| F|  |TAMS 0x000000008b400000| PB 0x000000008b400000| Untracked |  0
| 113|0x000000008b500000, 0x000000008b500000, 0x000000008b600000|  0%| F|  |TAMS 0x000000008b500000| PB 0x000000008b500000| Untracked |  0
| 114|0x000000008b600000, 0x000000008b600000, 0x000000008b700000|  0%| F|  |TAMS 0x000000008b600000| PB 0x000000008b600000| Untracked |  0
| 115|0x000000008b700000, 0x000000008b700000, 0x000000008b800000|  0%| F|  |TAMS 0x000000008b700000| PB 0x000000008b700000| Untracked |  0
| 116|0x000000008b800000, 0x000000008b800000, 0x000000008b900000|  0%| F|  |TAMS 0x000000008b800000| PB 0x000000008b800000| Untracked |  0
| 117|0x000000008b900000, 0x000000008b900000, 0x000000008ba00000|  0%| F|  |TAMS 0x000000008b900000| PB 0x000000008b900000| Untracked |  0
| 118|0x000000008ba00000, 0x000000008ba00000, 0x000000008bb00000|  0%| F|  |TAMS 0x000000008ba00000| PB 0x000000008ba00000| Untracked |  0
| 119|0x000000008bb00000, 0x000000008bc00000, 0x000000008bc00000|100%| E|  |TAMS 0x000000008bb00000| PB 0x000000008bb00000| Complete |  0
| 120|0x000000008bc00000, 0x000000008bd00000, 0x000000008bd00000|100%| E|CS|TAMS 0x000000008bc00000| PB 0x000000008bc00000| Complete |  0
| 121|0x000000008bd00000, 0x000000008be00000, 0x000000008be00000|100%| E|CS|TAMS 0x000000008bd00000| PB 0x000000008bd00000| Complete |  0
| 122|0x000000008be00000, 0x000000008bf00000, 0x000000008bf00000|100%| E|CS|TAMS 0x000000008be00000| PB 0x000000008be00000| Complete |  0
| 123|0x000000008bf00000, 0x000000008c000000, 0x000000008c000000|100%| E|CS|TAMS 0x000000008bf00000| PB 0x000000008bf00000| Complete |  0
|1978|0x00000000ffe00000, 0x00000000fff00000, 0x00000000fff00000|100%| O|  |TAMS 0x00000000ffe00000| PB 0x00000000ffe00000| Untracked |  0
|1979|0x00000000fff00000, 0x00000000fff25608, 0x0000000100000000| 14%| O|  |TAMS 0x00000000fff00000| PB 0x00000000fff00000| Untracked |  0

Card table byte_map: [0x000002897f6d0000,0x000002897fab0000] _byte_map_base: 0x000002897f2ae000

Marking Bits: (CMBitMap*) 0x000002897ed37ef0
 Bits: [0x00000289177c0000, 0x00000289196b0000)

Polling page: 0x000002897e4a0000

Metaspace:
Metaspace        used 18913K, committed 19136K, reserved 1114112K
 class space     used 1698K, committed 1792K, reserved 1048576K

Usage:
  Non-class:     16.81 MB used.
      Class:      1.66 MB used.
       Both:     18.47 MB used.

Virtual space:
  Non-class space:       64.00 MB reserved,      16.94 MB ( 26%) committed,  1 nodes.
      Class space:        1.00 GB reserved,       1.75 MB ( <1%) committed,  1 nodes.
             Both:        1.06 GB reserved,      18.69 MB (  2%) committed. 

Chunk freelists:
   Non-Class:  14.90 MB
       Class:  14.19 MB
        Both:  29.09 MB

MaxMetaspaceSize: unlimited
CompressedClassSpaceSize: 1.00 GB
Initial GC threshold: 21.00 MB
Current GC threshold: 21.00 MB
CDS: on
 - commit_granule_bytes: 65536.
 - commit_granule_words: 8192.
 - virtual_space_node_default_size: 8388608.
 - enlarge_chunks_in_place: 1.
UseCompressedClassPointers 1, UseCompactObjectHeaders 0
Narrow klass pointer bits 32, Max shift 3
Narrow klass base: 0x000000000f000000, Narrow klass shift: 0
Encoding Range: [0x000000000f000000 - 0x000000010f000000), (4294967296 bytes)
Klass Range:    [0x000000000f010000 - 0x0000000050000000), (1090453504 bytes)
Klass ID Range:  [65536 - 1090519033) (1090453497)
Protection zone: [0x000000000f000000 - 0x000000000f010000), (65536 bytes)


Internal statistics:

num_allocs_failed_limit: 0.
num_arena_births: 168.
num_arena_deaths: 0.
num_vsnodes_births: 2.
num_vsnodes_deaths: 0.
num_space_committed: 299.
num_space_uncommitted: 0.
num_chunks_returned_to_freelist: 0.
num_chunks_taken_from_freelist: 330.
num_chunk_merges: 0.
num_chunk_splits: 197.
num_chunks_enlarged: 126.
num_inconsistent_stats: 0.

CodeHeap 'non-profiled nmethods': size=120064Kb used=1038Kb max_used=1038Kb free=119025Kb
 bounds [0x0000028910280000, 0x00000289104f0000, 0x00000289177c0000]
CodeHeap 'profiled nmethods': size=120000Kb used=6074Kb max_used=6074Kb free=113925Kb
 bounds [0x00000289087c0000, 0x0000028908db0000, 0x000002890fcf0000]
CodeHeap 'non-nmethods': size=5696Kb used=1681Kb max_used=1724Kb free=4014Kb
 bounds [0x000002890fcf0000, 0x000002890ff60000, 0x0000028910280000]
CodeCache: size=245760Kb, used=8793Kb, max_used=8836Kb, free=236964Kb
 total_blobs=4592, nmethods=3778, adapters=716, full_count=0
Compilation: enabled, stopped_count=0, restarted_count=0

Compilation events (20 events):
Event: 79.424 Thread 0x000002891bd7ffd0 3747       4       java.util.concurrent.ConcurrentHashMap::spread (10 bytes)
Event: 79.424 Thread 0x000002891bd80be0 nmethod 3744 0x0000028908da2e08 code [0x0000028908da2f00, 0x0000028908da33b8]
Event: 79.424 Thread 0x000002891bd7ffd0 nmethod 3747 0x000002891037f208 code [0x000002891037f300, 0x000002891037f370]
Event: 79.424 Thread 0x000002891bd7ffd0 3750       4       java.util.concurrent.ConcurrentHashMap::addCount (280 bytes)
Event: 79.424 Thread 0x000002891bd80be0 3748   !   3       java.util.concurrent.ConcurrentHashMap::replaceNode (437 bytes)
Event: 79.426 Thread 0x000002891bd80be0 nmethod 3748 0x0000028908da3408 code [0x0000028908da3500, 0x0000028908da4cc0]
Event: 79.426 Thread 0x000002891bd80be0 3749       3       java.util.concurrent.ConcurrentHashMap::remove (8 bytes)
Event: 79.426 Thread 0x000002891bd80be0 nmethod 3749 0x0000028908da4d08 code [0x0000028908da4e00, 0x0000028908da4fd0]
Event: 79.426 Thread 0x000002891bd80be0 3752       3       jdk.internal.classfile.impl.AbstractPoolEntry$ClassEntryImpl::clone (9 bytes)
Event: 79.426 Thread 0x000002891bd80be0 nmethod 3752 0x0000028908da5008 code [0x0000028908da5100, 0x0000028908da5390]
Event: 79.426 Thread 0x000002891bd7ffd0 nmethod 3750 0x000002891037fe08 code [0x000002891037ff00, 0x0000028910380128]
Event: 79.426 Thread 0x000002891bd80be0 3753       3       jdk.internal.classfile.impl.SplitConstantPool::cloneClassEntry (84 bytes)
Event: 79.427 Thread 0x000002891bd80be0 nmethod 3753 0x0000028908da5408 code [0x0000028908da5500, 0x0000028908da5dc0]
Event: 79.429 Thread 0x000002891bd80be0 3757       3       java.awt.Component::getBounds (5 bytes)
Event: 79.429 Thread 0x000002891bd80be0 nmethod 3757 0x0000028908da5e08 code [0x0000028908da5f00, 0x0000028908da60c0]
Event: 79.429 Thread 0x000002891bd80be0 3758       3       java.awt.Component::bounds (24 bytes)
Event: 79.429 Thread 0x000002891bd80be0 nmethod 3758 0x0000028908da6108 code [0x0000028908da6200, 0x0000028908da6518]
Event: 79.430 Thread 0x000002891bd80be0 3759       3       java.util.ArrayList::toArray (57 bytes)
Event: 79.430 Thread 0x000002891bd80be0 nmethod 3759 0x0000028908da6588 code [0x0000028908da6680, 0x0000028908da6c28]
Event: 79.430 Thread 0x000002891bd80be0 3761       3       javax.swing.LayoutComparator::compare (457 bytes)

GC Heap Usage History (2 events):
Event: 56.164 {heap Before GC invocations=0 (full 0):
 garbage-first heap   total reserved 2027520K, committed 129024K, used 50325K [0x0000000084400000, 0x0000000100000000)
  region size 1024K, 47 young (48128K), 0 survivors (0K)
}
Event: 56.173 {heap After GC invocations=1 (full 0):
 garbage-first heap   total reserved 2027520K, committed 129024K, used 13382K [0x0000000084400000, 0x0000000100000000)
  region size 1024K, 6 young (6144K), 6 survivors (6144K)
}

Metaspace Usage History (2 events):
Event: 56.164 {metaspace Before GC invocations=0 (full 0):
 Metaspace       used 18768K, committed 19008K, reserved 1114112K
  class space    used 1696K, committed 1792K, reserved 1048576K
}
Event: 56.173 {metaspace After GC invocations=1 (full 0):
 Metaspace       used 18768K, committed 19008K, reserved 1114112K
  class space    used 1696K, committed 1792K, reserved 1048576K
}

Dll operation events (12 events):
Event: 0.005 Loaded shared library C:\Program Files\Java\jdk-25\bin\java.dll
Event: 0.032 Loaded shared library C:\Program Files\Java\jdk-25\bin\net.dll
Event: 0.033 Loaded shared library C:\Program Files\Java\jdk-25\bin\nio.dll
Event: 0.043 Loaded shared library C:\Program Files\Java\jdk-25\bin\zip.dll
Event: 0.052 Loaded shared library C:\Program Files\Java\jdk-25\bin\jimage.dll
Event: 0.082 Loaded shared library C:\Program Files\Java\jdk-25\bin\awt.dll
Event: 0.213 Loaded shared library C:\Program Files\Java\jdk-25\bin\freetype.dll
Event: 0.215 Loaded shared library C:\Program Files\Java\jdk-25\bin\fontmanager.dll
Event: 0.428 Loaded shared library C:\Program Files\Java\jdk-25\bin\verify.dll
Event: 3.070 Loaded shared library C:\Windows\System32\jnisgfplib.dll
Event: 6.600 Loaded shared library C:\Program Files\Java\jdk-25\bin\extnet.dll
Event: 21.194 Loaded shared library C:\Users\daeldrn\AppData\Local\Temp\webp-imageio-unknown-5d298d2d-4875-40c7-96d7-641b234b8bef-webp-imageio.dll

Deoptimization events (20 events):
Event: 78.318 Thread 0x0000028920855fc0 DEOPT PACKING pc=0x0000028910366ca0 sp=0x0000009c33afd6a0
Event: 78.318 Thread 0x0000028920855fc0 DEOPT UNPACKING pc=0x000002890fe0fc82 sp=0x0000009c33afd470 mode 2
Event: 78.318 Thread 0x0000028920855fc0 Uncommon trap: trap_request=0xffffff45 fr.pc=0x0000028910358598 relative=0x0000000000002898
Event: 78.318 Thread 0x0000028920855fc0 Uncommon trap: reason=unstable_if action=reinterpret pc=0x0000028910358598 method=sun.java2d.marlin.Renderer._endRendering(II)V @ 2137 c2
Event: 78.318 Thread 0x0000028920855fc0 DEOPT PACKING pc=0x0000028910358598 sp=0x0000009c33afd5d0
Event: 78.318 Thread 0x0000028920855fc0 DEOPT UNPACKING pc=0x000002890fe0fc82 sp=0x0000009c33afd470 mode 2
Event: 78.585 Thread 0x0000028920855fc0 DEOPT PACKING pc=0x0000028908d8dd87 sp=0x0000009c33afd4c0
Event: 78.585 Thread 0x0000028920855fc0 DEOPT UNPACKING pc=0x000002890fd41702 sp=0x0000009c33afc8a0 mode 0
Event: 79.070 Thread 0x0000028920855fc0 Uncommon trap: trap_request=0xffffff66 fr.pc=0x00000289103774b4 relative=0x00000000000009b4
Event: 79.070 Thread 0x0000028920855fc0 Uncommon trap: reason=loop_limit_check action=maybe_recompile pc=0x00000289103774b4 method=java.awt.geom.AffineTransform.transform([DI[DII)V @ 516 c2
Event: 79.070 Thread 0x0000028920855fc0 DEOPT PACKING pc=0x00000289103774b4 sp=0x0000009c33afd620
Event: 79.070 Thread 0x0000028920855fc0 DEOPT UNPACKING pc=0x000002890fe0fc82 sp=0x0000009c33afd540 mode 2
Event: 79.423 Thread 0x00000289205d8010 Uncommon trap: trap_request=0xffffff45 fr.pc=0x0000028910342860 relative=0x0000000000000060
Event: 79.423 Thread 0x00000289205d8010 Uncommon trap: reason=unstable_if action=reinterpret pc=0x0000028910342860 method=java.lang.ref.ReferenceQueue.poll()Ljava/lang/ref/Reference; @ 4 c2
Event: 79.423 Thread 0x00000289205d8010 DEOPT PACKING pc=0x0000028910342860 sp=0x0000009c33ffe090
Event: 79.423 Thread 0x00000289205d8010 DEOPT UNPACKING pc=0x000002890fe0fc82 sp=0x0000009c33ffdfa0 mode 2
Event: 79.431 Thread 0x0000028920855fc0 Uncommon trap: trap_request=0xffffff45 fr.pc=0x0000028910375410 relative=0x0000000000000b90
Event: 79.431 Thread 0x0000028920855fc0 Uncommon trap: reason=unstable_if action=reinterpret pc=0x0000028910375410 method=java.awt.Container.findComponentAtImpl(IIZ)Ljava/awt/Component; @ 24 c2
Event: 79.431 Thread 0x0000028920855fc0 DEOPT PACKING pc=0x0000028910375410 sp=0x0000009c33afdcb0
Event: 79.431 Thread 0x0000028920855fc0 DEOPT UNPACKING pc=0x000002890fe0fc82 sp=0x0000009c33afdc50 mode 2

Classes loaded (20 events):
Event: 21.197 Loading class java/awt/image/ImageConsumer done
Event: 21.197 Loading class java/awt/image/ImageFilter done
Event: 21.197 Loading class java/awt/image/ReplicateScaleFilter done
Event: 21.197 Loading class java/awt/image/AreaAveragingScaleFilter done
Event: 21.197 Loading class java/awt/image/FilteredImageSource
Event: 21.197 Loading class java/awt/image/ImageProducer
Event: 21.197 Loading class java/awt/image/ImageProducer done
Event: 21.197 Loading class java/awt/image/FilteredImageSource done
Event: 21.197 Loading class sun/awt/image/OffScreenImageSource
Event: 21.198 Loading class sun/awt/image/OffScreenImageSource done
Event: 21.198 Loading class sun/awt/image/InputStreamImageSource
Event: 21.198 Loading class sun/awt/image/ImageFetchable
Event: 21.198 Loading class sun/awt/image/ImageFetchable done
Event: 21.199 Loading class sun/awt/image/InputStreamImageSource done
Event: 21.199 Loading class sun/awt/image/ImageRepresentation
Event: 21.199 Loading class sun/awt/image/ImageWatched
Event: 21.199 Loading class sun/awt/image/ImageWatched done
Event: 21.199 Loading class sun/awt/image/ImageRepresentation done
Event: 21.199 Loading class sun/awt/image/ImageWatched$Link
Event: 21.199 Loading class sun/awt/image/ImageWatched$Link done

Classes unloaded (0 events):
No events

Classes redefined (0 events):
No events

Internal exceptions (20 events):
Event: 0.844 Thread 0x00000289206b1af0 Exception <a 'java/lang/NoSuchMethodError'{0x000000008bc0fce0}: 'void java.lang.invoke.DirectMethodHandle$Holder.invokeVirtual(java.lang.Object, java.lang.Object)'> (0x000000008bc0fce0) 
thrown [s\open\src\hotspot\share\interpreter\linkResolver.cpp, line 804]
Event: 0.864 Thread 0x0000028920855fc0 Exception <a 'java/lang/NoSuchMethodError'{0x000000008b040cc8}: 'void java.lang.invoke.DirectMethodHandle$Holder.invokeStaticInit(java.lang.Object)'> (0x000000008b040cc8) 
thrown [s\open\src\hotspot\share\interpreter\linkResolver.cpp, line 804]
Event: 4.759 Thread 0x0000028920855fc0 Implicit null exception at 0x00000289102eba01 to 0x00000289102ebfb0
Event: 4.759 Thread 0x0000028920855fc0 Implicit null exception at 0x00000289102e73ff to 0x00000289102e7ab0
Event: 4.759 Thread 0x0000028920855fc0 Implicit null exception at 0x00000289102eba01 to 0x00000289102ebfb0
Event: 4.759 Thread 0x0000028920855fc0 Implicit null exception at 0x00000289102e73ff to 0x00000289102e7ab0
Event: 4.759 Thread 0x0000028920855fc0 Implicit null exception at 0x00000289102eba01 to 0x00000289102ebfb0
Event: 6.532 Thread 0x00000289205d8010 Exception <a 'java/lang/NoSuchMethodError'{0x000000008aa04cf0}: 'void java.lang.invoke.DelegatingMethodHandle$Holder.reinvoke_L(java.lang.Object, java.lang.Object, int)'> (0x000000008aa04cf0) 
thrown [s\open\src\hotspot\share\interpreter\linkResolver.cpp, line 804]
Event: 6.532 Thread 0x00000289205d8010 Exception <a 'java/lang/NoSuchMethodError'{0x000000008aa150f8}: 'int java.lang.invoke.Invokers$Holder.invokeExact_MT(java.lang.Object, java.lang.Object, java.lang.Object)'> (0x000000008aa150f8) 
thrown [s\open\src\hotspot\share\interpreter\linkResolver.cpp, line 804]
Event: 6.584 Thread 0x00000289205d8010 Exception <a 'java/lang/NoSuchMethodError'{0x000000008a65cb50}: 'java.lang.Object java.lang.invoke.DirectMethodHandle$Holder.newInvokeSpecial(java.lang.Object, java.lang.Object, java.lang.Object, java.lang.Object, int)'> (0x000000008a65cb50) 
thrown [s\open\src\hotspot\share\interpreter\linkResolver.cpp, line 804]
Event: 6.588 Thread 0x00000289205d8010 Exception <a 'java/lang/NoClassDefFoundError'{0x000000008a6b1618}: com/sun/jna/Platform> (0x000000008a6b1618) 
thrown [s\open\src\hotspot\share\classfile\systemDictionary.cpp, line 316]
Event: 6.589 Thread 0x00000289205d8010 Exception <a 'java/lang/NoSuchMethodError'{0x000000008a6b35a8}: 'java.lang.Object java.lang.invoke.DirectMethodHandle$Holder.invokeStaticInit(java.lang.Object, java.lang.Object, java.lang.Object)'> (0x000000008a6b35a8) 
thrown [s\open\src\hotspot\share\interpreter\linkResolver.cpp, line 804]
Event: 9.314 Thread 0x0000028920855fc0 Exception <a 'java/lang/NoSuchMethodError'{0x000000008a1fe1e8}: 'int java.lang.invoke.DirectMethodHandle$Holder.invokeStatic(java.lang.Object)'> (0x000000008a1fe1e8) 
thrown [s\open\src\hotspot\share\interpreter\linkResolver.cpp, line 804]
Event: 21.097 Thread 0x00000289205d8010 Exception <a 'java/lang/NoSuchMethodError'{0x0000000089df8418}: 'java.lang.Object java.lang.invoke.DirectMethodHandle$Holder.newInvokeSpecial(java.lang.Object, java.lang.Object, java.lang.Object, java.lang.Object, java.lang.Object, java.lang.Object, java.lang.Object, java.lang.Object, java.lang.Object)'> (0x0000000089df8418) 
thrown [s\open\src\hotspot\share\interpreter\linkResolver.cpp, line 804]
Event: 21.122 Thread 0x0000028920855fc0 Exception <a 'java/lang/NoSuchMethodError'{0x0000000089c961f0}: 'java.lang.Object java.lang.invoke.DirectMethodHandle$Holder.invokeStaticInit(java.lang.Object, int, int, int, int)'> (0x0000000089c961f0) 
thrown [s\open\src\hotspot\share\interpreter\linkResolver.cpp, line 804]
Event: 21.133 Thread 0x0000028920855fc0 Exception <a 'java/lang/NoSuchMethodError'{0x0000000089cfc9e0}: 'java.lang.Object java.lang.invoke.DirectMethodHandle$Holder.invokeStaticInit(java.lang.Object, java.lang.Object, int, int, int, int)'> (0x0000000089cfc9e0) 
thrown [s\open\src\hotspot\share\interpreter\linkResolver.cpp, line 804]
Event: 43.415 Thread 0x0000028920855fc0 Implicit null exception at 0x000002891034acdb to 0x000002891034ae60
Event: 79.424 Thread 0x00000289205d8010 Exception <a 'java/lang/NoSuchMethodError'{0x000000008bf624f0}: 'void java.lang.invoke.DirectMethodHandle$Holder.invokeSpecial(java.lang.Object, java.lang.Object, long)'> (0x000000008bf624f0) 
thrown [s\open\src\hotspot\share\interpreter\linkResolver.cpp, line 804]
Event: 79.425 Thread 0x00000289205d8010 Exception <a 'java/lang/NoSuchMethodError'{0x000000008bf71470}: 'java.lang.Object java.lang.invoke.DirectMethodHandle$Holder.newInvokeSpecial(java.lang.Object, java.lang.Object, long)'> (0x000000008bf71470) 
thrown [s\open\src\hotspot\share\interpreter\linkResolver.cpp, line 804]
Event: 79.425 Thread 0x00000289205d8010 Exception <a 'java/lang/NoSuchMethodError'{0x000000008bf79bd0}: 'java.lang.Object java.lang.invoke.Invokers$Holder.linkToTargetMethod(java.lang.Object, long, java.lang.Object)'> (0x000000008bf79bd0) 
thrown [s\open\src\hotspot\share\interpreter\linkResolver.cpp, line 804]

VM Operations (20 events):
Event: 6.502 Executing non-safepoint VM operation: HandshakeAllThreads (Deoptimize)
Event: 6.502 Executing non-safepoint VM operation: HandshakeAllThreads (Deoptimize) done
Event: 6.533 Executing non-safepoint VM operation: HandshakeAllThreads (Deoptimize)
Event: 6.533 Executing non-safepoint VM operation: HandshakeAllThreads (Deoptimize) done
Event: 6.594 Executing non-safepoint VM operation: HandshakeAllThreads (Deoptimize)
Event: 6.594 Executing non-safepoint VM operation: HandshakeAllThreads (Deoptimize) done
Event: 6.595 Executing non-safepoint VM operation: HandshakeAllThreads (Deoptimize)
Event: 6.596 Executing non-safepoint VM operation: HandshakeAllThreads (Deoptimize) done
Event: 6.985 Executing non-safepoint VM operation: HandshakeAllThreads (Deoptimize)
Event: 6.985 Executing non-safepoint VM operation: HandshakeAllThreads (Deoptimize) done
Event: 9.240 Executing non-safepoint VM operation: HandshakeAllThreads (Deoptimize)
Event: 9.240 Executing non-safepoint VM operation: HandshakeAllThreads (Deoptimize) done
Event: 20.904 Executing non-safepoint VM operation: HandshakeAllThreads (Deoptimize)
Event: 20.904 Executing non-safepoint VM operation: HandshakeAllThreads (Deoptimize) done
Event: 56.164 Executing safepoint VM operation: G1CollectForAllocation (G1 Evacuation Pause)
Event: 56.173 Executing safepoint VM operation: G1CollectForAllocation (G1 Evacuation Pause) done
Event: 60.135 Executing non-safepoint VM operation: HandshakeAllThreads (HandshakeForDeflation)
Event: 60.135 Executing non-safepoint VM operation: HandshakeAllThreads (HandshakeForDeflation) done
Event: 60.135 Executing non-safepoint VM operation: RendezvousGCThreads
Event: 60.135 Executing non-safepoint VM operation: RendezvousGCThreads done

Memory protections (0 events):
No events

Nmethod flushes (0 events):
No events

Events (20 events):
Event: 0.135 Thread 0x000002897c8863d0 Thread added: 0x0000028920406b40
Event: 0.136 Thread 0x000002897c8863d0 Thread added: 0x00000289206b1330
Event: 0.136 Thread 0x000002897c8863d0 Thread added: 0x00000289206b1af0
Event: 0.293 Thread 0x000002897c8863d0 Thread added: 0x0000028920855fc0
Event: 0.293 Thread 0x000002897c8863d0 Thread exited: 0x000002897c8863d0
Event: 0.293 Thread 0x000002897c8863d0 Thread added: 0x000002897c8863d0
Event: 0.971 Thread 0x0000028920855fc0 Thread added: 0x0000028920a317a0
Event: 6.247 Thread 0x0000028920855fc0 Thread added: 0x00000289205d8010
Event: 9.244 Thread 0x000002891bd80be0 Thread added: 0x000002892060d620
Event: 11.629 Thread 0x000002892060d620 Thread exited: 0x000002892060d620
Event: 21.201 Thread 0x000002891bd7ffd0 Thread added: 0x00000289206dfff0
Event: 21.202 Thread 0x000002891bd7ffd0 Thread added: 0x00000289206e4550
Event: 26.106 Thread 0x00000289206e4550 Thread exited: 0x00000289206e4550
Event: 28.769 Thread 0x00000289206dfff0 Thread exited: 0x00000289206dfff0
Event: 32.344 Thread 0x000002891bd80be0 Thread added: 0x00000289209b3070
Event: 36.670 Thread 0x00000289209b3070 Thread exited: 0x00000289209b3070
Event: 43.426 Thread 0x000002891bd80be0 Thread added: 0x0000028922e79d40
Event: 48.419 Thread 0x0000028922e79d40 Thread exited: 0x0000028922e79d40
Event: 56.426 Thread 0x000002891bd80be0 Thread added: 0x00000289202cc150
Event: 61.254 Thread 0x00000289202cc150 Thread exited: 0x00000289202cc150


Dynamic libraries:
0x00007ff77a720000 - 0x00007ff77a730000 	C:\Program Files\Java\jdk-25\bin\java.exe
0x00007fffb85c0000 - 0x00007fffb8827000 	C:\Windows\SYSTEM32\ntdll.dll
0x00007fffb6d30000 - 0x00007fffb6df9000 	C:\Windows\System32\KERNEL32.DLL
0x00007fffb5f60000 - 0x00007fffb634f000 	C:\Windows\System32\KERNELBASE.dll
0x00007fffb5b30000 - 0x00007fffb5c7b000 	C:\Windows\System32\ucrtbase.dll
0x00007fff9a4a0000 - 0x00007fff9a4be000 	C:\Program Files\Java\jdk-25\bin\VCRUNTIME140.dll
0x00007fffa25d0000 - 0x00007fffa25e7000 	C:\Program Files\Java\jdk-25\bin\jli.dll
0x00007fffb6e00000 - 0x00007fffb6fc5000 	C:\Windows\System32\USER32.dll
0x00007fff90180000 - 0x00007fff90413000 	C:\Windows\WinSxS\amd64_microsoft.windows.common-controls_6595b64144ccf1df_6.0.26100.7309_none_3e05feeae336a044\COMCTL32.dll
0x00007fffb5dc0000 - 0x00007fffb5de7000 	C:\Windows\System32\win32u.dll
0x00007fffb8320000 - 0x00007fffb83c9000 	C:\Windows\System32\msvcrt.dll
0x00007fffb6a80000 - 0x00007fffb6aab000 	C:\Windows\System32\GDI32.dll
0x00007fffb5890000 - 0x00007fffb59bc000 	C:\Windows\System32\gdi32full.dll
0x00007fffb5df0000 - 0x00007fffb5e93000 	C:\Windows\System32\msvcp_win.dll
0x00007fffb6a40000 - 0x00007fffb6a71000 	C:\Windows\System32\IMM32.DLL
0x00007fffac5f0000 - 0x00007fffac5fc000 	C:\Program Files\Java\jdk-25\bin\vcruntime140_1.dll
0x00007fff89b00000 - 0x00007fff89b8d000 	C:\Program Files\Java\jdk-25\bin\msvcp140.dll
0x00007ffee45e0000 - 0x00007ffee543f000 	C:\Program Files\Java\jdk-25\bin\server\jvm.dll
0x00007fffb7bf0000 - 0x00007fffb7ca4000 	C:\Windows\System32\ADVAPI32.dll
0x00007fffb6b80000 - 0x00007fffb6c26000 	C:\Windows\System32\sechost.dll
0x00007fffb6fd0000 - 0x00007fffb70e8000 	C:\Windows\System32\RPCRT4.dll
0x00007fffb7f10000 - 0x00007fffb7f84000 	C:\Windows\System32\WS2_32.dll
0x00007fffad780000 - 0x00007fffad7b5000 	C:\Windows\SYSTEM32\WINMM.dll
0x00007fffb5570000 - 0x00007fffb55ce000 	C:\Windows\SYSTEM32\POWRPROF.dll
0x00007fff96220000 - 0x00007fff9622b000 	C:\Windows\SYSTEM32\VERSION.dll
0x00007fffb5550000 - 0x00007fffb5564000 	C:\Windows\SYSTEM32\UMPDC.dll
0x00007fffb43e0000 - 0x00007fffb43fb000 	C:\Windows\SYSTEM32\kernel.appcore.dll
0x00007fffa2710000 - 0x00007fffa271a000 	C:\Program Files\Java\jdk-25\bin\jimage.dll
0x00007fffb2af0000 - 0x00007fffb2d32000 	C:\Windows\SYSTEM32\DBGHELP.DLL
0x00007fffb7f90000 - 0x00007fffb8315000 	C:\Windows\System32\combase.dll
0x00007fffb71c0000 - 0x00007fffb7296000 	C:\Windows\System32\OLEAUT32.dll
0x00007fff8d5c0000 - 0x00007fff8d5fc000 	C:\Windows\SYSTEM32\dbgcore.DLL
0x00007fffb5d10000 - 0x00007fffb5db5000 	C:\Windows\System32\bcryptPrimitives.dll
0x00007fff989b0000 - 0x00007fff989cf000 	C:\Program Files\Java\jdk-25\bin\java.dll
0x00007fffb83e0000 - 0x00007fffb8577000 	C:\Windows\System32\ole32.dll
0x00007fffb7400000 - 0x00007fffb7b53000 	C:\Windows\System32\SHELL32.dll
0x00007fffb59c0000 - 0x00007fffb5b2a000 	C:\Windows\System32\wintypes.dll
0x00007fffb30d0000 - 0x00007fffb392e000 	C:\Windows\SYSTEM32\windows.storage.dll
0x00007fffb72a0000 - 0x00007fffb7395000 	C:\Windows\System32\SHCORE.dll
0x00007fffb7e90000 - 0x00007fffb7ef6000 	C:\Windows\System32\shlwapi.dll
0x00007fffb5630000 - 0x00007fffb5659000 	C:\Windows\SYSTEM32\profapi.dll
0x00007fff98290000 - 0x00007fff982a2000 	C:\Program Files\Java\jdk-25\bin\net.dll
0x00007fffb49d0000 - 0x00007fffb4a3b000 	C:\Windows\system32\mswsock.dll
0x00007fff97fa0000 - 0x00007fff97fb6000 	C:\Program Files\Java\jdk-25\bin\nio.dll
0x00007fff8dd20000 - 0x00007fff8dd37000 	C:\Program Files\Java\jdk-25\bin\zip.dll
0x00007fff890d0000 - 0x00007fff89254000 	C:\Program Files\Java\jdk-25\bin\awt.dll
0x00007fffb1e80000 - 0x00007fffb1f1f000 	C:\Windows\SYSTEM32\apphelp.dll
0x00007fffb2260000 - 0x00007fffb230b000 	C:\Windows\system32\uxtheme.dll
0x00007fffb6420000 - 0x00007fffb657e000 	C:\Windows\System32\MSCTF.dll
0x00007fffb2520000 - 0x00007fffb2550000 	C:\Windows\system32\DWMAPI.DLL
0x00007fff88fa0000 - 0x00007fff89027000 	C:\Program Files\Java\jdk-25\bin\freetype.dll
0x00007fff885e0000 - 0x00007fff886ce000 	C:\Program Files\Java\jdk-25\bin\fontmanager.dll
0x00007fff88290000 - 0x00007fff883a0000 	C:\Windows\system32\opengl32.dll
0x00007fff8a470000 - 0x00007fff8a49d000 	C:\Windows\SYSTEM32\GLU32.dll
0x00007fffb24b0000 - 0x00007fffb24f4000 	C:\Windows\SYSTEM32\dxcore.dll
0x00007fffa1b80000 - 0x00007fffa1b90000 	C:\Program Files\Java\jdk-25\bin\verify.dll
0x00007fffb6360000 - 0x00007fffb6410000 	C:\Windows\System32\clbcatq.dll
0x00007fffb07c0000 - 0x00007fffb09f0000 	C:\Windows\SYSTEM32\WindowsCodecs.dll
0x00007fff9a910000 - 0x00007fff9a96a000 	C:\Windows\system32\dataexchange.dll
0x00007fffad110000 - 0x00007fffad354000 	C:\Windows\system32\twinapi.appcore.dll
0x00007fff7cd60000 - 0x00007fff7cea8000 	C:\Windows\SYSTEM32\textinputframework.dll
0x00007fff8df90000 - 0x00007fff8e009000 	C:\Windows\system32\Oleacc.dll
0x00007fffb1bd0000 - 0x00007fffb1cf7000 	C:\Windows\SYSTEM32\CoreMessaging.dll
0x00007fffaf310000 - 0x00007fffaf5f2000 	C:\Windows\SYSTEM32\CoreUIComponents.dll
0x00007fffb4c20000 - 0x00007fffb4c2c000 	C:\Windows\SYSTEM32\CRYPTBASE.DLL
0x0000000180000000 - 0x000000018000b000 	C:\Windows\System32\jnisgfplib.dll
0x00007fff89ef0000 - 0x00007fff89f2c000 	C:\Windows\SYSTEM32\sgfplib.dll
0x0000000067890000 - 0x0000000067933000 	C:\Windows\WinSxS\amd64_microsoft.vc90.crt_1fc8b3b9a1e18e3b_9.0.30729.9635_none_08e2c157a83ed5da\MSVCR90.dll
0x00007fffb65a0000 - 0x00007fffb6a2a000 	C:\Windows\System32\SETUPAPI.dll
0x00007fff89e90000 - 0x00007fff89ea8000 	C:\Windows\SYSTEM32\sgwsqlib.dll
0x00007fffa0e70000 - 0x00007fffa0e79000 	C:\Program Files\Java\jdk-25\bin\extnet.dll
0x00007fffb4dc0000 - 0x00007fffb4ddb000 	C:\Windows\SYSTEM32\CRYPTSP.dll
0x00007fffb4400000 - 0x00007fffb443a000 	C:\Windows\system32\rsaenh.dll
0x00007fffb4a80000 - 0x00007fffb4aab000 	C:\Windows\SYSTEM32\USERENV.dll
0x00007fffb5600000 - 0x00007fffb562a000 	C:\Windows\SYSTEM32\bcrypt.dll
0x00007fffb3dc0000 - 0x00007fffb3df4000 	C:\Windows\SYSTEM32\IPHLPAPI.DLL
0x00007fffb83d0000 - 0x00007fffb83da000 	C:\Windows\System32\NSI.dll
0x0000000070e00000 - 0x0000000070eff000 	C:\Users\daeldrn\AppData\Local\Temp\webp-imageio-unknown-5d298d2d-4875-40c7-96d7-641b234b8bef-webp-imageio.dll

JVMTI agents: none

dbghelp: loaded successfully - version: 4.0.5 - missing functions: none
symbol engine: initialized successfully - sym options: 0x614 - pdb path: .;C:\Program Files\Java\jdk-25\bin;C:\Windows\SYSTEM32;C:\Windows\WinSxS\amd64_microsoft.windows.common-controls_6595b64144ccf1df_6.0.26100.7309_none_3e05feeae336a044;C:\Program Files\Java\jdk-25\bin\server;C:\Windows\WinSxS\amd64_microsoft.vc90.crt_1fc8b3b9a1e18e3b_9.0.30729.9635_none_08e2c157a83ed5da;C:\Users\daeldrn\AppData\Local\Temp

VM Arguments:
java_command: netbeans_sample\dist\FDxSDKPro.jar
java_class_path (initial): netbeans_sample\dist\FDxSDKPro.jar
Launcher Type: SUN_STANDARD

[Global flags]
     intx CICompilerCount                          = 4                                         {product} {ergonomic}
     uint ConcGCThreads                            = 3                                         {product} {ergonomic}
     uint G1ConcRefinementThreads                  = 10                                        {product} {ergonomic}
   size_t G1HeapRegionSize                         = 1048576                                   {product} {ergonomic}
   size_t InitialHeapSize                          = 130023424                                 {product} {ergonomic}
   size_t MarkStackSize                            = 4194304                                   {product} {ergonomic}
   size_t MarkStackSizeMax                         = 536870912                                 {product} {ergonomic}
   size_t MaxHeapSize                              = 2076180480                                {product} {ergonomic}
   size_t MaxNewSize                               = 1245708288                                {product} {ergonomic}
   size_t MinHeapDeltaBytes                        = 1048576                                   {product} {ergonomic}
   size_t MinHeapSize                              = 8388608                                   {product} {ergonomic}
    uintx NonNMethodCodeHeapSize                   = 5832704                                {pd product} {ergonomic}
    uintx NonProfiledCodeHeapSize                  = 122945536                              {pd product} {ergonomic}
    uintx ProfiledCodeHeapSize                     = 122880000                              {pd product} {ergonomic}
    uintx ReservedCodeCacheSize                    = 251658240                              {pd product} {ergonomic}
     bool SegmentedCodeCache                       = true                                      {product} {ergonomic}
   size_t SoftMaxHeapSize                          = 2076180480                             {manageable} {ergonomic}
     bool UseCompressedOops                        = true                           {product lp64_product} {ergonomic}
     bool UseG1GC                                  = true                                      {product} {ergonomic}
     bool UseLargePagesIndividualAllocation        = false                                  {pd product} {ergonomic}

Logging:
Log output configuration:
 #0: stdout all=warning uptime,level,tags foldmultilines=false
 #1: stderr all=off uptime,level,tags foldmultilines=false

Release file:
IMPLEMENTOR="Oracle Corporation" 
JAVA_RUNTIME_VERSION="25+37-LTS-3491" 
JAVA_VERSION="25" 
JAVA_VERSION_DATE="2025-09-16" 
LIBC="default" 
MODULES="java.base java.compiler java.datatransfer java.xml java.prefs java.desktop java.instrument java.logging java.management java.security.sasl java.naming java.rmi java.management.rmi java.net.http java.scripting java.security.jgss java.transaction.xa java.sql java.sql.rowset java.xml.crypto java.se java.smartcardio jdk.accessibility jdk.internal.jvmstat jdk.attach jdk.charsets jdk.internal.opt jdk.zipfs jdk.compiler jdk.crypto.cryptoki jdk.crypto.ec jdk.crypto.mscapi jdk.dynalink jdk.internal.ed jdk.editpad jdk.internal.vm.ci jdk.graal.compiler jdk.graal.compiler.management jdk.hotspot.agent jdk.httpserver jdk.incubator.vector jdk.internal.le jdk.internal.md jdk.jartool jdk.javadoc jdk.jcmd jdk.management jdk.management.agent jdk.jconsole jdk.jdeps jdk.jdwp.agent jdk.jdi jdk.jfr jdk.jlink jdk.jpackage jdk.jshell jdk.jsobject jdk.jstatd jdk.localedata jdk.management.jfr jdk.naming.dns jdk.naming.rmi jdk.net jdk.nio.mapmode jdk.sctp jdk.security.auth jdk.security.jgss jdk.unsupported jdk.unsupported.desktop jdk.xml.dom" 
OS_ARCH="x86_64" 
OS_NAME="Windows" 
SOURCE=".:git:49d6a23b8806 open:git:6c48f4ed707b" 

Environment Variables:
JAVA_HOME=C:\Program Files\Java\jdk-25
PATH=C:\Program Files\Common Files\Oracle\Java\javapath;C:\Program Files (x86)\Common Files\Oracle\Java\java8path;C:\Program Files (x86)\Common Files\Oracle\Java\javapath;C:\Python313\Scripts\;C:\Python313\;C:\Windows\system32;C:\Windows;C:\Windows\System32\Wbem;C:\Windows\System32\WindowsPowerShell\v1.0\;C:\Windows\System32\OpenSSH\;C:\ProgramData\chocolatey\bin;C:\xampp\php;C:\composer;C:\Program Files\Git\cmd;C:\Program Files\Docker\Docker\resources\bin;C:\Program Files\nodejs\;C:\Program Files\Cloudflare\Cloudflare WARP\;C:\Users\daeldrn\Documents\apache-ant-1.10.15-bin\apache-ant-1.10.15\bin;C:\Program Files\Java\jdk-25\bin;C:\Users\daeldrn\AppData\Local\Microsoft\WindowsApps;C:\Users\daeldrn\AppData\Local\Programs\Microsoft VS Code\bin;C:\Users\daeldrn\AppData\Roaming\npm;C:\Users\daeldrn\AppData\Local\Programs\Windsurf\bin;C:\Users\daeldrn\AppData\Local\Programs\cursor\resources\app\bin
USERNAME=daeldrn
LANG=en_US.UTF-8
OS=Windows_NT
PROCESSOR_IDENTIFIER=Intel64 Family 6 Model 154 Stepping 4, GenuineIntel
TMP=C:\Users\daeldrn\AppData\Local\Temp
TEMP=C:\Users\daeldrn\AppData\Local\Temp




Compilation memory statistics disabled.

Periodic native trim disabled

---------------  S Y S T E M  ---------------

OS:
 Windows 11 , 64 bit Build 26100 (10.0.26100.7309)
OS uptime: 29 days 15:56 hours
Hyper-V role detected

CPU: total 12 (initial active 12) (6 cores per cpu, 2 threads per core) family 6 model 154 stepping 4 microcode 0x435, cx8, cmov, fxsr, ht, mmx, 3dnowpref, sse, sse2, sse3, ssse3, sse4.1, sse4.2, popcnt, lzcnt, tsc, tscinvbit, avx, avx2, aes, erms, clmul, bmi1, bmi2, adx, sha, fma, vzeroupper, clflush, clflushopt, clwb, hv, serialize, rdtscp, rdpid, fsrm, gfni, f16c, cet_ibt, cet_ss
Processor Information for processor 0
  Max Mhz: 1300, Current Mhz: 1300, Mhz Limit: 1300
Processor Information for processor 1
  Max Mhz: 1300, Current Mhz: 1300, Mhz Limit: 1300
Processor Information for processor 2
  Max Mhz: 1300, Current Mhz: 1300, Mhz Limit: 1300
Processor Information for processor 3
  Max Mhz: 1300, Current Mhz: 1300, Mhz Limit: 1300
Processor Information for processor 4
  Max Mhz: 900, Current Mhz: 900, Mhz Limit: 900
Processor Information for processor 5
  Max Mhz: 900, Current Mhz: 900, Mhz Limit: 900
Processor Information for processor 6
  Max Mhz: 900, Current Mhz: 900, Mhz Limit: 900
Processor Information for processor 7
  Max Mhz: 900, Current Mhz: 900, Mhz Limit: 900
Processor Information for processor 8
  Max Mhz: 900, Current Mhz: 900, Mhz Limit: 900
Processor Information for processor 9
  Max Mhz: 900, Current Mhz: 900, Mhz Limit: 900
Processor Information for processor 10
  Max Mhz: 900, Current Mhz: 900, Mhz Limit: 900
Processor Information for processor 11
  Max Mhz: 900, Current Mhz: 900, Mhz Limit: 900

Memory: 4k page, system-wide physical 7916M (1147M free)
TotalPageFile size 21745M (AvailPageFile size 1507M)
current process WorkingSet (physical memory assigned to process): 155M, peak: 158M
current process commit charge ("private bytes"): 256M, peak: 261M

vm_info: Java HotSpot(TM) 64-Bit Server VM (25+37-LTS-3491) for windows-amd64 JRE (25+37-LTS-3491), built on 2025-08-14T21:13:00Z with unknown MS VC++:1943

END.
