#
# A fatal error has been detected by the Java Runtime Environment:
#
#  EXCEPTION_ACCESS_VIOLATION (0xc0000005) at pc=0x000001189de65d3c, pid=83376, tid=84224
#
# JRE version: Java(TM) SE Runtime Environment (25.0+37) (build 25+37-LTS-3491)
# Java VM: Java HotSpot(TM) 64-Bit Server VM (25+37-LTS-3491, mixed mode, sharing, tiered, compressed oops, compressed class ptrs, g1 gc, windows-amd64)
# Problematic frame:
# C  0x0000000000000000
#
# No core dump will be written. Minidumps are not enabled by default on client versions of Windows
#
# If you would like to submit a bug report, please visit:
#   https://bugreport.java.com/bugreport/crash.jsp
# The crash happened outside the Java Virtual Machine in native code.
# See problematic frame for where to report the bug.
#

---------------  S U M M A R Y ------------

Command Line: netbeans_sample\dist\FDxSDKPro.jar

Host: 12th Gen Intel(R) Core(TM) i5-1235U, 12 cores, 7G,  Windows 11 , 64 bit Build 26100 (10.0.26100.7309)
Time: Fri Jan  9 10:32:41 2026 Hora estándar de Cuba elapsed time: 142.610370 seconds (0d 0h 2m 22s)

---------------  T H R E A D  ---------------

Current thread (0x000001189c685640):  JavaThread "SwingWorker-pool-2-thread-1" daemon [_thread_in_native, id=84224, stack(0x00000014b7400000,0x00000014b7500000) (1024K)]

Stack: [0x00000014b7400000,0x00000014b7500000],  sp=0x00000014b74fe7a8,  free space=1017k
Native frames: (J=compiled Java code, j=interpreted, Vv=VM code, C=native code)
C  0x000001189de65d3c  (no source info available)

Java frames: (J=compiled Java code, j=interpreted, Vv=VM code)
j  SecuGen.FDxSDKPro.jni.JSGFPLib.GetImageEx([BJJJ)J+0
j  SecuGen.FDxSDKPro.samples.JSGD.performCaptureAndVerification()V+76
j  SecuGen.FDxSDKPro.samples.JSGD.access$1200(LSecuGen/FDxSDKPro/samples/JSGD;)V+1
j  SecuGen.FDxSDKPro.samples.JSGD$13.doInBackground()Ljava/lang/Void;+14
j  SecuGen.FDxSDKPro.samples.JSGD$13.doInBackground()Ljava/lang/Object;+1
j  javax.swing.SwingWorker$1.call()Ljava/lang/Object;+14 java.desktop@25
j  java.util.concurrent.FutureTask.run()V+39 java.base@25
j  javax.swing.SwingWorker.run()V+4 java.desktop@25
j  java.util.concurrent.ThreadPoolExecutor.runWorker(Ljava/util/concurrent/ThreadPoolExecutor$Worker;)V+92 java.base@25
j  java.util.concurrent.ThreadPoolExecutor$Worker.run()V+5 java.base@25
j  java.lang.Thread.runWith(Ljava/lang/Object;Ljava/lang/Runnable;)V+5 java.base@25
j  java.lang.Thread.run()V+19 java.base@25
v  ~StubRoutines::call_stub 0x000001188fcf12ed

siginfo: EXCEPTION_ACCESS_VIOLATION (0xc0000005), reading address 0x0000000000000000


Registers:
RAX=0x00000014b74fe800, RBX=0x000001189de088f0, RCX=0x0000000000000000, RDX=0x00000014b74fe838
RSP=0x00000014b74fe7a0, RBP=0x0000000000000000, RSI=0x00000014b74fe838, RDI=0x0000000000000000
R8 =0x0000000000000064, R9 =0x0000000000000000, R10=0x0000000000000000, R11=0x00000014b74fe888
R12=0x0000000000000001, R13=0x0000000000000064, R14=0x00000000000003e8, R15=0x0000000000000032
RIP=0x000001189de65d3c, EFLAGS=0x0000000000010297

XMM[0]=0x0000000000000000 0x0000000000000000
XMM[1]=0x0000000000000000 0x0000000000000000
XMM[2]=0x0000000000000000 0x0000000000000000
XMM[3]=0x0000000000000000 0x0000000000000000
XMM[4]=0x0000000000000000 0x0000000000000000
XMM[5]=0x0000000000000000 0x0000000000000000
XMM[6]=0x2abcb1e96e12d56d 0x1ccb11a1849404c1
XMM[7]=0xdb8b2b2e9509653f 0xdafe94a93b68cd3d
XMM[8]=0x0662a674bbb51452 0xded560a58c8fa6c1
XMM[9]=0x2cf311c92cf311c9 0x2cf311c94380697e
XMM[10]=0x0000000000000000 0x00000000168d57b5
XMM[11]=0x2db20d182db20d18 0x2db20d1871327696
XMM[12]=0x0000000000000000 0x000000004380697e
XMM[13]=0x0000000000000000 0x0000000000000000
XMM[14]=0x0000000000000000 0x0000000000000000
XMM[15]=0x0000000000000000 0x0000000000000000
  MXCSR=0x00001fa0


Register to memory mapping:

RAX=0x00000014b74fe800 is pointing into the stack for thread: 0x000001189c685640
RBX=0x000001189de088f0 is an unknown value
RCX=0x0 is null
RDX=0x00000014b74fe838 is pointing into the stack for thread: 0x000001189c685640
RSP=0x00000014b74fe7a0 is pointing into the stack for thread: 0x000001189c685640
RBP=0x0 is null
RSI=0x00000014b74fe838 is pointing into the stack for thread: 0x000001189c685640
RDI=0x0 is null
R8 =0x0000000000000064 is an unknown value
R9 =0x0 is null
R10=0x0 is null
R11=0x00000014b74fe888 is pointing into the stack for thread: 0x000001189c685640
R12=0x0000000000000001 is an unknown value
R13=0x0000000000000064 is an unknown value
R14=0x00000000000003e8 is an unknown value
R15=0x0000000000000032 is an unknown value

Top of Stack: (sp=0x00000014b74fe7a0)
0x00000014b74fe7a0:   0000000000000000 00000014b74fe7e8   ..........O.....
0x00000014b74fe7b0:   0000000000000000 0000000000000000   ................
0x00000014b74fe7c0:   0000000000000000 000001189de721ae   .........!......
0x00000014b74fe7d0:   0000000000000000 000001189de00d70   ........p.......
0x00000014b74fe7e0:   00000000000001e9 0000000000000000   ................
0x00000014b74fe7f0:   0000000000000000 0000000000000000   ................
0x00000014b74fe800:   00000000ffffffff 0000000100000000   ................
0x00000014b74fe810:   0000011898a07900 0000000000000000   .y..............
0x00000014b74fe820:   0000000000000001 000001189de72ab0   .........*......
0x00000014b74fe830:   0000000000000064 0000000000000000   d...............
0x00000014b74fe840:   000001189e0e0080 000001189de00d70   ........p.......
0x00000014b74fe850:   00000014b74fe870 00000014b74fe874   p.O.....t.O.....
0x00000014b74fe860:   00000014b74fe878 000001189de00d70   x.O.....p.......
0x00000014b74fe870:   ffffffffb74fe800 0000011800000000   ..O.............
0x00000014b74fe880:   000001189de089e0 000001189de651c8   .........Q......
0x00000014b74fe890:   000001189de088f0 0000000000000100   ................
0x00000014b74fe8a0:   0000000000000039 0000000000000000   9...............
0x00000014b74fe8b0:   0000000000005c48 00007fffb6d53200   H\.......2......
0x00000014b74fe8c0:   0000000000222001 0000011800000001   . ".............
0x00000014b74fe8d0:   0000012c00000104 0000000000000000   ....,...........
0x00000014b74fe8e0:   0000000000000000 0000001498b7090a   ................
0x00000014b74fe8f0:   00000000000003bd 0000012c00000104   ............,...
0x00000014b74fe900:   000000640000000a 0000000000000000   ....d...........
0x00000014b74fe910:   0000000100000000 fffffffffffffffe   ................
0x00000014b74fe920:   000001189c685640 00000014b74fec28   @Vh.....(.O.....
0x00000014b74fe930:   0000011898a079e0 000001189e0e0080   .y..............
0x00000014b74fe940:   0000000000000000 00000000000003e8   ................
0x00000014b74fe950:   000001189e0e0080 000001189de653b0   .........S......
0x00000014b74fe960:   0000011898cbc428 000001189e0e0080   (...............
0x00000014b74fe970:   000001189de088f0 0000000000000000   ................
0x00000014b74fe980:   00000014b74fea60 0000000000000032   `.O.....2.......
0x00000014b74fe990:   0000011800000001 00000014b74fe9c0   ..........O.....

Instructions: (pc=0x0000000000000000)


Stack slot to memory mapping:

stack at sp + 0 slots: 0x00000014b74fe7e8 is pointing into the stack for thread: 0x000001189c685640
stack at sp + 1 slots: 0x0 is null
stack at sp + 2 slots: 0x0 is null
stack at sp + 3 slots: 0x0 is null
stack at sp + 4 slots: 0x000001189de721ae is an unknown value
stack at sp + 5 slots: 0x0 is null
stack at sp + 6 slots: 0x000001189de00d70 is an unknown value
stack at sp + 7 slots: 0x00000000000001e9 is an unknown value

Lock stack of current Java thread (top to bottom):


---------------  P R O C E S S  ---------------

Threads class SMR info:
_java_thread_list=0x0000011897914bf0, length=17, elements={
0x00000118fec784b0, 0x00000118fec79940, 0x00000118fec7c920, 0x00000118fec7d4e0,
0x00000118fec7e0a0, 0x00000118fec7f930, 0x00000118fec843b0, 0x00000118fec8a6b0,
0x00000118fed0cf20, 0x00000118fed0d6e0, 0x0000011897bb2ff0, 0x000001189c28b2c0,
0x000001189c40e810, 0x000001189c410fe0, 0x00000118f6f32d60, 0x0000011897932270,
0x000001189c685640
}

Java Threads: ( => current thread )
  0x00000118fec784b0 JavaThread "Reference Handler"          daemon [_thread_blocked, id=82688, stack(0x00000014b6200000,0x00000014b6300000) (1024K)]
  0x00000118fec79940 JavaThread "Finalizer"                  daemon [_thread_blocked, id=29456, stack(0x00000014b6300000,0x00000014b6400000) (1024K)]
  0x00000118fec7c920 JavaThread "Signal Dispatcher"          daemon [_thread_blocked, id=80440, stack(0x00000014b6400000,0x00000014b6500000) (1024K)]
  0x00000118fec7d4e0 JavaThread "Attach Listener"            daemon [_thread_blocked, id=84356, stack(0x00000014b6500000,0x00000014b6600000) (1024K)]
  0x00000118fec7e0a0 JavaThread "Service Thread"             daemon [_thread_blocked, id=62588, stack(0x00000014b6600000,0x00000014b6700000) (1024K)]
  0x00000118fec7f930 JavaThread "Monitor Deflation Thread"   daemon [_thread_blocked, id=84048, stack(0x00000014b6700000,0x00000014b6800000) (1024K)]
  0x00000118fec843b0 JavaThread "C2 CompilerThread0"         daemon [_thread_blocked, id=50200, stack(0x00000014b6800000,0x00000014b6900000) (1024K)]
  0x00000118fec8a6b0 JavaThread "C1 CompilerThread0"         daemon [_thread_blocked, id=83912, stack(0x00000014b6900000,0x00000014b6a00000) (1024K)]
  0x00000118fed0cf20 JavaThread "Notification Thread"        daemon [_thread_blocked, id=83092, stack(0x00000014b6a00000,0x00000014b6b00000) (1024K)]
  0x00000118fed0d6e0 JavaThread "Common-Cleaner"             daemon [_thread_blocked, id=84868, stack(0x00000014b6b00000,0x00000014b6c00000) (1024K)]
  0x0000011897bb2ff0 JavaThread "Java2D Disposer"            daemon [_thread_blocked, id=59100, stack(0x00000014b6c00000,0x00000014b6d00000) (1024K)]
  0x000001189c28b2c0 JavaThread "AWT-Windows"                daemon [_thread_in_native, id=79732, stack(0x00000014b6e00000,0x00000014b6f00000) (1024K)]
  0x000001189c40e810 JavaThread "AWT-Shutdown"                      [_thread_blocked, id=82904, stack(0x00000014b6d00000,0x00000014b6e00000) (1024K)]
  0x000001189c410fe0 JavaThread "AWT-EventQueue-0"                  [_thread_blocked, id=75036, stack(0x00000014b6f00000,0x00000014b7000000) (1024K)]
  0x00000118f6f32d60 JavaThread "DestroyJavaVM"                     [_thread_blocked, id=35968, stack(0x00000014b5a00000,0x00000014b5b00000) (1024K)]
  0x0000011897932270 JavaThread "TimerQueue"                 daemon [_thread_blocked, id=55288, stack(0x00000014b7300000,0x00000014b7400000) (1024K)]
=>0x000001189c685640 JavaThread "SwingWorker-pool-2-thread-1" daemon [_thread_in_native, id=84224, stack(0x00000014b7400000,0x00000014b7500000) (1024K)]
Total: 17

Other Threads:
  0x00000118fec684f0 VMThread "VM Thread"                           [id=63248, stack(0x00000014b6100000,0x00000014b6200000) (1024K)]
  0x00000118fec57fd0 WatcherThread "VM Periodic Task Thread"        [id=75876, stack(0x00000014b6000000,0x00000014b6100000) (1024K)]
  0x00000118f95158b0 WorkerThread "GC Thread#0"                     [id=82500, stack(0x00000014b5b00000,0x00000014b5c00000) (1024K)]
  0x000001189c274250 WorkerThread "GC Thread#1"                     [id=84576, stack(0x00000014b7600000,0x00000014b7700000) (1024K)]
  0x000001189c274af0 WorkerThread "GC Thread#2"                     [id=27428, stack(0x00000014b7700000,0x00000014b7800000) (1024K)]
  0x000001189c272870 WorkerThread "GC Thread#3"                     [id=72528, stack(0x00000014b7800000,0x00000014b7900000) (1024K)]
  0x000001189c2712e0 WorkerThread "GC Thread#4"                     [id=79392, stack(0x00000014b7900000,0x00000014b7a00000) (1024K)]
  0x000001189c273560 WorkerThread "GC Thread#5"                     [id=84608, stack(0x00000014b7a00000,0x00000014b7b00000) (1024K)]
  0x000001189c271730 WorkerThread "GC Thread#6"                     [id=68188, stack(0x00000014b7b00000,0x00000014b7c00000) (1024K)]
  0x000001189c272420 WorkerThread "GC Thread#7"                     [id=57732, stack(0x00000014b7c00000,0x00000014b7d00000) (1024K)]
  0x000001189eb58dd0 WorkerThread "GC Thread#8"                     [id=79368, stack(0x00000014b7d00000,0x00000014b7e00000) (1024K)]
  0x000001189eb58530 WorkerThread "GC Thread#9"                     [id=78748, stack(0x00000014b7e00000,0x00000014b7f00000) (1024K)]
  0x00000118f952dd60 ConcurrentGCThread "G1 Main Marker"            [id=63956, stack(0x00000014b5c00000,0x00000014b5d00000) (1024K)]
  0x00000118f9531660 WorkerThread "G1 Conc#0"                       [id=69104, stack(0x00000014b5d00000,0x00000014b5e00000) (1024K)]
  0x00000118f957e950 ConcurrentGCThread "G1 Refine#0"               [id=67144, stack(0x00000014b5e00000,0x00000014b5f00000) (1024K)]
  0x00000118feb1f520 ConcurrentGCThread "G1 Service"                [id=77852, stack(0x00000014b5f00000,0x00000014b6000000) (1024K)]
Total: 16

Threads with active compile tasks:
Total: 0

VM state: not at safepoint (normal execution)

VM Mutex/Monitor currently owned by a thread: None

Heap address: 0x0000000084400000, size: 1980 MB, Compressed Oops mode: 32-bit

CDS archive(s) mapped at: [0x0000000029000000-0x0000000029dd0000-0x0000000029dd0000), size 14483456, SharedBaseAddress: 0x0000000029000000, ArchiveRelocationMode: 1.
Compressed class space mapped at: 0x000000002a000000-0x000000006a000000, reserved size: 1073741824
UseCompressedClassPointers 1, UseCompactObjectHeaders 0
Narrow klass pointer bits 32, Max shift 3
Narrow klass base: 0x0000000029000000, Narrow klass shift: 0
Encoding Range: [0x0000000029000000 - 0x0000000129000000), (4294967296 bytes)
Klass Range:    [0x0000000029010000 - 0x000000006a000000), (1090453504 bytes)
Klass ID Range:  [65536 - 1090519033) (1090453497)
Protection zone: [0x0000000029000000 - 0x0000000029010000), (65536 bytes)

GC Precious Log:
 CardTable entry size: 512
 Card Set container configuration: InlinePtr #cards 5 size 8 Array Of Cards #cards 10 size 36 Howl #buckets 4 coarsen threshold 1843 Howl Bitmap #cards 512 size 80 coarsen threshold 460 Card regions per heap region 1 cards per card region 2048
 CPUs: 12 total, 12 available
 Memory: 7916M
 Large Page Support: Disabled
 NUMA Support: Disabled
 Compressed Oops: Enabled (32-bit)
 Heap Region Size: 1M
 Heap Min Capacity: 8M
 Heap Initial Capacity: 124M
 Heap Max Capacity: 1980M
 Pre-touch: Disabled
 Parallel Workers: 10
 Concurrent Workers: 3
 Concurrent Refinement Workers: 10
 Periodic GC: Disabled

Heap:
 garbage-first heap   total reserved 2027520K, committed 129024K, used 23312K [0x0000000084400000, 0x0000000100000000)
  region size 1024K, 16 young (16384K), 6 survivors (6144K)

Heap Regions: E=young(eden), S=young(survivor), O=old, HS=humongous(starts), HC=humongous(continues), CS=collection set, F=free, TAMS=top-at-mark-start, PB=parsable bottom
|   0|0x0000000084400000, 0x0000000084500000, 0x0000000084500000|100%|HS|  |TAMS 0x0000000084400000| PB 0x0000000084400000| Complete |  0
|   1|0x0000000084500000, 0x0000000084600000, 0x0000000084600000|100%|HC|  |TAMS 0x0000000084500000| PB 0x0000000084500000| Complete |  0
|   2|0x0000000084600000, 0x0000000084700000, 0x0000000084700000|100%| O|  |TAMS 0x0000000084600000| PB 0x0000000084600000| Untracked |  0
|   3|0x0000000084700000, 0x0000000084800000, 0x0000000084800000|100%| O|  |TAMS 0x0000000084700000| PB 0x0000000084700000| Untracked |  0
|   4|0x0000000084800000, 0x0000000084900000, 0x0000000084900000|100%| O|  |TAMS 0x0000000084800000| PB 0x0000000084800000| Untracked |  0
|   5|0x0000000084900000, 0x0000000084a00000, 0x0000000084a00000|100%| O|  |TAMS 0x0000000084900000| PB 0x0000000084900000| Untracked |  0
|   6|0x0000000084a00000, 0x0000000084b00000, 0x0000000084b00000|100%| O|  |TAMS 0x0000000084a00000| PB 0x0000000084a00000| Untracked |  0
|   7|0x0000000084b00000, 0x0000000084b9edb0, 0x0000000084c00000| 62%| O|  |TAMS 0x0000000084b00000| PB 0x0000000084b00000| Untracked |  0
|   8|0x0000000084c00000, 0x0000000084c00000, 0x0000000084d00000|  0%| F|  |TAMS 0x0000000084c00000| PB 0x0000000084c00000| Untracked |  0
|   9|0x0000000084d00000, 0x0000000084d00000, 0x0000000084e00000|  0%| F|  |TAMS 0x0000000084d00000| PB 0x0000000084d00000| Untracked |  0
|  10|0x0000000084e00000, 0x0000000084e00000, 0x0000000084f00000|  0%| F|  |TAMS 0x0000000084e00000| PB 0x0000000084e00000| Untracked |  0
|  11|0x0000000084f00000, 0x0000000084f00000, 0x0000000085000000|  0%| F|  |TAMS 0x0000000084f00000| PB 0x0000000084f00000| Untracked |  0
|  12|0x0000000085000000, 0x0000000085000000, 0x0000000085100000|  0%| F|  |TAMS 0x0000000085000000| PB 0x0000000085000000| Untracked |  0
|  13|0x0000000085100000, 0x0000000085100000, 0x0000000085200000|  0%| F|  |TAMS 0x0000000085100000| PB 0x0000000085100000| Untracked |  0
|  14|0x0000000085200000, 0x0000000085200000, 0x0000000085300000|  0%| F|  |TAMS 0x0000000085200000| PB 0x0000000085200000| Untracked |  0
|  15|0x0000000085300000, 0x0000000085300000, 0x0000000085400000|  0%| F|  |TAMS 0x0000000085300000| PB 0x0000000085300000| Untracked |  0
|  16|0x0000000085400000, 0x0000000085400000, 0x0000000085500000|  0%| F|  |TAMS 0x0000000085400000| PB 0x0000000085400000| Untracked |  0
|  17|0x0000000085500000, 0x0000000085500000, 0x0000000085600000|  0%| F|  |TAMS 0x0000000085500000| PB 0x0000000085500000| Untracked |  0
|  18|0x0000000085600000, 0x0000000085600000, 0x0000000085700000|  0%| F|  |TAMS 0x0000000085600000| PB 0x0000000085600000| Untracked |  0
|  19|0x0000000085700000, 0x0000000085700000, 0x0000000085800000|  0%| F|  |TAMS 0x0000000085700000| PB 0x0000000085700000| Untracked |  0
|  20|0x0000000085800000, 0x0000000085800000, 0x0000000085900000|  0%| F|  |TAMS 0x0000000085800000| PB 0x0000000085800000| Untracked |  0
|  21|0x0000000085900000, 0x0000000085900000, 0x0000000085a00000|  0%| F|  |TAMS 0x0000000085900000| PB 0x0000000085900000| Untracked |  0
|  22|0x0000000085a00000, 0x0000000085a00000, 0x0000000085b00000|  0%| F|  |TAMS 0x0000000085a00000| PB 0x0000000085a00000| Untracked |  0
|  23|0x0000000085b00000, 0x0000000085b00000, 0x0000000085c00000|  0%| F|  |TAMS 0x0000000085b00000| PB 0x0000000085b00000| Untracked |  0
|  24|0x0000000085c00000, 0x0000000085c00000, 0x0000000085d00000|  0%| F|  |TAMS 0x0000000085c00000| PB 0x0000000085c00000| Untracked |  0
|  25|0x0000000085d00000, 0x0000000085d00000, 0x0000000085e00000|  0%| F|  |TAMS 0x0000000085d00000| PB 0x0000000085d00000| Untracked |  0
|  26|0x0000000085e00000, 0x0000000085e00000, 0x0000000085f00000|  0%| F|  |TAMS 0x0000000085e00000| PB 0x0000000085e00000| Untracked |  0
|  27|0x0000000085f00000, 0x0000000085f00000, 0x0000000086000000|  0%| F|  |TAMS 0x0000000085f00000| PB 0x0000000085f00000| Untracked |  0
|  28|0x0000000086000000, 0x0000000086000000, 0x0000000086100000|  0%| F|  |TAMS 0x0000000086000000| PB 0x0000000086000000| Untracked |  0
|  29|0x0000000086100000, 0x0000000086100000, 0x0000000086200000|  0%| F|  |TAMS 0x0000000086100000| PB 0x0000000086100000| Untracked |  0
|  30|0x0000000086200000, 0x0000000086200000, 0x0000000086300000|  0%| F|  |TAMS 0x0000000086200000| PB 0x0000000086200000| Untracked |  0
|  31|0x0000000086300000, 0x0000000086300000, 0x0000000086400000|  0%| F|  |TAMS 0x0000000086300000| PB 0x0000000086300000| Untracked |  0
|  32|0x0000000086400000, 0x0000000086400000, 0x0000000086500000|  0%| F|  |TAMS 0x0000000086400000| PB 0x0000000086400000| Untracked |  0
|  33|0x0000000086500000, 0x0000000086500000, 0x0000000086600000|  0%| F|  |TAMS 0x0000000086500000| PB 0x0000000086500000| Untracked |  0
|  34|0x0000000086600000, 0x0000000086600000, 0x0000000086700000|  0%| F|  |TAMS 0x0000000086600000| PB 0x0000000086600000| Untracked |  0
|  35|0x0000000086700000, 0x0000000086700000, 0x0000000086800000|  0%| F|  |TAMS 0x0000000086700000| PB 0x0000000086700000| Untracked |  0
|  36|0x0000000086800000, 0x0000000086800000, 0x0000000086900000|  0%| F|  |TAMS 0x0000000086800000| PB 0x0000000086800000| Untracked |  0
|  37|0x0000000086900000, 0x0000000086900000, 0x0000000086a00000|  0%| F|  |TAMS 0x0000000086900000| PB 0x0000000086900000| Untracked |  0
|  38|0x0000000086a00000, 0x0000000086a00000, 0x0000000086b00000|  0%| F|  |TAMS 0x0000000086a00000| PB 0x0000000086a00000| Untracked |  0
|  39|0x0000000086b00000, 0x0000000086b00000, 0x0000000086c00000|  0%| F|  |TAMS 0x0000000086b00000| PB 0x0000000086b00000| Untracked |  0
|  40|0x0000000086c00000, 0x0000000086c00000, 0x0000000086d00000|  0%| F|  |TAMS 0x0000000086c00000| PB 0x0000000086c00000| Untracked |  0
|  41|0x0000000086d00000, 0x0000000086d00000, 0x0000000086e00000|  0%| F|  |TAMS 0x0000000086d00000| PB 0x0000000086d00000| Untracked |  0
|  42|0x0000000086e00000, 0x0000000086e00000, 0x0000000086f00000|  0%| F|  |TAMS 0x0000000086e00000| PB 0x0000000086e00000| Untracked |  0
|  43|0x0000000086f00000, 0x0000000086f00000, 0x0000000087000000|  0%| F|  |TAMS 0x0000000086f00000| PB 0x0000000086f00000| Untracked |  0
|  44|0x0000000087000000, 0x0000000087000000, 0x0000000087100000|  0%| F|  |TAMS 0x0000000087000000| PB 0x0000000087000000| Untracked |  0
|  45|0x0000000087100000, 0x0000000087100000, 0x0000000087200000|  0%| F|  |TAMS 0x0000000087100000| PB 0x0000000087100000| Untracked |  0
|  46|0x0000000087200000, 0x0000000087200000, 0x0000000087300000|  0%| F|  |TAMS 0x0000000087200000| PB 0x0000000087200000| Untracked |  0
|  47|0x0000000087300000, 0x0000000087300000, 0x0000000087400000|  0%| F|  |TAMS 0x0000000087300000| PB 0x0000000087300000| Untracked |  0
|  48|0x0000000087400000, 0x0000000087400000, 0x0000000087500000|  0%| F|  |TAMS 0x0000000087400000| PB 0x0000000087400000| Untracked |  0
|  49|0x0000000087500000, 0x0000000087500000, 0x0000000087600000|  0%| F|  |TAMS 0x0000000087500000| PB 0x0000000087500000| Untracked |  0
|  50|0x0000000087600000, 0x0000000087600000, 0x0000000087700000|  0%| F|  |TAMS 0x0000000087600000| PB 0x0000000087600000| Untracked |  0
|  51|0x0000000087700000, 0x0000000087700000, 0x0000000087800000|  0%| F|  |TAMS 0x0000000087700000| PB 0x0000000087700000| Untracked |  0
|  52|0x0000000087800000, 0x0000000087800000, 0x0000000087900000|  0%| F|  |TAMS 0x0000000087800000| PB 0x0000000087800000| Untracked |  0
|  53|0x0000000087900000, 0x0000000087900000, 0x0000000087a00000|  0%| F|  |TAMS 0x0000000087900000| PB 0x0000000087900000| Untracked |  0
|  54|0x0000000087a00000, 0x0000000087a00000, 0x0000000087b00000|  0%| F|  |TAMS 0x0000000087a00000| PB 0x0000000087a00000| Untracked |  0
|  55|0x0000000087b00000, 0x0000000087b00000, 0x0000000087c00000|  0%| F|  |TAMS 0x0000000087b00000| PB 0x0000000087b00000| Untracked |  0
|  56|0x0000000087c00000, 0x0000000087c00000, 0x0000000087d00000|  0%| F|  |TAMS 0x0000000087c00000| PB 0x0000000087c00000| Untracked |  0
|  57|0x0000000087d00000, 0x0000000087d00000, 0x0000000087e00000|  0%| F|  |TAMS 0x0000000087d00000| PB 0x0000000087d00000| Untracked |  0
|  58|0x0000000087e00000, 0x0000000087e00000, 0x0000000087f00000|  0%| F|  |TAMS 0x0000000087e00000| PB 0x0000000087e00000| Untracked |  0
|  59|0x0000000087f00000, 0x0000000087f00000, 0x0000000088000000|  0%| F|  |TAMS 0x0000000087f00000| PB 0x0000000087f00000| Untracked |  0
|  60|0x0000000088000000, 0x0000000088000000, 0x0000000088100000|  0%| F|  |TAMS 0x0000000088000000| PB 0x0000000088000000| Untracked |  0
|  61|0x0000000088100000, 0x0000000088100000, 0x0000000088200000|  0%| F|  |TAMS 0x0000000088100000| PB 0x0000000088100000| Untracked |  0
|  62|0x0000000088200000, 0x0000000088200000, 0x0000000088300000|  0%| F|  |TAMS 0x0000000088200000| PB 0x0000000088200000| Untracked |  0
|  63|0x0000000088300000, 0x0000000088300000, 0x0000000088400000|  0%| F|  |TAMS 0x0000000088300000| PB 0x0000000088300000| Untracked |  0
|  64|0x0000000088400000, 0x0000000088400000, 0x0000000088500000|  0%| F|  |TAMS 0x0000000088400000| PB 0x0000000088400000| Untracked |  0
|  65|0x0000000088500000, 0x0000000088500000, 0x0000000088600000|  0%| F|  |TAMS 0x0000000088500000| PB 0x0000000088500000| Untracked |  0
|  66|0x0000000088600000, 0x0000000088600000, 0x0000000088700000|  0%| F|  |TAMS 0x0000000088600000| PB 0x0000000088600000| Untracked |  0
|  67|0x0000000088700000, 0x0000000088700000, 0x0000000088800000|  0%| F|  |TAMS 0x0000000088700000| PB 0x0000000088700000| Untracked |  0
|  68|0x0000000088800000, 0x0000000088800000, 0x0000000088900000|  0%| F|  |TAMS 0x0000000088800000| PB 0x0000000088800000| Untracked |  0
|  69|0x0000000088900000, 0x0000000088900000, 0x0000000088a00000|  0%| F|  |TAMS 0x0000000088900000| PB 0x0000000088900000| Untracked |  0
|  70|0x0000000088a00000, 0x0000000088a00000, 0x0000000088b00000|  0%| F|  |TAMS 0x0000000088a00000| PB 0x0000000088a00000| Untracked |  0
|  71|0x0000000088b00000, 0x0000000088c00000, 0x0000000088c00000|100%| S|CS|TAMS 0x0000000088b00000| PB 0x0000000088b00000| Complete |  0
|  72|0x0000000088c00000, 0x0000000088d00000, 0x0000000088d00000|100%| S|CS|TAMS 0x0000000088c00000| PB 0x0000000088c00000| Complete |  0
|  73|0x0000000088d00000, 0x0000000088e00000, 0x0000000088e00000|100%| S|CS|TAMS 0x0000000088d00000| PB 0x0000000088d00000| Complete |  0
|  74|0x0000000088e00000, 0x0000000088f00000, 0x0000000088f00000|100%| S|CS|TAMS 0x0000000088e00000| PB 0x0000000088e00000| Complete |  0
|  75|0x0000000088f00000, 0x0000000089000000, 0x0000000089000000|100%| S|CS|TAMS 0x0000000088f00000| PB 0x0000000088f00000| Complete |  0
|  76|0x0000000089000000, 0x0000000089100000, 0x0000000089100000|100%| S|CS|TAMS 0x0000000089000000| PB 0x0000000089000000| Complete |  0
|  77|0x0000000089100000, 0x0000000089100000, 0x0000000089200000|  0%| F|  |TAMS 0x0000000089100000| PB 0x0000000089100000| Untracked |  0
|  78|0x0000000089200000, 0x0000000089200000, 0x0000000089300000|  0%| F|  |TAMS 0x0000000089200000| PB 0x0000000089200000| Untracked |  0
|  79|0x0000000089300000, 0x0000000089300000, 0x0000000089400000|  0%| F|  |TAMS 0x0000000089300000| PB 0x0000000089300000| Untracked |  0
|  80|0x0000000089400000, 0x0000000089400000, 0x0000000089500000|  0%| F|  |TAMS 0x0000000089400000| PB 0x0000000089400000| Untracked |  0
|  81|0x0000000089500000, 0x0000000089500000, 0x0000000089600000|  0%| F|  |TAMS 0x0000000089500000| PB 0x0000000089500000| Untracked |  0
|  82|0x0000000089600000, 0x0000000089600000, 0x0000000089700000|  0%| F|  |TAMS 0x0000000089600000| PB 0x0000000089600000| Untracked |  0
|  83|0x0000000089700000, 0x0000000089700000, 0x0000000089800000|  0%| F|  |TAMS 0x0000000089700000| PB 0x0000000089700000| Untracked |  0
|  84|0x0000000089800000, 0x0000000089800000, 0x0000000089900000|  0%| F|  |TAMS 0x0000000089800000| PB 0x0000000089800000| Untracked |  0
|  85|0x0000000089900000, 0x0000000089900000, 0x0000000089a00000|  0%| F|  |TAMS 0x0000000089900000| PB 0x0000000089900000| Untracked |  0
|  86|0x0000000089a00000, 0x0000000089a00000, 0x0000000089b00000|  0%| F|  |TAMS 0x0000000089a00000| PB 0x0000000089a00000| Untracked |  0
|  87|0x0000000089b00000, 0x0000000089b00000, 0x0000000089c00000|  0%| F|  |TAMS 0x0000000089b00000| PB 0x0000000089b00000| Untracked |  0
|  88|0x0000000089c00000, 0x0000000089c00000, 0x0000000089d00000|  0%| F|  |TAMS 0x0000000089c00000| PB 0x0000000089c00000| Untracked |  0
|  89|0x0000000089d00000, 0x0000000089d00000, 0x0000000089e00000|  0%| F|  |TAMS 0x0000000089d00000| PB 0x0000000089d00000| Untracked |  0
|  90|0x0000000089e00000, 0x0000000089e00000, 0x0000000089f00000|  0%| F|  |TAMS 0x0000000089e00000| PB 0x0000000089e00000| Untracked |  0
|  91|0x0000000089f00000, 0x0000000089f00000, 0x000000008a000000|  0%| F|  |TAMS 0x0000000089f00000| PB 0x0000000089f00000| Untracked |  0
|  92|0x000000008a000000, 0x000000008a000000, 0x000000008a100000|  0%| F|  |TAMS 0x000000008a000000| PB 0x000000008a000000| Untracked |  0
|  93|0x000000008a100000, 0x000000008a100000, 0x000000008a200000|  0%| F|  |TAMS 0x000000008a100000| PB 0x000000008a100000| Untracked |  0
|  94|0x000000008a200000, 0x000000008a200000, 0x000000008a300000|  0%| F|  |TAMS 0x000000008a200000| PB 0x000000008a200000| Untracked |  0
|  95|0x000000008a300000, 0x000000008a300000, 0x000000008a400000|  0%| F|  |TAMS 0x000000008a300000| PB 0x000000008a300000| Untracked |  0
|  96|0x000000008a400000, 0x000000008a400000, 0x000000008a500000|  0%| F|  |TAMS 0x000000008a400000| PB 0x000000008a400000| Untracked |  0
|  97|0x000000008a500000, 0x000000008a500000, 0x000000008a600000|  0%| F|  |TAMS 0x000000008a500000| PB 0x000000008a500000| Untracked |  0
|  98|0x000000008a600000, 0x000000008a600000, 0x000000008a700000|  0%| F|  |TAMS 0x000000008a600000| PB 0x000000008a600000| Untracked |  0
|  99|0x000000008a700000, 0x000000008a700000, 0x000000008a800000|  0%| F|  |TAMS 0x000000008a700000| PB 0x000000008a700000| Untracked |  0
| 100|0x000000008a800000, 0x000000008a800000, 0x000000008a900000|  0%| F|  |TAMS 0x000000008a800000| PB 0x000000008a800000| Untracked |  0
| 101|0x000000008a900000, 0x000000008a900000, 0x000000008aa00000|  0%| F|  |TAMS 0x000000008a900000| PB 0x000000008a900000| Untracked |  0
| 102|0x000000008aa00000, 0x000000008aa00000, 0x000000008ab00000|  0%| F|  |TAMS 0x000000008aa00000| PB 0x000000008aa00000| Untracked |  0
| 103|0x000000008ab00000, 0x000000008ab00000, 0x000000008ac00000|  0%| F|  |TAMS 0x000000008ab00000| PB 0x000000008ab00000| Untracked |  0
| 104|0x000000008ac00000, 0x000000008ac00000, 0x000000008ad00000|  0%| F|  |TAMS 0x000000008ac00000| PB 0x000000008ac00000| Untracked |  0
| 105|0x000000008ad00000, 0x000000008ad00000, 0x000000008ae00000|  0%| F|  |TAMS 0x000000008ad00000| PB 0x000000008ad00000| Untracked |  0
| 106|0x000000008ae00000, 0x000000008ae00000, 0x000000008af00000|  0%| F|  |TAMS 0x000000008ae00000| PB 0x000000008ae00000| Untracked |  0
| 107|0x000000008af00000, 0x000000008af00000, 0x000000008b000000|  0%| F|  |TAMS 0x000000008af00000| PB 0x000000008af00000| Untracked |  0
| 108|0x000000008b000000, 0x000000008b000000, 0x000000008b100000|  0%| F|  |TAMS 0x000000008b000000| PB 0x000000008b000000| Untracked |  0
| 109|0x000000008b100000, 0x000000008b100000, 0x000000008b200000|  0%| F|  |TAMS 0x000000008b100000| PB 0x000000008b100000| Untracked |  0
| 110|0x000000008b200000, 0x000000008b200000, 0x000000008b300000|  0%| F|  |TAMS 0x000000008b200000| PB 0x000000008b200000| Untracked |  0
| 111|0x000000008b300000, 0x000000008b300000, 0x000000008b400000|  0%| F|  |TAMS 0x000000008b300000| PB 0x000000008b300000| Untracked |  0
| 112|0x000000008b400000, 0x000000008b400000, 0x000000008b500000|  0%| F|  |TAMS 0x000000008b400000| PB 0x000000008b400000| Untracked |  0
| 113|0x000000008b500000, 0x000000008b500000, 0x000000008b600000|  0%| F|  |TAMS 0x000000008b500000| PB 0x000000008b500000| Untracked |  0
| 114|0x000000008b600000, 0x000000008b67c078, 0x000000008b700000| 48%| E|  |TAMS 0x000000008b600000| PB 0x000000008b600000| Complete |  0
| 115|0x000000008b700000, 0x000000008b800000, 0x000000008b800000|100%| E|CS|TAMS 0x000000008b700000| PB 0x000000008b700000| Complete |  0
| 116|0x000000008b800000, 0x000000008b900000, 0x000000008b900000|100%| E|CS|TAMS 0x000000008b800000| PB 0x000000008b800000| Complete |  0
| 117|0x000000008b900000, 0x000000008ba00000, 0x000000008ba00000|100%| E|  |TAMS 0x000000008b900000| PB 0x000000008b900000| Complete |  0
| 118|0x000000008ba00000, 0x000000008bb00000, 0x000000008bb00000|100%| E|CS|TAMS 0x000000008ba00000| PB 0x000000008ba00000| Complete |  0
| 119|0x000000008bb00000, 0x000000008bc00000, 0x000000008bc00000|100%| E|CS|TAMS 0x000000008bb00000| PB 0x000000008bb00000| Complete |  0
| 120|0x000000008bc00000, 0x000000008bd00000, 0x000000008bd00000|100%| E|CS|TAMS 0x000000008bc00000| PB 0x000000008bc00000| Complete |  0
| 121|0x000000008bd00000, 0x000000008be00000, 0x000000008be00000|100%| E|CS|TAMS 0x000000008bd00000| PB 0x000000008bd00000| Complete |  0
| 122|0x000000008be00000, 0x000000008bf00000, 0x000000008bf00000|100%| E|CS|TAMS 0x000000008be00000| PB 0x000000008be00000| Complete |  0
| 123|0x000000008bf00000, 0x000000008c000000, 0x000000008c000000|100%| E|CS|TAMS 0x000000008bf00000| PB 0x000000008bf00000| Complete |  0
|1978|0x00000000ffe00000, 0x00000000fff00000, 0x00000000fff00000|100%| O|  |TAMS 0x00000000ffe00000| PB 0x00000000ffe00000| Untracked |  0
|1979|0x00000000fff00000, 0x00000000fff25608, 0x0000000100000000| 14%| O|  |TAMS 0x00000000fff00000| PB 0x00000000fff00000| Untracked |  0

Card table byte_map: [0x00000118f9da0000,0x00000118fa180000] _byte_map_base: 0x00000118f997e000

Marking Bits: (CMBitMap*) 0x00000118f9516040
 Bits: [0x00000118fa180000, 0x00000118fc070000)

Polling page: 0x00000118f7240000

Metaspace:
Metaspace        used 18936K, committed 19136K, reserved 1114112K
 class space     used 1689K, committed 1792K, reserved 1048576K

Usage:
  Non-class:     16.84 MB used.
      Class:      1.65 MB used.
       Both:     18.49 MB used.

Virtual space:
  Non-class space:       64.00 MB reserved,      16.94 MB ( 26%) committed,  1 nodes.
      Class space:        1.00 GB reserved,       1.75 MB ( <1%) committed,  1 nodes.
             Both:        1.06 GB reserved,      18.69 MB (  2%) committed. 

Chunk freelists:
   Non-Class:  15.00 MB
       Class:  14.21 MB
        Both:  29.21 MB

MaxMetaspaceSize: unlimited
CompressedClassSpaceSize: 1.00 GB
Initial GC threshold: 21.00 MB
Current GC threshold: 21.00 MB
CDS: on
 - commit_granule_bytes: 65536.
 - commit_granule_words: 8192.
 - virtual_space_node_default_size: 8388608.
 - enlarge_chunks_in_place: 1.
UseCompressedClassPointers 1, UseCompactObjectHeaders 0
Narrow klass pointer bits 32, Max shift 3
Narrow klass base: 0x0000000029000000, Narrow klass shift: 0
Encoding Range: [0x0000000029000000 - 0x0000000129000000), (4294967296 bytes)
Klass Range:    [0x0000000029010000 - 0x000000006a000000), (1090453504 bytes)
Klass ID Range:  [65536 - 1090519033) (1090453497)
Protection zone: [0x0000000029000000 - 0x0000000029010000), (65536 bytes)


Internal statistics:

num_allocs_failed_limit: 0.
num_arena_births: 156.
num_arena_deaths: 0.
num_vsnodes_births: 2.
num_vsnodes_deaths: 0.
num_space_committed: 299.
num_space_uncommitted: 0.
num_chunks_returned_to_freelist: 0.
num_chunks_taken_from_freelist: 310.
num_chunk_merges: 0.
num_chunk_splits: 187.
num_chunks_enlarged: 118.
num_inconsistent_stats: 0.

CodeHeap 'non-profiled nmethods': size=120064Kb used=1237Kb max_used=1237Kb free=118826Kb
 bounds [0x0000011890280000, 0x00000118904f0000, 0x00000118977c0000]
CodeHeap 'profiled nmethods': size=120000Kb used=6504Kb max_used=6504Kb free=113495Kb
 bounds [0x00000118887c0000, 0x0000011888e20000, 0x000001188fcf0000]
CodeHeap 'non-nmethods': size=5696Kb used=1678Kb max_used=1729Kb free=4017Kb
 bounds [0x000001188fcf0000, 0x000001188ff60000, 0x0000011890280000]
CodeCache: size=245760Kb, used=9419Kb, max_used=9470Kb, free=236338Kb
 total_blobs=4924, nmethods=4108, adapters=717, full_count=0
Compilation: enabled, stopped_count=0, restarted_count=0

Compilation events (20 events):
Event: 142.499 Thread 0x00000118fec8a6b0 4088       3       java.awt.GraphicsConfiguration::createCompatibleImage (71 bytes)
Event: 142.499 Thread 0x00000118fec8a6b0 nmethod 4088 0x0000011888dfc608 code [0x0000011888dfc700, 0x0000011888dfcf28]
Event: 142.499 Thread 0x00000118fec8a6b0 4089       3       sun.awt.image.BufferedImageGraphicsConfig::getColorModel (86 bytes)
Event: 142.499 Thread 0x00000118fec8a6b0 nmethod 4089 0x0000011888dfcf88 code [0x0000011888dfd080, 0x0000011888dfd5e0]
Event: 142.499 Thread 0x00000118fec8a6b0 4090       3       java.util.concurrent.locks.ReentrantReadWriteLock$WriteLock::lock (9 bytes)
Event: 142.499 Thread 0x00000118fec8a6b0 nmethod 4090 0x0000011888dfd608 code [0x0000011888dfd700, 0x0000011888dfd8c8]
Event: 142.499 Thread 0x00000118fec8a6b0 4091       3       java.util.concurrent.locks.AbstractQueuedLongSynchronizer::acquire (20 bytes)
Event: 142.499 Thread 0x00000118fec8a6b0 nmethod 4091 0x0000011888dfd908 code [0x0000011888dfda00, 0x0000011888dfdcd8]
Event: 142.499 Thread 0x00000118fec8a6b0 4092       3       java.util.concurrent.locks.ReentrantReadWriteLock$Sync::tryAcquire (106 bytes)
Event: 142.499 Thread 0x00000118fec8a6b0 nmethod 4092 0x0000011888dfdd08 code [0x0000011888dfde00, 0x0000011888dfe708]
Event: 142.499 Thread 0x00000118fec8a6b0 4093       3       javax.swing.plaf.nimbus.ImageCache$PixelCountSoftReference::<init> (42 bytes)
Event: 142.499 Thread 0x00000118fec8a6b0 nmethod 4093 0x0000011888dfe788 code [0x0000011888dfe880, 0x0000011888dfec88]
Event: 142.499 Thread 0x00000118fec8a6b0 4094       3       java.util.concurrent.locks.ReentrantReadWriteLock$WriteLock::unlock (10 bytes)
Event: 142.499 Thread 0x00000118fec8a6b0 nmethod 4094 0x0000011888dfed08 code [0x0000011888dfee00, 0x0000011888dff148]
Event: 142.499 Thread 0x00000118fec8a6b0 4095       3       java.util.concurrent.locks.AbstractQueuedLongSynchronizer::release (19 bytes)
Event: 142.500 Thread 0x00000118fec8a6b0 nmethod 4095 0x0000011888dff188 code [0x0000011888dff280, 0x0000011888dff9f8]
Event: 142.500 Thread 0x00000118fec8a6b0 4096       3       java.util.concurrent.locks.ReentrantReadWriteLock$Sync::tryRelease (54 bytes)
Event: 142.500 Thread 0x00000118fec8a6b0 nmethod 4096 0x0000011888dffa08 code [0x0000011888dffb00, 0x0000011888e001a8]
Event: 142.500 Thread 0x00000118fec8a6b0 4097       3       java.util.concurrent.locks.ReentrantReadWriteLock$Sync::isHeldExclusively (16 bytes)
Event: 142.500 Thread 0x00000118fec8a6b0 nmethod 4097 0x0000011888e00208 code [0x0000011888e00300, 0x0000011888e00508]

GC Heap Usage History (2 events):
Event: 96.244 {heap Before GC invocations=0 (full 0):
 garbage-first heap   total reserved 2027520K, committed 129024K, used 51349K [0x0000000084400000, 0x0000000100000000)
  region size 1024K, 47 young (48128K), 0 survivors (0K)
}
Event: 96.256 {heap After GC invocations=1 (full 0):
 garbage-first heap   total reserved 2027520K, committed 129024K, used 15120K [0x0000000084400000, 0x0000000100000000)
  region size 1024K, 6 young (6144K), 6 survivors (6144K)
}

Metaspace Usage History (2 events):
Event: 96.244 {metaspace Before GC invocations=0 (full 0):
 Metaspace       used 16906K, committed 17152K, reserved 1114112K
  class space    used 1514K, committed 1664K, reserved 1048576K
}
Event: 96.256 {metaspace After GC invocations=1 (full 0):
 Metaspace       used 16906K, committed 17152K, reserved 1114112K
  class space    used 1514K, committed 1664K, reserved 1048576K
}

Dll operation events (12 events):
Event: 0.105 Loaded shared library C:\Program Files\Java\jdk-25\bin\java.dll
Event: 0.482 Loaded shared library C:\Program Files\Java\jdk-25\bin\net.dll
Event: 0.494 Loaded shared library C:\Program Files\Java\jdk-25\bin\nio.dll
Event: 0.547 Loaded shared library C:\Program Files\Java\jdk-25\bin\zip.dll
Event: 0.641 Loaded shared library C:\Program Files\Java\jdk-25\bin\jimage.dll
Event: 0.851 Loaded shared library C:\Program Files\Java\jdk-25\bin\awt.dll
Event: 1.927 Loaded shared library C:\Program Files\Java\jdk-25\bin\freetype.dll
Event: 1.946 Loaded shared library C:\Program Files\Java\jdk-25\bin\fontmanager.dll
Event: 3.681 Loaded shared library C:\Program Files\Java\jdk-25\bin\verify.dll
Event: 16.831 Loaded shared library C:\Windows\System32\jnisgfplib.dll
Event: 93.738 Loaded shared library C:\Program Files\Java\jdk-25\bin\extnet.dll
Event: 96.517 Loaded shared library C:\Users\daeldrn\AppData\Local\Temp\webp-imageio-unknown-0bba4da4-bc53-48be-9714-08ea2f318303-webp-imageio.dll

Deoptimization events (20 events):
Event: 104.245 Thread 0x000001189c410fe0 DEOPT PACKING pc=0x0000011888d413f0 sp=0x00000014b6ffea10
Event: 104.245 Thread 0x000001189c410fe0 DEOPT UNPACKING pc=0x000001188fd41702 sp=0x00000014b6ffde88 mode 0
Event: 104.245 Thread 0x000001189c410fe0 DEOPT PACKING pc=0x0000011888d413f0 sp=0x00000014b6ffea10
Event: 104.245 Thread 0x000001189c410fe0 DEOPT UNPACKING pc=0x000001188fd41702 sp=0x00000014b6ffde88 mode 0
Event: 104.245 Thread 0x000001189c410fe0 DEOPT PACKING pc=0x0000011888d413f0 sp=0x00000014b6ffea10
Event: 104.245 Thread 0x000001189c410fe0 DEOPT UNPACKING pc=0x000001188fd41702 sp=0x00000014b6ffde88 mode 0
Event: 104.246 Thread 0x000001189c410fe0 DEOPT PACKING pc=0x0000011888d413f0 sp=0x00000014b6ffea10
Event: 104.246 Thread 0x000001189c410fe0 DEOPT UNPACKING pc=0x000001188fd41702 sp=0x00000014b6ffde88 mode 0
Event: 104.246 Thread 0x000001189c410fe0 DEOPT PACKING pc=0x0000011888d413f0 sp=0x00000014b6ffea10
Event: 104.246 Thread 0x000001189c410fe0 DEOPT UNPACKING pc=0x000001188fd41702 sp=0x00000014b6ffde88 mode 0
Event: 104.246 Thread 0x000001189c410fe0 DEOPT PACKING pc=0x0000011888d413f0 sp=0x00000014b6ffea10
Event: 104.246 Thread 0x000001189c410fe0 DEOPT UNPACKING pc=0x000001188fd41702 sp=0x00000014b6ffde88 mode 0
Event: 104.246 Thread 0x000001189c410fe0 DEOPT PACKING pc=0x0000011888d413f0 sp=0x00000014b6ffea10
Event: 104.246 Thread 0x000001189c410fe0 DEOPT UNPACKING pc=0x000001188fd41702 sp=0x00000014b6ffde88 mode 0
Event: 104.246 Thread 0x000001189c410fe0 DEOPT PACKING pc=0x0000011888d413f0 sp=0x00000014b6ffea10
Event: 104.246 Thread 0x000001189c410fe0 DEOPT UNPACKING pc=0x000001188fd41702 sp=0x00000014b6ffde88 mode 0
Event: 104.246 Thread 0x000001189c410fe0 DEOPT PACKING pc=0x0000011888d413f0 sp=0x00000014b6ffea10
Event: 104.246 Thread 0x000001189c410fe0 DEOPT UNPACKING pc=0x000001188fd41702 sp=0x00000014b6ffde88 mode 0
Event: 104.246 Thread 0x000001189c410fe0 DEOPT PACKING pc=0x0000011888d413f0 sp=0x00000014b6ffea10
Event: 104.246 Thread 0x000001189c410fe0 DEOPT UNPACKING pc=0x000001188fd41702 sp=0x00000014b6ffde88 mode 0

Classes loaded (20 events):
Event: 96.564 Loading class javax/swing/text/GlyphView$GlyphPainter done
Event: 96.564 Loading class javax/swing/text/GlyphPainter1 done
Event: 96.566 Loading class javax/swing/text/ParagraphView$Row
Event: 96.566 Loading class javax/swing/text/ParagraphView$Row done
Event: 96.568 Loading class javax/swing/text/WhitespaceBasedBreakIterator
Event: 96.568 Loading class java/text/BreakIterator
Event: 96.568 Loading class java/text/BreakIterator done
Event: 96.568 Loading class javax/swing/text/WhitespaceBasedBreakIterator done
Event: 96.579 Loading class javax/swing/text/ComponentView
Event: 96.579 Loading class javax/swing/text/ComponentView done
Event: 96.582 Loading class javax/swing/JDialog
Event: 96.583 Loading class javax/swing/JDialog done
Event: 96.595 Loading class sun/awt/windows/WDialogPeer
Event: 96.595 Loading class java/awt/peer/DialogPeer
Event: 96.595 Loading class java/awt/peer/DialogPeer done
Event: 96.595 Loading class sun/awt/windows/WDialogPeer done
Event: 98.424 Loading class java/awt/Window$1DisposeAction
Event: 98.425 Loading class java/awt/Window$1DisposeAction done
Event: 98.425 Loading class sun/awt/SunToolkit$1
Event: 98.425 Loading class sun/awt/SunToolkit$1 done

Classes unloaded (0 events):
No events

Classes redefined (0 events):
No events

Internal exceptions (20 events):
Event: 8.070 Thread 0x000001189c410fe0 Exception <a 'java/lang/NoSuchMethodError'{0x000000008b0438f8}: 'void java.lang.invoke.DirectMethodHandle$Holder.invokeStatic(java.lang.Object, java.lang.Object, java.lang.Object)'> (0x000000008b0438f8) 
thrown [s\open\src\hotspot\share\interpreter\linkResolver.cpp, line 804]
Event: 8.097 Thread 0x000001189c410fe0 Exception <a 'java/lang/NoSuchMethodError'{0x000000008b053290}: 'void java.lang.invoke.DirectMethodHandle$Holder.invokeStatic(java.lang.Object, java.lang.Object)'> (0x000000008b053290) 
thrown [s\open\src\hotspot\share\interpreter\linkResolver.cpp, line 804]
Event: 8.360 Thread 0x000001189c28b2c0 Exception <a 'java/lang/NoSuchMethodError'{0x000000008bc0fce0}: 'void java.lang.invoke.DirectMethodHandle$Holder.invokeVirtual(java.lang.Object, java.lang.Object)'> (0x000000008bc0fce0) 
thrown [s\open\src\hotspot\share\interpreter\linkResolver.cpp, line 804]
Event: 8.730 Thread 0x000001189c410fe0 Exception <a 'java/lang/NoSuchMethodError'{0x000000008b097d10}: 'void java.lang.invoke.DirectMethodHandle$Holder.invokeStaticInit(java.lang.Object)'> (0x000000008b097d10) 
thrown [s\open\src\hotspot\share\interpreter\linkResolver.cpp, line 804]
Event: 9.599 Thread 0x000001189c410fe0 Exception <a 'java/lang/NoSuchMethodError'{0x000000008b0f2450}: 'void java.lang.invoke.DelegatingMethodHandle$Holder.reinvoke_L(java.lang.Object, java.lang.Object, java.lang.Object, long, float)'> (0x000000008b0f2450) 
thrown [s\open\src\hotspot\share\interpreter\linkResolver.cpp, line 804]
Event: 19.230 Thread 0x000001189c410fe0 Implicit null exception at 0x00000118902f0901 to 0x00000118902f0eb0
Event: 19.230 Thread 0x000001189c410fe0 Implicit null exception at 0x00000118902ef7ff to 0x00000118902efeb0
Event: 19.230 Thread 0x000001189c410fe0 Implicit null exception at 0x00000118902f0901 to 0x00000118902f0eb0
Event: 19.231 Thread 0x000001189c410fe0 Implicit null exception at 0x00000118902ef7ff to 0x00000118902efeb0
Event: 19.231 Thread 0x000001189c410fe0 Implicit null exception at 0x00000118902f0901 to 0x00000118902f0eb0
Event: 93.660 Thread 0x000001189c685640 Exception <a 'java/lang/NoSuchMethodError'{0x0000000089904cf0}: 'void java.lang.invoke.DelegatingMethodHandle$Holder.reinvoke_L(java.lang.Object, java.lang.Object, int)'> (0x0000000089904cf0) 
thrown [s\open\src\hotspot\share\interpreter\linkResolver.cpp, line 804]
Event: 93.661 Thread 0x000001189c685640 Exception <a 'java/lang/NoSuchMethodError'{0x00000000899150f8}: 'int java.lang.invoke.Invokers$Holder.invokeExact_MT(java.lang.Object, java.lang.Object, java.lang.Object)'> (0x00000000899150f8) 
thrown [s\open\src\hotspot\share\interpreter\linkResolver.cpp, line 804]
Event: 93.726 Thread 0x000001189c685640 Exception <a 'java/lang/NoSuchMethodError'{0x000000008955cb50}: 'java.lang.Object java.lang.invoke.DirectMethodHandle$Holder.newInvokeSpecial(java.lang.Object, java.lang.Object, java.lang.Object, java.lang.Object, int)'> (0x000000008955cb50) 
thrown [s\open\src\hotspot\share\interpreter\linkResolver.cpp, line 804]
Event: 93.731 Thread 0x000001189c685640 Exception <a 'java/lang/NoClassDefFoundError'{0x00000000895b15f8}: com/sun/jna/Platform> (0x00000000895b15f8) 
thrown [s\open\src\hotspot\share\classfile\systemDictionary.cpp, line 316]
Event: 93.731 Thread 0x000001189c685640 Exception <a 'java/lang/NoSuchMethodError'{0x00000000895b3588}: 'java.lang.Object java.lang.invoke.DirectMethodHandle$Holder.invokeStaticInit(java.lang.Object, java.lang.Object, java.lang.Object)'> (0x00000000895b3588) 
thrown [s\open\src\hotspot\share\interpreter\linkResolver.cpp, line 804]
Event: 96.420 Thread 0x000001189c685640 Exception <a 'java/lang/NoSuchMethodError'{0x000000008bf59c48}: 'java.lang.Object java.lang.invoke.DirectMethodHandle$Holder.newInvokeSpecial(java.lang.Object, java.lang.Object, java.lang.Object, java.lang.Object, java.lang.Object, java.lang.Object, java.lang.Object, java.lang.Object, java.lang.Object)'> (0x000000008bf59c48) 
thrown [s\open\src\hotspot\share\interpreter\linkResolver.cpp, line 804]
Event: 96.440 Thread 0x000001189c410fe0 Exception <a 'java/lang/NoSuchMethodError'{0x000000008bff8650}: 'java.lang.Object java.lang.invoke.DirectMethodHandle$Holder.invokeStaticInit(java.lang.Object, int, int, int, int)'> (0x000000008bff8650) 
thrown [s\open\src\hotspot\share\interpreter\linkResolver.cpp, line 804]
Event: 96.452 Thread 0x000001189c410fe0 Exception <a 'java/lang/NoSuchMethodError'{0x000000008be95710}: 'java.lang.Object java.lang.invoke.DirectMethodHandle$Holder.invokeStaticInit(java.lang.Object, java.lang.Object, int, int, int, int)'> (0x000000008be95710) 
thrown [s\open\src\hotspot\share\interpreter\linkResolver.cpp, line 804]
Event: 96.566 Thread 0x000001189c410fe0 Implicit null exception at 0x000001189034c0b9 to 0x000001189034c1fc
Event: 104.239 Thread 0x000001189c410fe0 Implicit null exception at 0x00000118903894db to 0x0000011890389660

VM Operations (20 events):
Event: 93.618 Executing non-safepoint VM operation: HandshakeAllThreads (Deoptimize)
Event: 93.618 Executing non-safepoint VM operation: HandshakeAllThreads (Deoptimize) done
Event: 93.663 Executing non-safepoint VM operation: HandshakeAllThreads (Deoptimize)
Event: 93.663 Executing non-safepoint VM operation: HandshakeAllThreads (Deoptimize) done
Event: 93.733 Executing non-safepoint VM operation: HandshakeAllThreads (Deoptimize)
Event: 93.733 Executing non-safepoint VM operation: HandshakeAllThreads (Deoptimize) done
Event: 93.734 Executing non-safepoint VM operation: HandshakeAllThreads (Deoptimize)
Event: 93.734 Executing non-safepoint VM operation: HandshakeAllThreads (Deoptimize) done
Event: 94.164 Executing non-safepoint VM operation: HandshakeAllThreads (Deoptimize)
Event: 94.164 Executing non-safepoint VM operation: HandshakeAllThreads (Deoptimize) done
Event: 96.243 Executing safepoint VM operation: G1CollectForAllocation (G1 Evacuation Pause)
Event: 96.256 Executing safepoint VM operation: G1CollectForAllocation (G1 Evacuation Pause) done
Event: 96.438 Executing non-safepoint VM operation: HandshakeAllThreads (Deoptimize)
Event: 96.438 Executing non-safepoint VM operation: HandshakeAllThreads (Deoptimize) done
Event: 96.584 Executing non-safepoint VM operation: HandshakeAllThreads (Deoptimize)
Event: 96.584 Executing non-safepoint VM operation: HandshakeAllThreads (Deoptimize) done
Event: 120.334 Executing non-safepoint VM operation: HandshakeAllThreads (HandshakeForDeflation)
Event: 120.334 Executing non-safepoint VM operation: HandshakeAllThreads (HandshakeForDeflation) done
Event: 120.334 Executing non-safepoint VM operation: RendezvousGCThreads
Event: 120.334 Executing non-safepoint VM operation: RendezvousGCThreads done

Memory protections (0 events):
No events

Nmethod flushes (0 events):
No events

Events (20 events):
Event: 2.376 Thread 0x00000118f6f32d60 Thread added: 0x000001189c40e810
Event: 2.379 Thread 0x00000118f6f32d60 Thread added: 0x000001189c410fe0
Event: 2.381 Thread 0x00000118f6f32d60 Thread exited: 0x00000118f6f32d60
Event: 2.382 Thread 0x00000118f6f32d60 Thread added: 0x00000118f6f32d60
Event: 10.135 Thread 0x000001189c410fe0 Thread added: 0x0000011897932270
Event: 24.963 Thread 0x00000118fec8a6b0 Thread added: 0x0000011897a6caf0
Event: 25.601 Thread 0x0000011897a6caf0 Thread exited: 0x0000011897a6caf0
Event: 91.911 Thread 0x000001189c410fe0 Thread added: 0x000001189c685640
Event: 94.176 Thread 0x00000118fec8a6b0 Thread added: 0x000001189c0ca5c0
Event: 94.361 Thread 0x000001189c0ca5c0 Thread exited: 0x000001189c0ca5c0
Event: 96.041 Thread 0x00000118fec8a6b0 Thread added: 0x000001189c0b5410
Event: 96.227 Thread 0x000001189c0b5410 Thread exited: 0x000001189c0b5410
Event: 96.525 Thread 0x00000118fec843b0 Thread added: 0x000001189e7e7f30
Event: 96.525 Thread 0x00000118fec843b0 Thread added: 0x000001189e7ebfb0
Event: 98.425 Thread 0x000001189e7ebfb0 Thread exited: 0x000001189e7ebfb0
Event: 98.426 Thread 0x000001189e7e7f30 Thread exited: 0x000001189e7e7f30
Event: 104.252 Thread 0x00000118fec8a6b0 Thread added: 0x000001189e7e9f70
Event: 104.252 Thread 0x00000118fec8a6b0 Thread added: 0x000001189e7e7f30
Event: 106.233 Thread 0x000001189e7e7f30 Thread exited: 0x000001189e7e7f30
Event: 106.234 Thread 0x000001189e7e9f70 Thread exited: 0x000001189e7e9f70


Dynamic libraries:
0x00007ff67be00000 - 0x00007ff67be10000 	C:\Program Files\Java\jdk-25\bin\java.exe
0x00007fffb85c0000 - 0x00007fffb8827000 	C:\Windows\SYSTEM32\ntdll.dll
0x00007fffb6d30000 - 0x00007fffb6df9000 	C:\Windows\System32\KERNEL32.DLL
0x00007fffb5f60000 - 0x00007fffb634f000 	C:\Windows\System32\KERNELBASE.dll
0x00007fffb5b30000 - 0x00007fffb5c7b000 	C:\Windows\System32\ucrtbase.dll
0x00007fffa25d0000 - 0x00007fffa25e7000 	C:\Program Files\Java\jdk-25\bin\jli.dll
0x00007fff9a4a0000 - 0x00007fff9a4be000 	C:\Program Files\Java\jdk-25\bin\VCRUNTIME140.dll
0x00007fff90180000 - 0x00007fff90413000 	C:\Windows\WinSxS\amd64_microsoft.windows.common-controls_6595b64144ccf1df_6.0.26100.7309_none_3e05feeae336a044\COMCTL32.dll
0x00007fffb6e00000 - 0x00007fffb6fc5000 	C:\Windows\System32\USER32.dll
0x00007fffb8320000 - 0x00007fffb83c9000 	C:\Windows\System32\msvcrt.dll
0x00007fffb5dc0000 - 0x00007fffb5de7000 	C:\Windows\System32\win32u.dll
0x00007fffb6a80000 - 0x00007fffb6aab000 	C:\Windows\System32\GDI32.dll
0x00007fffb5890000 - 0x00007fffb59bc000 	C:\Windows\System32\gdi32full.dll
0x00007fffb5df0000 - 0x00007fffb5e93000 	C:\Windows\System32\msvcp_win.dll
0x00007fffb6a40000 - 0x00007fffb6a71000 	C:\Windows\System32\IMM32.DLL
0x00007fffac5f0000 - 0x00007fffac5fc000 	C:\Program Files\Java\jdk-25\bin\vcruntime140_1.dll
0x00007fff89b00000 - 0x00007fff89b8d000 	C:\Program Files\Java\jdk-25\bin\msvcp140.dll
0x00007ffee45e0000 - 0x00007ffee543f000 	C:\Program Files\Java\jdk-25\bin\server\jvm.dll
0x00007fffb7bf0000 - 0x00007fffb7ca4000 	C:\Windows\System32\ADVAPI32.dll
0x00007fffb6b80000 - 0x00007fffb6c26000 	C:\Windows\System32\sechost.dll
0x00007fffb6fd0000 - 0x00007fffb70e8000 	C:\Windows\System32\RPCRT4.dll
0x00007fffb7f10000 - 0x00007fffb7f84000 	C:\Windows\System32\WS2_32.dll
0x00007fffb5570000 - 0x00007fffb55ce000 	C:\Windows\SYSTEM32\POWRPROF.dll
0x00007fff96220000 - 0x00007fff9622b000 	C:\Windows\SYSTEM32\VERSION.dll
0x00007fffad780000 - 0x00007fffad7b5000 	C:\Windows\SYSTEM32\WINMM.dll
0x00007fffb5550000 - 0x00007fffb5564000 	C:\Windows\SYSTEM32\UMPDC.dll
0x00007fffb43e0000 - 0x00007fffb43fb000 	C:\Windows\SYSTEM32\kernel.appcore.dll
0x00007fffa2710000 - 0x00007fffa271a000 	C:\Program Files\Java\jdk-25\bin\jimage.dll
0x00007fffb2af0000 - 0x00007fffb2d32000 	C:\Windows\SYSTEM32\DBGHELP.DLL
0x00007fffb7f90000 - 0x00007fffb8315000 	C:\Windows\System32\combase.dll
0x00007fffb71c0000 - 0x00007fffb7296000 	C:\Windows\System32\OLEAUT32.dll
0x00007fff8d5c0000 - 0x00007fff8d5fc000 	C:\Windows\SYSTEM32\dbgcore.DLL
0x00007fffb5d10000 - 0x00007fffb5db5000 	C:\Windows\System32\bcryptPrimitives.dll
0x00007fff989b0000 - 0x00007fff989cf000 	C:\Program Files\Java\jdk-25\bin\java.dll
0x00007fffb83e0000 - 0x00007fffb8577000 	C:\Windows\System32\ole32.dll
0x00007fffb7400000 - 0x00007fffb7b53000 	C:\Windows\System32\SHELL32.dll
0x00007fffb59c0000 - 0x00007fffb5b2a000 	C:\Windows\System32\wintypes.dll
0x00007fffb30d0000 - 0x00007fffb392e000 	C:\Windows\SYSTEM32\windows.storage.dll
0x00007fffb72a0000 - 0x00007fffb7395000 	C:\Windows\System32\SHCORE.dll
0x00007fffb7e90000 - 0x00007fffb7ef6000 	C:\Windows\System32\shlwapi.dll
0x00007fffb5630000 - 0x00007fffb5659000 	C:\Windows\SYSTEM32\profapi.dll
0x00007fff98290000 - 0x00007fff982a2000 	C:\Program Files\Java\jdk-25\bin\net.dll
0x00007fffb49d0000 - 0x00007fffb4a3b000 	C:\Windows\system32\mswsock.dll
0x00007fff97fa0000 - 0x00007fff97fb6000 	C:\Program Files\Java\jdk-25\bin\nio.dll
0x00007fff8dd20000 - 0x00007fff8dd37000 	C:\Program Files\Java\jdk-25\bin\zip.dll
0x00007fff890d0000 - 0x00007fff89254000 	C:\Program Files\Java\jdk-25\bin\awt.dll
0x00007fffb1e80000 - 0x00007fffb1f1f000 	C:\Windows\SYSTEM32\apphelp.dll
0x00007fffb2260000 - 0x00007fffb230b000 	C:\Windows\system32\uxtheme.dll
0x00007fffb6420000 - 0x00007fffb657e000 	C:\Windows\System32\MSCTF.dll
0x00007fffb2520000 - 0x00007fffb2550000 	C:\Windows\system32\DWMAPI.DLL
0x00007fff88fa0000 - 0x00007fff89027000 	C:\Program Files\Java\jdk-25\bin\freetype.dll
0x00007fff885e0000 - 0x00007fff886ce000 	C:\Program Files\Java\jdk-25\bin\fontmanager.dll
0x00007fff88460000 - 0x00007fff88570000 	C:\Windows\system32\opengl32.dll
0x00007fff8a4f0000 - 0x00007fff8a51d000 	C:\Windows\SYSTEM32\GLU32.dll
0x00007fffb24b0000 - 0x00007fffb24f4000 	C:\Windows\SYSTEM32\dxcore.dll
0x00007fffa1b80000 - 0x00007fffa1b90000 	C:\Program Files\Java\jdk-25\bin\verify.dll
0x00007fffb6360000 - 0x00007fffb6410000 	C:\Windows\System32\clbcatq.dll
0x00007fffb07c0000 - 0x00007fffb09f0000 	C:\Windows\SYSTEM32\WindowsCodecs.dll
0x00007fff9a910000 - 0x00007fff9a96a000 	C:\Windows\system32\dataexchange.dll
0x00007fffad110000 - 0x00007fffad354000 	C:\Windows\system32\twinapi.appcore.dll
0x00007fff7cd60000 - 0x00007fff7cea8000 	C:\Windows\SYSTEM32\textinputframework.dll
0x00007fff8df90000 - 0x00007fff8e009000 	C:\Windows\system32\Oleacc.dll
0x00007fffb1bd0000 - 0x00007fffb1cf7000 	C:\Windows\SYSTEM32\CoreMessaging.dll
0x00007fffaf310000 - 0x00007fffaf5f2000 	C:\Windows\SYSTEM32\CoreUIComponents.dll
0x00007fffb4c20000 - 0x00007fffb4c2c000 	C:\Windows\SYSTEM32\CRYPTBASE.DLL
0x0000000180000000 - 0x000000018000b000 	C:\Windows\System32\jnisgfplib.dll
0x00007fff89db0000 - 0x00007fff89dec000 	C:\Windows\SYSTEM32\sgfplib.dll
0x00007fffb65a0000 - 0x00007fffb6a2a000 	C:\Windows\System32\SETUPAPI.dll
0x00007fff8a480000 - 0x00007fff8a498000 	C:\Windows\SYSTEM32\sgwsqlib.dll
0x0000000000df0000 - 0x0000000000e93000 	C:\Windows\WinSxS\amd64_microsoft.vc90.crt_1fc8b3b9a1e18e3b_9.0.30729.9635_none_08e2c157a83ed5da\MSVCR90.dll
0x00007fffa0e70000 - 0x00007fffa0e79000 	C:\Program Files\Java\jdk-25\bin\extnet.dll
0x00007fffb4dc0000 - 0x00007fffb4ddb000 	C:\Windows\SYSTEM32\CRYPTSP.dll
0x00007fffb4400000 - 0x00007fffb443a000 	C:\Windows\system32\rsaenh.dll
0x00007fffb4a80000 - 0x00007fffb4aab000 	C:\Windows\SYSTEM32\USERENV.dll
0x00007fffb5600000 - 0x00007fffb562a000 	C:\Windows\SYSTEM32\bcrypt.dll
0x00007fffb3dc0000 - 0x00007fffb3df4000 	C:\Windows\SYSTEM32\IPHLPAPI.DLL
0x00007fffb83d0000 - 0x00007fffb83da000 	C:\Windows\System32\NSI.dll
0x0000000070e00000 - 0x0000000070eff000 	C:\Users\daeldrn\AppData\Local\Temp\webp-imageio-unknown-0bba4da4-bc53-48be-9714-08ea2f318303-webp-imageio.dll

JVMTI agents: none

dbghelp: loaded successfully - version: 4.0.5 - missing functions: none
symbol engine: initialized successfully - sym options: 0x614 - pdb path: .;C:\Program Files\Java\jdk-25\bin;C:\Windows\SYSTEM32;C:\Windows\WinSxS\amd64_microsoft.windows.common-controls_6595b64144ccf1df_6.0.26100.7309_none_3e05feeae336a044;C:\Program Files\Java\jdk-25\bin\server;C:\Windows\WinSxS\amd64_microsoft.vc90.crt_1fc8b3b9a1e18e3b_9.0.30729.9635_none_08e2c157a83ed5da;C:\Users\daeldrn\AppData\Local\Temp

VM Arguments:
java_command: netbeans_sample\dist\FDxSDKPro.jar
java_class_path (initial): netbeans_sample\dist\FDxSDKPro.jar
Launcher Type: SUN_STANDARD

[Global flags]
     intx CICompilerCount                          = 4                                         {product} {ergonomic}
     uint ConcGCThreads                            = 3                                         {product} {ergonomic}
     uint G1ConcRefinementThreads                  = 10                                        {product} {ergonomic}
   size_t G1HeapRegionSize                         = 1048576                                   {product} {ergonomic}
   size_t InitialHeapSize                          = 130023424                                 {product} {ergonomic}
   size_t MarkStackSize                            = 4194304                                   {product} {ergonomic}
   size_t MarkStackSizeMax                         = 536870912                                 {product} {ergonomic}
   size_t MaxHeapSize                              = 2076180480                                {product} {ergonomic}
   size_t MaxNewSize                               = 1245708288                                {product} {ergonomic}
   size_t MinHeapDeltaBytes                        = 1048576                                   {product} {ergonomic}
   size_t MinHeapSize                              = 8388608                                   {product} {ergonomic}
    uintx NonNMethodCodeHeapSize                   = 5832704                                {pd product} {ergonomic}
    uintx NonProfiledCodeHeapSize                  = 122945536                              {pd product} {ergonomic}
    uintx ProfiledCodeHeapSize                     = 122880000                              {pd product} {ergonomic}
    uintx ReservedCodeCacheSize                    = 251658240                              {pd product} {ergonomic}
     bool SegmentedCodeCache                       = true                                      {product} {ergonomic}
   size_t SoftMaxHeapSize                          = 2076180480                             {manageable} {ergonomic}
     bool UseCompressedOops                        = true                           {product lp64_product} {ergonomic}
     bool UseG1GC                                  = true                                      {product} {ergonomic}
     bool UseLargePagesIndividualAllocation        = false                                  {pd product} {ergonomic}

Logging:
Log output configuration:
 #0: stdout all=warning uptime,level,tags foldmultilines=false
 #1: stderr all=off uptime,level,tags foldmultilines=false

Release file:
IMPLEMENTOR="Oracle Corporation" 
JAVA_RUNTIME_VERSION="25+37-LTS-3491" 
JAVA_VERSION="25" 
JAVA_VERSION_DATE="2025-09-16" 
LIBC="default" 
MODULES="java.base java.compiler java.datatransfer java.xml java.prefs java.desktop java.instrument java.logging java.management java.security.sasl java.naming java.rmi java.management.rmi java.net.http java.scripting java.security.jgss java.transaction.xa java.sql java.sql.rowset java.xml.crypto java.se java.smartcardio jdk.accessibility jdk.internal.jvmstat jdk.attach jdk.charsets jdk.internal.opt jdk.zipfs jdk.compiler jdk.crypto.cryptoki jdk.crypto.ec jdk.crypto.mscapi jdk.dynalink jdk.internal.ed jdk.editpad jdk.internal.vm.ci jdk.graal.compiler jdk.graal.compiler.management jdk.hotspot.agent jdk.httpserver jdk.incubator.vector jdk.internal.le jdk.internal.md jdk.jartool jdk.javadoc jdk.jcmd jdk.management jdk.management.agent jdk.jconsole jdk.jdeps jdk.jdwp.agent jdk.jdi jdk.jfr jdk.jlink jdk.jpackage jdk.jshell jdk.jsobject jdk.jstatd jdk.localedata jdk.management.jfr jdk.naming.dns jdk.naming.rmi jdk.net jdk.nio.mapmode jdk.sctp jdk.security.auth jdk.security.jgss jdk.unsupported jdk.unsupported.desktop jdk.xml.dom" 
OS_ARCH="x86_64" 
OS_NAME="Windows" 
SOURCE=".:git:49d6a23b8806 open:git:6c48f4ed707b" 

Environment Variables:
JAVA_HOME=C:\Program Files\Java\jdk-25
PATH=C:\Program Files\Common Files\Oracle\Java\javapath;C:\Program Files (x86)\Common Files\Oracle\Java\java8path;C:\Program Files (x86)\Common Files\Oracle\Java\javapath;C:\Python313\Scripts\;C:\Python313\;C:\Windows\system32;C:\Windows;C:\Windows\System32\Wbem;C:\Windows\System32\WindowsPowerShell\v1.0\;C:\Windows\System32\OpenSSH\;C:\ProgramData\chocolatey\bin;C:\xampp\php;C:\composer;C:\Program Files\Git\cmd;C:\Program Files\Docker\Docker\resources\bin;C:\Program Files\nodejs\;C:\Program Files\Cloudflare\Cloudflare WARP\;C:\Users\daeldrn\Documents\apache-ant-1.10.15-bin\apache-ant-1.10.15\bin;C:\Program Files\Java\jdk-25\bin;C:\Users\daeldrn\AppData\Local\Microsoft\WindowsApps;C:\Users\daeldrn\AppData\Local\Programs\Microsoft VS Code\bin;C:\Users\daeldrn\AppData\Roaming\npm;C:\Users\daeldrn\AppData\Local\Programs\Windsurf\bin;C:\Users\daeldrn\AppData\Local\Programs\cursor\resources\app\bin
USERNAME=daeldrn
LANG=en_US.UTF-8
OS=Windows_NT
PROCESSOR_IDENTIFIER=Intel64 Family 6 Model 154 Stepping 4, GenuineIntel
TMP=C:\Users\daeldrn\AppData\Local\Temp
TEMP=C:\Users\daeldrn\AppData\Local\Temp




Compilation memory statistics disabled.

Periodic native trim disabled

---------------  S Y S T E M  ---------------

OS:
 Windows 11 , 64 bit Build 26100 (10.0.26100.7309)
OS uptime: 29 days 15:42 hours
Hyper-V role detected

CPU: total 12 (initial active 12) (6 cores per cpu, 2 threads per core) family 6 model 154 stepping 4 microcode 0x435, cx8, cmov, fxsr, ht, mmx, 3dnowpref, sse, sse2, sse3, ssse3, sse4.1, sse4.2, popcnt, lzcnt, tsc, tscinvbit, avx, avx2, aes, erms, clmul, bmi1, bmi2, adx, sha, fma, vzeroupper, clflush, clflushopt, clwb, hv, serialize, rdtscp, rdpid, fsrm, gfni, f16c, cet_ibt, cet_ss
Processor Information for processor 0
  Max Mhz: 1300, Current Mhz: 1300, Mhz Limit: 1300
Processor Information for processor 1
  Max Mhz: 1300, Current Mhz: 1300, Mhz Limit: 1300
Processor Information for processor 2
  Max Mhz: 1300, Current Mhz: 1300, Mhz Limit: 1300
Processor Information for processor 3
  Max Mhz: 1300, Current Mhz: 1300, Mhz Limit: 1300
Processor Information for processor 4
  Max Mhz: 900, Current Mhz: 900, Mhz Limit: 900
Processor Information for processor 5
  Max Mhz: 900, Current Mhz: 900, Mhz Limit: 900
Processor Information for processor 6
  Max Mhz: 900, Current Mhz: 900, Mhz Limit: 900
Processor Information for processor 7
  Max Mhz: 900, Current Mhz: 900, Mhz Limit: 900
Processor Information for processor 8
  Max Mhz: 900, Current Mhz: 900, Mhz Limit: 900
Processor Information for processor 9
  Max Mhz: 900, Current Mhz: 900, Mhz Limit: 900
Processor Information for processor 10
  Max Mhz: 900, Current Mhz: 900, Mhz Limit: 900
Processor Information for processor 11
  Max Mhz: 900, Current Mhz: 900, Mhz Limit: 900

Memory: 4k page, system-wide physical 7916M (940M free)
TotalPageFile size 21745M (AvailPageFile size 2592M)
current process WorkingSet (physical memory assigned to process): 135M, peak: 159M
current process commit charge ("private bytes"): 254M, peak: 263M

vm_info: Java HotSpot(TM) 64-Bit Server VM (25+37-LTS-3491) for windows-amd64 JRE (25+37-LTS-3491), built on 2025-08-14T21:13:00Z with unknown MS VC++:1943

END.
